Archive member included to satisfy reference by file (symbol)

C:/ST/STM32CubeCLT_1.15.1/GNU-tools-for-STM32/bin/../lib/gcc/arm-none-eabi/12.3.1/../../../../arm-none-eabi/lib/thumb/v8-m.main+fp/hard\libc_nano.a(libc_a-exit.o)
                              C:/ST/STM32CubeCLT_1.15.1/GNU-tools-for-STM32/bin/../lib/gcc/arm-none-eabi/12.3.1/../../../../arm-none-eabi/lib/thumb/v8-m.main+fp/hard/crt0.o (exit)
C:/ST/STM32CubeCLT_1.15.1/GNU-tools-for-STM32/bin/../lib/gcc/arm-none-eabi/12.3.1/../../../../arm-none-eabi/lib/thumb/v8-m.main+fp/hard\libc_nano.a(libc_a-findfp.o)
                              C:/ST/STM32CubeCLT_1.15.1/GNU-tools-for-STM32/bin/../lib/gcc/arm-none-eabi/12.3.1/../../../../arm-none-eabi/lib/thumb/v8-m.main+fp/hard\libc_nano.a(libc_a-exit.o) (__stdio_exit_handler)
C:/ST/STM32CubeCLT_1.15.1/GNU-tools-for-STM32/bin/../lib/gcc/arm-none-eabi/12.3.1/../../../../arm-none-eabi/lib/thumb/v8-m.main+fp/hard\libc_nano.a(libc_a-fwalk.o)
                              C:/ST/STM32CubeCLT_1.15.1/GNU-tools-for-STM32/bin/../lib/gcc/arm-none-eabi/12.3.1/../../../../arm-none-eabi/lib/thumb/v8-m.main+fp/hard\libc_nano.a(libc_a-findfp.o) (_fwalk_sglue)
C:/ST/STM32CubeCLT_1.15.1/GNU-tools-for-STM32/bin/../lib/gcc/arm-none-eabi/12.3.1/../../../../arm-none-eabi/lib/thumb/v8-m.main+fp/hard\libc_nano.a(libc_a-stdio.o)
                              C:/ST/STM32CubeCLT_1.15.1/GNU-tools-for-STM32/bin/../lib/gcc/arm-none-eabi/12.3.1/../../../../arm-none-eabi/lib/thumb/v8-m.main+fp/hard\libc_nano.a(libc_a-findfp.o) (__sread)
C:/ST/STM32CubeCLT_1.15.1/GNU-tools-for-STM32/bin/../lib/gcc/arm-none-eabi/12.3.1/../../../../arm-none-eabi/lib/thumb/v8-m.main+fp/hard\libc_nano.a(libc_a-memset.o)
                              C:/ST/STM32CubeCLT_1.15.1/GNU-tools-for-STM32/bin/../lib/gcc/arm-none-eabi/12.3.1/../../../../arm-none-eabi/lib/thumb/v8-m.main+fp/hard/crt0.o (memset)
C:/ST/STM32CubeCLT_1.15.1/GNU-tools-for-STM32/bin/../lib/gcc/arm-none-eabi/12.3.1/../../../../arm-none-eabi/lib/thumb/v8-m.main+fp/hard\libc_nano.a(libc_a-closer.o)
                              C:/ST/STM32CubeCLT_1.15.1/GNU-tools-for-STM32/bin/../lib/gcc/arm-none-eabi/12.3.1/../../../../arm-none-eabi/lib/thumb/v8-m.main+fp/hard\libc_nano.a(libc_a-stdio.o) (_close_r)
C:/ST/STM32CubeCLT_1.15.1/GNU-tools-for-STM32/bin/../lib/gcc/arm-none-eabi/12.3.1/../../../../arm-none-eabi/lib/thumb/v8-m.main+fp/hard\libc_nano.a(libc_a-reent.o)
                              C:/ST/STM32CubeCLT_1.15.1/GNU-tools-for-STM32/bin/../lib/gcc/arm-none-eabi/12.3.1/../../../../arm-none-eabi/lib/thumb/v8-m.main+fp/hard\libc_nano.a(libc_a-closer.o) (errno)
C:/ST/STM32CubeCLT_1.15.1/GNU-tools-for-STM32/bin/../lib/gcc/arm-none-eabi/12.3.1/../../../../arm-none-eabi/lib/thumb/v8-m.main+fp/hard\libc_nano.a(libc_a-impure.o)
                              C:/ST/STM32CubeCLT_1.15.1/GNU-tools-for-STM32/bin/../lib/gcc/arm-none-eabi/12.3.1/../../../../arm-none-eabi/lib/thumb/v8-m.main+fp/hard\libc_nano.a(libc_a-reent.o) (_impure_ptr)
C:/ST/STM32CubeCLT_1.15.1/GNU-tools-for-STM32/bin/../lib/gcc/arm-none-eabi/12.3.1/../../../../arm-none-eabi/lib/thumb/v8-m.main+fp/hard\libc_nano.a(libc_a-lseekr.o)
                              C:/ST/STM32CubeCLT_1.15.1/GNU-tools-for-STM32/bin/../lib/gcc/arm-none-eabi/12.3.1/../../../../arm-none-eabi/lib/thumb/v8-m.main+fp/hard\libc_nano.a(libc_a-stdio.o) (_lseek_r)
C:/ST/STM32CubeCLT_1.15.1/GNU-tools-for-STM32/bin/../lib/gcc/arm-none-eabi/12.3.1/../../../../arm-none-eabi/lib/thumb/v8-m.main+fp/hard\libc_nano.a(libc_a-readr.o)
                              C:/ST/STM32CubeCLT_1.15.1/GNU-tools-for-STM32/bin/../lib/gcc/arm-none-eabi/12.3.1/../../../../arm-none-eabi/lib/thumb/v8-m.main+fp/hard\libc_nano.a(libc_a-stdio.o) (_read_r)
C:/ST/STM32CubeCLT_1.15.1/GNU-tools-for-STM32/bin/../lib/gcc/arm-none-eabi/12.3.1/../../../../arm-none-eabi/lib/thumb/v8-m.main+fp/hard\libc_nano.a(libc_a-writer.o)
                              C:/ST/STM32CubeCLT_1.15.1/GNU-tools-for-STM32/bin/../lib/gcc/arm-none-eabi/12.3.1/../../../../arm-none-eabi/lib/thumb/v8-m.main+fp/hard\libc_nano.a(libc_a-stdio.o) (_write_r)
C:/ST/STM32CubeCLT_1.15.1/GNU-tools-for-STM32/bin/../lib/gcc/arm-none-eabi/12.3.1/../../../../arm-none-eabi/lib/thumb/v8-m.main+fp/hard\libc_nano.a(libc_a-init.o)
                              C:/ST/STM32CubeCLT_1.15.1/GNU-tools-for-STM32/bin/../lib/gcc/arm-none-eabi/12.3.1/../../../../arm-none-eabi/lib/thumb/v8-m.main+fp/hard/crt0.o (__libc_init_array)
C:/ST/STM32CubeCLT_1.15.1/GNU-tools-for-STM32/bin/../lib/gcc/arm-none-eabi/12.3.1/../../../../arm-none-eabi/lib/thumb/v8-m.main+fp/hard\libc_nano.a(libc_a-lock.o)
                              C:/ST/STM32CubeCLT_1.15.1/GNU-tools-for-STM32/bin/../lib/gcc/arm-none-eabi/12.3.1/../../../../arm-none-eabi/lib/thumb/v8-m.main+fp/hard\libc_nano.a(libc_a-findfp.o) (__retarget_lock_init_recursive)
[...]
Memory Configuration

Name             Origin             Length             Attributes
RAM              0x20000000         0x000c0000         xrw
ROM              0x08000000         0x00200000         xr
SRAM4            0x28000000         0x00004000         xrw
*default*        0x00000000         0xffffffff

Linker script and memory map

LOAD C:/ST/STM32CubeCLT_1.15.1/GNU-tools-for-STM32/bin/../lib/gcc/arm-none-eabi/12.3.1/thumb/v8-m.main+fp/hard/crti.o
LOAD C:/ST/STM32CubeCLT_1.15.1/GNU-tools-for-STM32/bin/../lib/gcc/arm-none-eabi/12.3.1/thumb/v8-m.main+fp/hard/crtbegin.o
LOAD C:/ST/STM32CubeCLT_1.15.1/GNU-tools-for-STM32/bin/../lib/gcc/arm-none-eabi/12.3.1/../../../../arm-none-eabi/lib/thumb/v8-m.main+fp/hard/crt0.o
START GROUP
LOAD C:/ST/STM32CubeCLT_1.15.1/GNU-tools-for-STM32/bin/../lib/gcc/arm-none-eabi/12.3.1/../../../../arm-none-eabi/lib/thumb/v8-m.main+fp/hard\libc_nano.a
LOAD C:/ST/STM32CubeCLT_1.15.1/GNU-tools-for-STM32/bin/../lib/gcc/arm-none-eabi/12.3.1/../../../../arm-none-eabi/lib/thumb/v8-m.main+fp/hard\libm.a
END GROUP
LOAD CMakeFiles/peepshow_hw5_fw0.dir/Core/Src/ADP5360.c.obj
LOAD CMakeFiles/peepshow_hw5_fw0.dir/Core/Src/LS013B7DH05.c.obj
LOAD CMakeFiles/peepshow_hw5_fw0.dir/Core/Src/main.c.obj
LOAD CMakeFiles/peepshow_hw5_fw0.dir/Core/Src/stm32u5xx_it.c.obj
LOAD CMakeFiles/peepshow_hw5_fw0.dir/Core/Src/stm32u5xx_hal_msp.c.obj
LOAD CMakeFiles/peepshow_hw5_fw0.dir/Drivers/STM32U5xx_HAL_Driver/Src/stm32u5xx_hal_cortex.c.obj
LOAD CMakeFiles/peepshow_hw5_fw0.dir/Drivers/STM32U5xx_HAL_Driver/Src/stm32u5xx_hal.c.obj
LOAD CMakeFiles/peepshow_hw5_fw0.dir/Drivers/STM32U5xx_HAL_Driver/Src/stm32u5xx_hal_i2c.c.obj
LOAD CMakeFiles/peepshow_hw5_fw0.dir/Drivers/STM32U5xx_HAL_Driver/Src/stm32u5xx_hal_i2c_ex.c.obj
LOAD CMakeFiles/peepshow_hw5_fw0.dir/Drivers/STM32U5xx_HAL_Driver/Src/stm32u5xx_hal_rcc.c.obj
LOAD CMakeFiles/peepshow_hw5_fw0.dir/Drivers/STM32U5xx_HAL_Driver/Src/stm32u5xx_hal_rcc_ex.c.obj
LOAD CMakeFiles/peepshow_hw5_fw0.dir/Drivers/STM32U5xx_HAL_Driver/Src/stm32u5xx_hal_flash.c.obj
LOAD CMakeFiles/peepshow_hw5_fw0.dir/Drivers/STM32U5xx_HAL_Driver/Src/stm32u5xx_hal_flash_ex.c.obj
LOAD CMakeFiles/peepshow_hw5_fw0.dir/Drivers/STM32U5xx_HAL_Driver/Src/stm32u5xx_hal_gpio.c.obj
LOAD CMakeFiles/peepshow_hw5_fw0.dir/Drivers/STM32U5xx_HAL_Driver/Src/stm32u5xx_hal_dma.c.obj
LOAD CMakeFiles/peepshow_hw5_fw0.dir/Drivers/STM32U5xx_HAL_Driver/Src/stm32u5xx_hal_dma_ex.c.obj
LOAD CMakeFiles/peepshow_hw5_fw0.dir/Drivers/STM32U5xx_HAL_Driver/Src/stm32u5xx_hal_exti.c.obj
LOAD CMakeFiles/peepshow_hw5_fw0.dir/Drivers/STM32U5xx_HAL_Driver/Src/stm32u5xx_hal_pwr.c.obj
LOAD CMakeFiles/peepshow_hw5_fw0.dir/Drivers/STM32U5xx_HAL_Driver/Src/stm32u5xx_hal_pwr_ex.c.obj
LOAD CMakeFiles/peepshow_hw5_fw0.dir/Drivers/STM32U5xx_HAL_Driver/Src/stm32u5xx_hal_gtzc.c.obj
LOAD CMakeFiles/peepshow_hw5_fw0.dir/Drivers/STM32U5xx_HAL_Driver/Src/stm32u5xx_hal_icache.c.obj
LOAD CMakeFiles/peepshow_hw5_fw0.dir/Drivers/STM32U5xx_HAL_Driver/Src/stm32u5xx_hal_rtc.c.obj
LOAD CMakeFiles/peepshow_hw5_fw0.dir/Drivers/STM32U5xx_HAL_Driver/Src/stm32u5xx_hal_rtc_ex.c.obj
LOAD CMakeFiles/peepshow_hw5_fw0.dir/Drivers/STM32U5xx_HAL_Driver/Src/stm32u5xx_hal_spi.c.obj
LOAD CMakeFiles/peepshow_hw5_fw0.dir/Drivers/STM32U5xx_HAL_Driver/Src/stm32u5xx_hal_spi_ex.c.obj
LOAD CMakeFiles/peepshow_hw5_fw0.dir/Drivers/STM32U5xx_HAL_Driver/Src/stm32u5xx_hal_tim.c.obj
LOAD CMakeFiles/peepshow_hw5_fw0.dir/Drivers/STM32U5xx_HAL_Driver/Src/stm32u5xx_hal_tim_ex.c.obj
LOAD CMakeFiles/peepshow_hw5_fw0.dir/Core/Src/system_stm32u5xx.c.obj
LOAD CMakeFiles/peepshow_hw5_fw0.dir/Core/Src/sysmem.c.obj
LOAD CMakeFiles/peepshow_hw5_fw0.dir/Core/Src/syscalls.c.obj
LOAD CMakeFiles/peepshow_hw5_fw0.dir/startup_stm32u575xx.s.obj
START GROUP
LOAD C:/ST/STM32CubeCLT_1.15.1/GNU-tools-for-STM32/bin/../lib/gcc/arm-none-eabi/12.3.1/thumb/v8-m.main+fp/hard\libgcc.a
LOAD C:/ST/STM32CubeCLT_1.15.1/GNU-tools-for-STM32/bin/../lib/gcc/arm-none-eabi/12.3.1/../../../../arm-none-eabi/lib/thumb/v8-m.main+fp/hard\libg_nano.a
LOAD C:/ST/STM32CubeCLT_1.15.1/GNU-tools-for-STM32/bin/../lib/gcc/arm-none-eabi/12.3.1/../../../../arm-none-eabi/lib/thumb/v8-m.main+fp/hard\libc_nano.a
END GROUP
START GROUP
LOAD C:/ST/STM32CubeCLT_1.15.1/GNU-tools-for-STM32/bin/../lib/gcc/arm-none-eabi/12.3.1/thumb/v8-m.main+fp/hard\libgcc.a
LOAD C:/ST/STM32CubeCLT_1.15.1/GNU-tools-for-STM32/bin/../lib/gcc/arm-none-eabi/12.3.1/../../../../arm-none-eabi/lib/thumb/v8-m.main+fp/hard\libc_nano.a
END GROUP
LOAD C:/ST/STM32CubeCLT_1.15.1/GNU-tools-for-STM32/bin/../lib/gcc/arm-none-eabi/12.3.1/thumb/v8-m.main+fp/hard/crtend.o
LOAD C:/ST/STM32CubeCLT_1.15.1/GNU-tools-for-STM32/bin/../lib/gcc/arm-none-eabi/12.3.1/thumb/v8-m.main+fp/hard/crtn.o
                0x200c0000                        _estack = (ORIGIN (RAM) + LENGTH (RAM))
                0x00000200                        _Min_Heap_Size = 0x200
                0x00000400                        _Min_Stack_Size = 0x400

.isr_vector     0x08000000      0x238
                0x08000000                        . = ALIGN (0x8)
 *(.isr_vector)
 .isr_vector    0x08000000      0x238 CMakeFiles/peepshow_hw5_fw0.dir/startup_stm32u575xx.s.obj
                0x08000000                g_pfnVectors
                0x08000238                        . = ALIGN (0x8)

.text           0x08000238     0x7558
                0x08000238                        . = ALIGN (0x8)
 *(.text)
 .text          0x08000238       0x40 C:/ST/STM32CubeCLT_1.15.1/GNU-tools-for-STM32/bin/../lib/gcc/arm-none-eabi/12.3.1/thumb/v8-m.main+fp/hard/crtbegin.o
 *(.text*)
 .text.memset   0x08000278       0x10 C:/ST/STM32CubeCLT_1.15.1/GNU-tools-for-STM32/bin/../lib/gcc/arm-none-eabi/12.3.1/../../../../arm-none-eabi/lib/thumb/v8-m.main+fp/hard\libc_nano.a(libc_a-memset.o)
                0x08000278                memset
 .text.__libc_init_array
                0x08000288       0x48 C:/ST/STM32CubeCLT_1.15.1/GNU-tools-for-STM32/bin/../lib/gcc/arm-none-eabi/12.3.1/../../../../arm-none-eabi/lib/thumb/v8-m.main+fp/hard\libc_nano.a(libc_a-init.o)
                0x08000288                __libc_init_array
 .text.ADP5360_read_u8
                0x080002d0       0x22 CMakeFiles/peepshow_hw5_fw0.dir/Core/Src/ADP5360.c.obj
 *fill*         0x080002f2        0x2 
 .text._mem_read
                0x080002f4       0x38 CMakeFiles/peepshow_hw5_fw0.dir/Core/Src/ADP5360.c.obj
 .text.ADP5360_read
                0x0800032c       0x36 CMakeFiles/peepshow_hw5_fw0.dir/Core/Src/ADP5360.c.obj
                0x0800032c                ADP5360_read
 *fill*         0x08000362        0x2 
 .text.ADP5360_init
                0x08000364       0x5c CMakeFiles/peepshow_hw5_fw0.dir/Core/Src/ADP5360.c.obj
                0x08000364                ADP5360_init
 .text.ADP5360_get_vbat
                0x080003c0       0x7e CMakeFiles/peepshow_hw5_fw0.dir/Core/Src/ADP5360.c.obj
                0x080003c0                ADP5360_get_vbat
 .text._buck_vout_mv_from_code
                0x0800043e       0x3e CMakeFiles/peepshow_hw5_fw0.dir/Core/Src/ADP5360.c.obj
 .text._buck_dly_us_from_code
                0x0800047c       0x3c CMakeFiles/peepshow_hw5_fw0.dir/Core/Src/ADP5360.c.obj
 .text.ADP5360_get_buck_vout
                0x080004b8       0x68 CMakeFiles/peepshow_hw5_fw0.dir/Core/Src/ADP5360.c.obj
                0x080004b8                ADP5360_get_buck_vout
 .text._bb_vout_mv_from_code
                0x08000520       0x66 CMakeFiles/peepshow_hw5_fw0.dir/Core/Src/ADP5360.c.obj
 .text._bb_dly_us_from_code
                0x08000586       0x3c CMakeFiles/peepshow_hw5_fw0.dir/Core/Src/ADP5360.c.obj
 .text.ADP5360_get_buckboost_vout
                0x080005c2       0x68 CMakeFiles/peepshow_hw5_fw0.dir/Core/Src/ADP5360.c.obj
                0x080005c2                ADP5360_get_buckboost_vout
 .text.ADP5360_get_fault
                0x0800062a       0x24 CMakeFiles/peepshow_hw5_fw0.dir/Core/Src/ADP5360.c.obj
                0x0800062a                ADP5360_get_fault
 *fill*         0x0800064e        0x2 
 .text.BuildWriteBurst
                0x08000650      0x14c CMakeFiles/peepshow_hw5_fw0.dir/Core/Src/LS013B7DH05.c.obj
 .text.LCD_Init
                0x0800079c       0x30 CMakeFiles/peepshow_hw5_fw0.dir/Core/Src/LS013B7DH05.c.obj
                0x0800079c                LCD_Init
 .text.LCD_Clean
                0x080007cc       0x30 CMakeFiles/peepshow_hw5_fw0.dir/Core/Src/LS013B7DH05.c.obj
                0x080007cc                LCD_Clean
 .text.LCD_FlushRows
                0x080007fc       0x5c CMakeFiles/peepshow_hw5_fw0.dir/Core/Src/LS013B7DH05.c.obj
                0x080007fc                LCD_FlushRows
 .text.ADP5360_read_u8
                0x08000858       0x22 CMakeFiles/peepshow_hw5_fw0.dir/Core/Src/main.c.obj
 .text.main     0x0800087a       0x32 CMakeFiles/peepshow_hw5_fw0.dir/Core/Src/main.c.obj
                0x0800087a                main
 .text.SystemClock_Config
                0x080008ac       0xa0 CMakeFiles/peepshow_hw5_fw0.dir/Core/Src/main.c.obj
                0x080008ac                SystemClock_Config
 .text.MX_I2C3_Init
                0x0800094c       0x80 CMakeFiles/peepshow_hw5_fw0.dir/Core/Src/main.c.obj
 .text.MX_ICACHE_Init
                0x080009cc       0x26 CMakeFiles/peepshow_hw5_fw0.dir/Core/Src/main.c.obj
 *fill*         0x080009f2        0x2 
 .text.MX_RTC_Init
                0x080009f4       0xb0 CMakeFiles/peepshow_hw5_fw0.dir/Core/Src/main.c.obj
 .text.MX_SPI3_Init
                0x08000aa4       0xe0 CMakeFiles/peepshow_hw5_fw0.dir/Core/Src/main.c.obj
 .text.MX_GPIO_Init
                0x08000b84       0xc4 CMakeFiles/peepshow_hw5_fw0.dir/Core/Src/main.c.obj
 .text.PS_Phase0B_RunPmicProbe
                0x08000c48      0x224 CMakeFiles/peepshow_hw5_fw0.dir/Core/Src/main.c.obj
 .text.PS_Phase0B_DecodeBuckTargetMv
                0x08000e6c       0x3a CMakeFiles/peepshow_hw5_fw0.dir/Core/Src/main.c.obj
 .text.PS_Phase0B_DecodeBuckBoostTargetMv
                0x08000ea6       0x62 CMakeFiles/peepshow_hw5_fw0.dir/Core/Src/main.c.obj
 .text.PS_Phase0_RecordResetClockProbe
                0x08000f08      0x16c CMakeFiles/peepshow_hw5_fw0.dir/Core/Src/main.c.obj
 .text.PS_Phase1_RecordDisplayBaselineProbe
                0x08001074       0xd8 CMakeFiles/peepshow_hw5_fw0.dir/Core/Src/main.c.obj
 .text.PS_Phase1_DisplayInvertStep
                0x0800114c      0x1a0 CMakeFiles/peepshow_hw5_fw0.dir/Core/Src/main.c.obj
 .text.Error_Handler
                0x080012ec        0xc CMakeFiles/peepshow_hw5_fw0.dir/Core/Src/main.c.obj
                0x080012ec                Error_Handler
 .text.NMI_Handler
                0x080012f8        0x8 CMakeFiles/peepshow_hw5_fw0.dir/Core/Src/stm32u5xx_it.c.obj
                0x080012f8                NMI_Handler
 .text.HardFault_Handler
                0x08001300        0x8 CMakeFiles/peepshow_hw5_fw0.dir/Core/Src/stm32u5xx_it.c.obj
                0x08001300                HardFault_Handler
 .text.MemManage_Handler
                0x08001308        0x8 CMakeFiles/peepshow_hw5_fw0.dir/Core/Src/stm32u5xx_it.c.obj
                0x08001308                MemManage_Handler
 .text.BusFault_Handler
                0x08001310        0x8 CMakeFiles/peepshow_hw5_fw0.dir/Core/Src/stm32u5xx_it.c.obj
                0x08001310                BusFault_Handler
 .text.UsageFault_Handler
                0x08001318        0x8 CMakeFiles/peepshow_hw5_fw0.dir/Core/Src/stm32u5xx_it.c.obj
                0x08001318                UsageFault_Handler
 .text.SVC_Handler
                0x08001320        0xe CMakeFiles/peepshow_hw5_fw0.dir/Core/Src/stm32u5xx_it.c.obj
                0x08001320                SVC_Handler
 .text.DebugMon_Handler
                0x0800132e        0xe CMakeFiles/peepshow_hw5_fw0.dir/Core/Src/stm32u5xx_it.c.obj
                0x0800132e                DebugMon_Handler
 .text.PendSV_Handler
                0x0800133c        0xe CMakeFiles/peepshow_hw5_fw0.dir/Core/Src/stm32u5xx_it.c.obj
                0x0800133c                PendSV_Handler
 .text.SysTick_Handler
                0x0800134a        0xc CMakeFiles/peepshow_hw5_fw0.dir/Core/Src/stm32u5xx_it.c.obj
                0x0800134a                SysTick_Handler
 *fill*         0x08001356        0x2 
 .text.HAL_MspInit
                0x08001358       0x34 CMakeFiles/peepshow_hw5_fw0.dir/Core/Src/stm32u5xx_hal_msp.c.obj
                0x08001358                HAL_MspInit
 .text.HAL_I2C_MspInit
                0x0800138c       0xd0 CMakeFiles/peepshow_hw5_fw0.dir/Core/Src/stm32u5xx_hal_msp.c.obj
                0x0800138c                HAL_I2C_MspInit
 .text.HAL_RTC_MspInit
                0x0800145c       0xf0 CMakeFiles/peepshow_hw5_fw0.dir/Core/Src/stm32u5xx_hal_msp.c.obj
                0x0800145c                HAL_RTC_MspInit
 .text.HAL_SPI_MspInit
                0x0800154c      0x120 CMakeFiles/peepshow_hw5_fw0.dir/Core/Src/stm32u5xx_hal_msp.c.obj
                0x0800154c                HAL_SPI_MspInit
 .text.__NVIC_SetPriorityGrouping
                0x0800166c       0x48 CMakeFiles/peepshow_hw5_fw0.dir/Drivers/STM32U5xx_HAL_Driver/Src/stm32u5xx_hal_cortex.c.obj
 .text.__NVIC_GetPriorityGrouping
                0x080016b4       0x1c CMakeFiles/peepshow_hw5_fw0.dir/Drivers/STM32U5xx_HAL_Driver/Src/stm32u5xx_hal_cortex.c.obj
 .text.__NVIC_SetPriority
                0x080016d0       0x54 CMakeFiles/peepshow_hw5_fw0.dir/Drivers/STM32U5xx_HAL_Driver/Src/stm32u5xx_hal_cortex.c.obj
 .text.NVIC_EncodePriority
                0x08001724       0x66 CMakeFiles/peepshow_hw5_fw0.dir/Drivers/STM32U5xx_HAL_Driver/Src/stm32u5xx_hal_cortex.c.obj
 .text.HAL_NVIC_SetPriorityGrouping
                0x0800178a       0x16 CMakeFiles/peepshow_hw5_fw0.dir/Drivers/STM32U5xx_HAL_Driver/Src/stm32u5xx_hal_cortex.c.obj
                0x0800178a                HAL_NVIC_SetPriorityGrouping
 .text.HAL_NVIC_SetPriority
                0x080017a0       0x34 CMakeFiles/peepshow_hw5_fw0.dir/Drivers/STM32U5xx_HAL_Driver/Src/stm32u5xx_hal_cortex.c.obj
                0x080017a0                HAL_NVIC_SetPriority
 .text.HAL_SYSTICK_Config
                0x080017d4       0x44 CMakeFiles/peepshow_hw5_fw0.dir/Drivers/STM32U5xx_HAL_Driver/Src/stm32u5xx_hal_cortex.c.obj
                0x080017d4                HAL_SYSTICK_Config
 .text.HAL_SYSTICK_CLKSourceConfig
                0x08001818       0xb0 CMakeFiles/peepshow_hw5_fw0.dir/Drivers/STM32U5xx_HAL_Driver/Src/stm32u5xx_hal_cortex.c.obj
                0x08001818                HAL_SYSTICK_CLKSourceConfig
 .text.HAL_SYSTICK_GetCLKSourceConfig
                0x080018c8       0x74 CMakeFiles/peepshow_hw5_fw0.dir/Drivers/STM32U5xx_HAL_Driver/Src/stm32u5xx_hal_cortex.c.obj
                0x080018c8                HAL_SYSTICK_GetCLKSourceConfig
 .text.HAL_Init
                0x0800193c       0x60 CMakeFiles/peepshow_hw5_fw0.dir/Drivers/STM32U5xx_HAL_Driver/Src/stm32u5xx_hal.c.obj
                0x0800193c                HAL_Init
 .text.HAL_InitTick
                0x0800199c       0xec CMakeFiles/peepshow_hw5_fw0.dir/Drivers/STM32U5xx_HAL_Driver/Src/stm32u5xx_hal.c.obj
                0x0800199c                HAL_InitTick
 .text.HAL_IncTick
                0x08001a88       0x28 CMakeFiles/peepshow_hw5_fw0.dir/Drivers/STM32U5xx_HAL_Driver/Src/stm32u5xx_hal.c.obj
                0x08001a88                HAL_IncTick
 .text.HAL_GetTick
                0x08001ab0       0x18 CMakeFiles/peepshow_hw5_fw0.dir/Drivers/STM32U5xx_HAL_Driver/Src/stm32u5xx_hal.c.obj
                0x08001ab0                HAL_GetTick
 .text.HAL_Delay
                0x08001ac8       0x48 CMakeFiles/peepshow_hw5_fw0.dir/Drivers/STM32U5xx_HAL_Driver/Src/stm32u5xx_hal.c.obj
                0x08001ac8                HAL_Delay
 .text.HAL_I2C_Init
                0x08001b10      0x136 CMakeFiles/peepshow_hw5_fw0.dir/Drivers/STM32U5xx_HAL_Driver/Src/stm32u5xx_hal_i2c.c.obj
                0x08001b10                HAL_I2C_Init
 *fill*         0x08001c46        0x2 
 .text.HAL_I2C_Mem_Read
                0x08001c48      0x234 CMakeFiles/peepshow_hw5_fw0.dir/Drivers/STM32U5xx_HAL_Driver/Src/stm32u5xx_hal_i2c.c.obj
                0x08001c48                HAL_I2C_Mem_Read
 .text.HAL_I2C_IsDeviceReady
                0x08001e7c      0x1d8 CMakeFiles/peepshow_hw5_fw0.dir/Drivers/STM32U5xx_HAL_Driver/Src/stm32u5xx_hal_i2c.c.obj
                0x08001e7c                HAL_I2C_IsDeviceReady
 .text.HAL_I2C_GetError
                0x08002054       0x18 CMakeFiles/peepshow_hw5_fw0.dir/Drivers/STM32U5xx_HAL_Driver/Src/stm32u5xx_hal_i2c.c.obj
                0x08002054                HAL_I2C_GetError
 .text.I2C_RequestMemoryRead
                0x0800206c       0xa8 CMakeFiles/peepshow_hw5_fw0.dir/Drivers/STM32U5xx_HAL_Driver/Src/stm32u5xx_hal_i2c.c.obj
 .text.I2C_Flush_TXDR
                0x08002114       0x48 CMakeFiles/peepshow_hw5_fw0.dir/Drivers/STM32U5xx_HAL_Driver/Src/stm32u5xx_hal_i2c.c.obj
 .text.I2C_WaitOnFlagUntilTimeout
                0x0800215c       0xb2 CMakeFiles/peepshow_hw5_fw0.dir/Drivers/STM32U5xx_HAL_Driver/Src/stm32u5xx_hal_i2c.c.obj
 .text.I2C_WaitOnTXISFlagUntilTimeout
                0x0800220e       0x8e CMakeFiles/peepshow_hw5_fw0.dir/Drivers/STM32U5xx_HAL_Driver/Src/stm32u5xx_hal_i2c.c.obj
 .text.I2C_WaitOnSTOPFlagUntilTimeout
                0x0800229c       0x86 CMakeFiles/peepshow_hw5_fw0.dir/Drivers/STM32U5xx_HAL_Driver/Src/stm32u5xx_hal_i2c.c.obj
 *fill*         0x08002322        0x2 
 .text.I2C_IsErrorOccurred
                0x08002324      0x1c0 CMakeFiles/peepshow_hw5_fw0.dir/Drivers/STM32U5xx_HAL_Driver/Src/stm32u5xx_hal_i2c.c.obj
 .text.I2C_TransferConfig
                0x080024e4       0x64 CMakeFiles/peepshow_hw5_fw0.dir/Drivers/STM32U5xx_HAL_Driver/Src/stm32u5xx_hal_i2c.c.obj
 .text.HAL_I2CEx_ConfigAnalogFilter
                0x08002548       0x96 CMakeFiles/peepshow_hw5_fw0.dir/Drivers/STM32U5xx_HAL_Driver/Src/stm32u5xx_hal_i2c_ex.c.obj
                0x08002548                HAL_I2CEx_ConfigAnalogFilter
 .text.HAL_I2CEx_ConfigDigitalFilter
                0x080025de       0x98 CMakeFiles/peepshow_hw5_fw0.dir/Drivers/STM32U5xx_HAL_Driver/Src/stm32u5xx_hal_i2c_ex.c.obj
                0x080025de                HAL_I2CEx_ConfigDigitalFilter
 *fill*         0x08002676        0x2 
 .text.HAL_RCC_OscConfig
                0x08002678      0xdb8 CMakeFiles/peepshow_hw5_fw0.dir/Drivers/STM32U5xx_HAL_Driver/Src/stm32u5xx_hal_rcc.c.obj
                0x08002678                HAL_RCC_OscConfig
 .text.HAL_RCC_ClockConfig
                0x08003430      0x3e4 CMakeFiles/peepshow_hw5_fw0.dir/Drivers/STM32U5xx_HAL_Driver/Src/stm32u5xx_hal_rcc.c.obj
                0x08003430                HAL_RCC_ClockConfig
 .text.HAL_RCC_GetSysClockFreq
                0x08003814      0x204 CMakeFiles/peepshow_hw5_fw0.dir/Drivers/STM32U5xx_HAL_Driver/Src/stm32u5xx_hal_rcc.c.obj
                0x08003814                HAL_RCC_GetSysClockFreq
 .text.HAL_RCC_GetHCLKFreq
                0x08003a18       0x34 CMakeFiles/peepshow_hw5_fw0.dir/Drivers/STM32U5xx_HAL_Driver/Src/stm32u5xx_hal_rcc.c.obj
                0x08003a18                HAL_RCC_GetHCLKFreq
 .text.HAL_RCC_GetPCLK1Freq
                0x08003a4c       0x28 CMakeFiles/peepshow_hw5_fw0.dir/Drivers/STM32U5xx_HAL_Driver/Src/stm32u5xx_hal_rcc.c.obj
                0x08003a4c                HAL_RCC_GetPCLK1Freq
 .text.HAL_RCC_GetPCLK2Freq
                0x08003a74       0x28 CMakeFiles/peepshow_hw5_fw0.dir/Drivers/STM32U5xx_HAL_Driver/Src/stm32u5xx_hal_rcc.c.obj
                0x08003a74                HAL_RCC_GetPCLK2Freq
 .text.HAL_RCC_GetPCLK3Freq
                0x08003a9c       0x28 CMakeFiles/peepshow_hw5_fw0.dir/Drivers/STM32U5xx_HAL_Driver/Src/stm32u5xx_hal_rcc.c.obj
                0x08003a9c                HAL_RCC_GetPCLK3Freq
 .text.RCC_SetFlashLatencyFromMSIRange
                0x08003ac4      0x10c CMakeFiles/peepshow_hw5_fw0.dir/Drivers/STM32U5xx_HAL_Driver/Src/stm32u5xx_hal_rcc.c.obj
 .text.HAL_RCCEx_PeriphCLKConfig
                0x08003bd0      0xb48 CMakeFiles/peepshow_hw5_fw0.dir/Drivers/STM32U5xx_HAL_Driver/Src/stm32u5xx_hal_rcc_ex.c.obj
                0x08003bd0                HAL_RCCEx_PeriphCLKConfig
 .text.HAL_RCCEx_GetPLL1ClockFreq
                0x08004718      0x2b4 CMakeFiles/peepshow_hw5_fw0.dir/Drivers/STM32U5xx_HAL_Driver/Src/stm32u5xx_hal_rcc_ex.c.obj
                0x08004718                HAL_RCCEx_GetPLL1ClockFreq
 .text.HAL_RCCEx_GetPLL2ClockFreq
                0x080049cc      0x2b4 CMakeFiles/peepshow_hw5_fw0.dir/Drivers/STM32U5xx_HAL_Driver/Src/stm32u5xx_hal_rcc_ex.c.obj
                0x080049cc                HAL_RCCEx_GetPLL2ClockFreq
 .text.HAL_RCCEx_GetPLL3ClockFreq
                0x08004c80      0x2b4 CMakeFiles/peepshow_hw5_fw0.dir/Drivers/STM32U5xx_HAL_Driver/Src/stm32u5xx_hal_rcc_ex.c.obj
                0x08004c80                HAL_RCCEx_GetPLL3ClockFreq
 .text.HAL_RCCEx_GetPeriphCLKFreq
                0x08004f34     0x136c CMakeFiles/peepshow_hw5_fw0.dir/Drivers/STM32U5xx_HAL_Driver/Src/stm32u5xx_hal_rcc_ex.c.obj
                0x08004f34                HAL_RCCEx_GetPeriphCLKFreq
 .text.RCCEx_PLL2_Config
                0x080062a0      0x130 CMakeFiles/peepshow_hw5_fw0.dir/Drivers/STM32U5xx_HAL_Driver/Src/stm32u5xx_hal_rcc_ex.c.obj
 .text.RCCEx_PLL3_Config
                0x080063d0      0x130 CMakeFiles/peepshow_hw5_fw0.dir/Drivers/STM32U5xx_HAL_Driver/Src/stm32u5xx_hal_rcc_ex.c.obj
 .text.HAL_GPIO_Init
                0x08006500      0x3b0 CMakeFiles/peepshow_hw5_fw0.dir/Drivers/STM32U5xx_HAL_Driver/Src/stm32u5xx_hal_gpio.c.obj
                0x08006500                HAL_GPIO_Init
 .text.HAL_GPIO_ReadPin
                0x080068b0       0x30 CMakeFiles/peepshow_hw5_fw0.dir/Drivers/STM32U5xx_HAL_Driver/Src/stm32u5xx_hal_gpio.c.obj
                0x080068b0                HAL_GPIO_ReadPin
 .text.HAL_GPIO_WritePin
                0x080068e0       0x30 CMakeFiles/peepshow_hw5_fw0.dir/Drivers/STM32U5xx_HAL_Driver/Src/stm32u5xx_hal_gpio.c.obj
                0x080068e0                HAL_GPIO_WritePin
 .text.HAL_PWREx_ControlVoltageScaling
                0x08006910       0xfc CMakeFiles/peepshow_hw5_fw0.dir/Drivers/STM32U5xx_HAL_Driver/Src/stm32u5xx_hal_pwr_ex.c.obj
                0x08006910                HAL_PWREx_ControlVoltageScaling
 .text.HAL_PWREx_GetVoltageRange
                0x08006a0c       0x1c CMakeFiles/peepshow_hw5_fw0.dir/Drivers/STM32U5xx_HAL_Driver/Src/stm32u5xx_hal_pwr_ex.c.obj
                0x08006a0c                HAL_PWREx_GetVoltageRange
 .text.HAL_ICACHE_ConfigAssociativityMode
                0x08006a28       0x40 CMakeFiles/peepshow_hw5_fw0.dir/Drivers/STM32U5xx_HAL_Driver/Src/stm32u5xx_hal_icache.c.obj
                0x08006a28                HAL_ICACHE_ConfigAssociativityMode
 .text.HAL_ICACHE_Enable
                0x08006a68       0x20 CMakeFiles/peepshow_hw5_fw0.dir/Drivers/STM32U5xx_HAL_Driver/Src/stm32u5xx_hal_icache.c.obj
                0x08006a68                HAL_ICACHE_Enable
 .text.HAL_RTC_Init
                0x08006a88      0x104 CMakeFiles/peepshow_hw5_fw0.dir/Drivers/STM32U5xx_HAL_Driver/Src/stm32u5xx_hal_rtc.c.obj
                0x08006a88                HAL_RTC_Init
 .text.HAL_RTC_WaitForSynchro
                0x08006b8c       0x64 CMakeFiles/peepshow_hw5_fw0.dir/Drivers/STM32U5xx_HAL_Driver/Src/stm32u5xx_hal_rtc.c.obj
                0x08006b8c                HAL_RTC_WaitForSynchro
 .text.HAL_RTC_GetState
                0x08006bf0       0x1c CMakeFiles/peepshow_hw5_fw0.dir/Drivers/STM32U5xx_HAL_Driver/Src/stm32u5xx_hal_rtc.c.obj
                0x08006bf0                HAL_RTC_GetState
 .text.RTC_EnterInitMode
                0x08006c0c       0x78 CMakeFiles/peepshow_hw5_fw0.dir/Drivers/STM32U5xx_HAL_Driver/Src/stm32u5xx_hal_rtc.c.obj
                0x08006c0c                RTC_EnterInitMode
 .text.RTC_ExitInitMode
                0x08006c84       0x7c CMakeFiles/peepshow_hw5_fw0.dir/Drivers/STM32U5xx_HAL_Driver/Src/stm32u5xx_hal_rtc.c.obj
                0x08006c84                RTC_ExitInitMode
 .text.HAL_RTCEx_SetCalibrationOutPut
                0x08006d00       0x68 CMakeFiles/peepshow_hw5_fw0.dir/Drivers/STM32U5xx_HAL_Driver/Src/stm32u5xx_hal_rtc_ex.c.obj
                0x08006d00                HAL_RTCEx_SetCalibrationOutPut
 .text.HAL_RTCEx_PrivilegeModeSet
                0x08006d68       0x5c CMakeFiles/peepshow_hw5_fw0.dir/Drivers/STM32U5xx_HAL_Driver/Src/stm32u5xx_hal_rtc_ex.c.obj
                0x08006d68                HAL_RTCEx_PrivilegeModeSet
 .text.HAL_SPI_Init
                0x08006dc4      0x22c CMakeFiles/peepshow_hw5_fw0.dir/Drivers/STM32U5xx_HAL_Driver/Src/stm32u5xx_hal_spi.c.obj
                0x08006dc4                HAL_SPI_Init
 .text.HAL_SPI_Transmit
                0x08006ff0      0x420 CMakeFiles/peepshow_hw5_fw0.dir/Drivers/STM32U5xx_HAL_Driver/Src/stm32u5xx_hal_spi.c.obj
                0x08006ff0                HAL_SPI_Transmit
 .text.HAL_SPI_GetState
                0x08007410       0x1c CMakeFiles/peepshow_hw5_fw0.dir/Drivers/STM32U5xx_HAL_Driver/Src/stm32u5xx_hal_spi.c.obj
                0x08007410                HAL_SPI_GetState
 .text.HAL_SPI_GetError
                0x0800742c       0x1a CMakeFiles/peepshow_hw5_fw0.dir/Drivers/STM32U5xx_HAL_Driver/Src/stm32u5xx_hal_spi.c.obj
                0x0800742c                HAL_SPI_GetError
 .text.SPI_CloseTransfer
                0x08007446      0x140 CMakeFiles/peepshow_hw5_fw0.dir/Drivers/STM32U5xx_HAL_Driver/Src/stm32u5xx_hal_spi.c.obj
 .text.SPI_WaitOnFlagUntilTimeout
                0x08007586       0x5c CMakeFiles/peepshow_hw5_fw0.dir/Drivers/STM32U5xx_HAL_Driver/Src/stm32u5xx_hal_spi.c.obj
 .text.SPI_GetPacketSize
                0x080075e2       0x36 CMakeFiles/peepshow_hw5_fw0.dir/Drivers/STM32U5xx_HAL_Driver/Src/stm32u5xx_hal_spi.c.obj
 .text.HAL_SPIEx_SetConfigAutonomousMode
                0x08007618       0x82 CMakeFiles/peepshow_hw5_fw0.dir/Drivers/STM32U5xx_HAL_Driver/Src/stm32u5xx_hal_spi_ex.c.obj
                0x08007618                HAL_SPIEx_SetConfigAutonomousMode
 *fill*         0x0800769a        0x2 
 .text.SystemInit
                0x0800769c       0x70 CMakeFiles/peepshow_hw5_fw0.dir/Core/Src/system_stm32u5xx.c.obj
                0x0800769c                SystemInit
 .text.Reset_Handler
                0x0800770c       0x50 CMakeFiles/peepshow_hw5_fw0.dir/startup_stm32u575xx.s.obj
                0x0800770c                Reset_Handler
 .text.Default_Handler
                0x0800775c        0x2 CMakeFiles/peepshow_hw5_fw0.dir/startup_stm32u575xx.s.obj
                0x0800775c                EXTI2_IRQHandler
                0x0800775c                TIM8_TRG_COM_IRQHandler
                0x0800775c                TIM8_CC_IRQHandler
                0x0800775c                EXTI5_IRQHandler
                0x0800775c                FLASH_S_IRQHandler
                0x0800775c                EXTI13_IRQHandler
                0x0800775c                TIM1_CC_IRQHandler
                0x0800775c                TSC_IRQHandler
                0x0800775c                TAMP_IRQHandler
                0x0800775c                TIM6_IRQHandler
                0x0800775c                EXTI12_IRQHandler
                0x0800775c                CORDIC_IRQHandler
                0x0800775c                EXTI3_IRQHandler
                0x0800775c                LPTIM4_IRQHandler
                0x0800775c                GPDMA1_Channel5_IRQHandler
                0x0800775c                EXTI8_IRQHandler
                0x0800775c                LPTIM2_IRQHandler
                0x0800775c                I2C3_ER_IRQHandler
                0x0800775c                PWR_S3WU_IRQHandler
                0x0800775c                MDF1_FLT2_IRQHandler
                0x0800775c                LPDMA1_Channel3_IRQHandler
                0x0800775c                LPTIM3_IRQHandler
                0x0800775c                EXTI0_IRQHandler
                0x0800775c                I2C2_EV_IRQHandler
                0x0800775c                FPU_IRQHandler
                0x0800775c                GPDMA1_Channel3_IRQHandler
                0x0800775c                GPDMA1_Channel7_IRQHandler
                0x0800775c                MDF1_FLT4_IRQHandler
                0x0800775c                FDCAN1_IT1_IRQHandler
                0x0800775c                RAMCFG_IRQHandler
                0x0800775c                GPDMA1_Channel9_IRQHandler
                0x0800775c                DCACHE1_IRQHandler
                0x0800775c                SPI1_IRQHandler
                0x0800775c                OCTOSPI1_IRQHandler
                0x0800775c                GPDMA1_Channel2_IRQHandler
                0x0800775c                TIM8_UP_IRQHandler
                0x0800775c                RCC_S_IRQHandler
                0x0800775c                OCTOSPI2_IRQHandler
                0x0800775c                SAI2_IRQHandler
                0x0800775c                MDF1_FLT1_IRQHandler
                0x0800775c                ADC1_IRQHandler
                0x0800775c                MDF1_FLT5_IRQHandler
                0x0800775c                EXTI15_IRQHandler
                0x0800775c                TIM17_IRQHandler
                0x0800775c                USART3_IRQHandler
                0x0800775c                RTC_IRQHandler
                0x0800775c                EXTI9_IRQHandler
                0x0800775c                UART5_IRQHandler
                0x0800775c                TIM4_IRQHandler
                0x0800775c                I2C1_EV_IRQHandler
                0x0800775c                GPDMA1_Channel12_IRQHandler
                0x0800775c                GPDMA1_Channel1_IRQHandler
                0x0800775c                TIM16_IRQHandler
                0x0800775c                GPDMA1_Channel15_IRQHandler
                0x0800775c                UART4_IRQHandler
                0x0800775c                SecureFault_Handler
                0x0800775c                TIM3_IRQHandler
                0x0800775c                RCC_IRQHandler
                0x0800775c                TIM1_TRG_COM_IRQHandler
                0x0800775c                Default_Handler
                0x0800775c                GPDMA1_Channel8_IRQHandler
                0x0800775c                FMAC_IRQHandler
                0x0800775c                GPDMA1_Channel11_IRQHandler
                0x0800775c                TIM7_IRQHandler
                0x0800775c                SDMMC1_IRQHandler
                0x0800775c                TIM5_IRQHandler
                0x0800775c                UCPD1_IRQHandler
                0x0800775c                GPDMA1_Channel0_IRQHandler
                0x0800775c                TIM15_IRQHandler
                0x0800775c                I2C3_EV_IRQHandler
                0x0800775c                LPDMA1_Channel0_IRQHandler
                0x0800775c                PVD_PVM_IRQHandler
                0x0800775c                SPI2_IRQHandler
                0x0800775c                LPDMA1_Channel1_IRQHandler
                0x0800775c                EXTI14_IRQHandler
                0x0800775c                EXTI11_IRQHandler
                0x0800775c                CRS_IRQHandler
                0x0800775c                GPDMA1_Channel14_IRQHandler
                0x0800775c                LSECSSD_IRQHandler
                0x0800775c                EXTI4_IRQHandler
                0x0800775c                RTC_S_IRQHandler
                0x0800775c                GPDMA1_Channel13_IRQHandler
                0x0800775c                RNG_IRQHandler
                0x0800775c                COMP_IRQHandler
                0x0800775c                TIM1_UP_IRQHandler
                0x0800775c                ADC4_IRQHandler
                0x0800775c                WWDG_IRQHandler
                0x0800775c                I2C4_EV_IRQHandler
                0x0800775c                ADF1_IRQHandler
                0x0800775c                IWDG_IRQHandler
                0x0800775c                LPUART1_IRQHandler
                0x0800775c                MDF1_FLT0_IRQHandler
                0x0800775c                FDCAN1_IT0_IRQHandler
                0x0800775c                TIM2_IRQHandler
                0x0800775c                GPDMA1_Channel4_IRQHandler
                0x0800775c                EXTI7_IRQHandler
                0x0800775c                DMA2D_IRQHandler
                0x0800775c                TIM1_BRK_IRQHandler
                0x0800775c                EXTI1_IRQHandler
                0x0800775c                SDMMC2_IRQHandler
                0x0800775c                DAC1_IRQHandler
                0x0800775c                GTZC_IRQHandler
                0x0800775c                MDF1_FLT3_IRQHandler
                0x0800775c                USART2_IRQHandler
                0x0800775c                GPDMA1_Channel6_IRQHandler
                0x0800775c                I2C2_ER_IRQHandler
                0x0800775c                TIM8_BRK_IRQHandler
                0x0800775c                FLASH_IRQHandler
                0x0800775c                USART1_IRQHandler
                0x0800775c                EXTI10_IRQHandler
                0x0800775c                OTG_FS_IRQHandler
                0x0800775c                SPI3_IRQHandler
                0x0800775c                LPDMA1_Channel2_IRQHandler
                0x0800775c                I2C1_ER_IRQHandler
                0x0800775c                FMC_IRQHandler
                0x0800775c                EXTI6_IRQHandler
                0x0800775c                LPTIM1_IRQHandler
                0x0800775c                DCMI_PSSI_IRQHandler
                0x0800775c                I2C4_ER_IRQHandler
                0x0800775c                GPDMA1_Channel10_IRQHandler
                0x0800775c                ICACHE_IRQHandler
                0x0800775c                SAI1_IRQHandler
                0x0800775c                HASH_IRQHandler
 .text.memcpy   0x0800775e       0x1a C:/ST/STM32CubeCLT_1.15.1/GNU-tools-for-STM32/bin/../lib/gcc/arm-none-eabi/12.3.1/../../../../arm-none-eabi/lib/thumb/v8-m.main+fp/hard\libg_nano.a(libc_a-memcpy-stub.o)
                0x0800775e                memcpy
 *(.glue_7)
 .glue_7        0x08007778        0x0 linker stubs
 *(.glue_7t)
 .glue_7t       0x08007778        0x0 linker stubs
 *(.eh_frame)
 .eh_frame      0x08007778        0x0 C:/ST/STM32CubeCLT_1.15.1/GNU-tools-for-STM32/bin/../lib/gcc/arm-none-eabi/12.3.1/thumb/v8-m.main+fp/hard/crtbegin.o
 *(.init)
 .init          0x08007778        0x4 C:/ST/STM32CubeCLT_1.15.1/GNU-tools-for-STM32/bin/../lib/gcc/arm-none-eabi/12.3.1/thumb/v8-m.main+fp/hard/crti.o
                0x08007778                _init
 .init          0x0800777c        0x8 C:/ST/STM32CubeCLT_1.15.1/GNU-tools-for-STM32/bin/../lib/gcc/arm-none-eabi/12.3.1/thumb/v8-m.main+fp/hard/crtn.o
 *(.fini)
 .fini          0x08007784        0x4 C:/ST/STM32CubeCLT_1.15.1/GNU-tools-for-STM32/bin/../lib/gcc/arm-none-eabi/12.3.1/thumb/v8-m.main+fp/hard/crti.o
                0x08007784                _fini
 .fini          0x08007788        0x8 C:/ST/STM32CubeCLT_1.15.1/GNU-tools-for-STM32/bin/../lib/gcc/arm-none-eabi/12.3.1/thumb/v8-m.main+fp/hard/crtn.o
                0x08007790                        . = ALIGN (0x8)
                0x08007790                        _etext = .

.vfp11_veneer   0x08007790        0x0
 .vfp11_veneer  0x08007790        0x0 linker stubs

.v4_bx          0x08007790        0x0
 .v4_bx         0x08007790        0x0 linker stubs

.iplt           0x08007790        0x0
 .iplt          0x08007790        0x0 C:/ST/STM32CubeCLT_1.15.1/GNU-tools-for-STM32/bin/../lib/gcc/arm-none-eabi/12.3.1/thumb/v8-m.main+fp/hard/crtbegin.o

.rodata         0x08007790       0xd8
                0x08007790                        . = ALIGN (0x8)
 *(.rodata)
 *(.rodata*)
 .rodata.LPGPIO_Map
                0x08007790       0x80 CMakeFiles/peepshow_hw5_fw0.dir/Drivers/STM32U5xx_HAL_Driver/Src/stm32u5xx_hal_gpio.c.obj
 .rodata.AHBPrescTable
                0x08007810       0x10 CMakeFiles/peepshow_hw5_fw0.dir/Core/Src/system_stm32u5xx.c.obj
                0x08007810                AHBPrescTable
 .rodata.APBPrescTable
                0x08007820        0x8 CMakeFiles/peepshow_hw5_fw0.dir/Core/Src/system_stm32u5xx.c.obj
                0x08007820                APBPrescTable
 .rodata.MSIRangeTable
                0x08007828       0x40 CMakeFiles/peepshow_hw5_fw0.dir/Core/Src/system_stm32u5xx.c.obj
                0x08007828                MSIRangeTable
                0x08007868                        . = ALIGN (0x8)

.ARM.extab      0x08007868        0x0
                0x08007868                        . = ALIGN (0x8)
 *(.ARM.extab* .gnu.linkonce.armextab.*)
                0x08007868                        . = ALIGN (0x8)

.ARM            0x08007868        0x0
                0x08007868                        . = ALIGN (0x8)
                0x08007868                        __exidx_start = .
 *(.ARM.exidx*)
                0x08007868                        __exidx_end = .
                0x08007868                        . = ALIGN (0x8)

.preinit_array  0x08007868        0x0
                0x08007868                        . = ALIGN (0x8)
                0x08007868                        PROVIDE (__preinit_array_start = .)
 *(.preinit_array*)
                0x08007868                        PROVIDE (__preinit_array_end = .)
                0x08007868                        . = ALIGN (0x8)

.init_array     0x08007868        0x8
                0x08007868                        . = ALIGN (0x8)
                0x08007868                        PROVIDE (__init_array_start = .)
 *(SORT_BY_NAME(.init_array.*))
 *(.init_array*)
 .init_array    0x08007868        0x4 C:/ST/STM32CubeCLT_1.15.1/GNU-tools-for-STM32/bin/../lib/gcc/arm-none-eabi/12.3.1/thumb/v8-m.main+fp/hard/crtbegin.o
                0x0800786c                        PROVIDE (__init_array_end = .)
                0x08007870                        . = ALIGN (0x8)
 *fill*         0x0800786c        0x4 

.fini_array     0x08007870        0x8
                0x08007870                        . = ALIGN (0x8)
                [!provide]                        PROVIDE (__fini_array_start = .)
 *(SORT_BY_NAME(.fini_array.*))
 *(.fini_array*)
 .fini_array    0x08007870        0x4 C:/ST/STM32CubeCLT_1.15.1/GNU-tools-for-STM32/bin/../lib/gcc/arm-none-eabi/12.3.1/thumb/v8-m.main+fp/hard/crtbegin.o
                [!provide]                        PROVIDE (__fini_array_end = .)
                0x08007878                        . = ALIGN (0x8)
 *fill*         0x08007874        0x4 
                0x08007878                        _sidata = LOADADDR (.data)

.rel.dyn        0x08007878        0x0
 .rel.iplt      0x08007878        0x0 C:/ST/STM32CubeCLT_1.15.1/GNU-tools-for-STM32/bin/../lib/gcc/arm-none-eabi/12.3.1/thumb/v8-m.main+fp/hard/crtbegin.o

.data           0x20000000       0x10 load address 0x08007878
                0x20000000                        . = ALIGN (0x8)
                0x20000000                        _sdata = .
 *(.data)
 *(.data*)
 .data.uwTickPrio
                0x20000000        0x4 CMakeFiles/peepshow_hw5_fw0.dir/Drivers/STM32U5xx_HAL_Driver/Src/stm32u5xx_hal.c.obj
                0x20000000                uwTickPrio
 .data.uwTickFreq
                0x20000004        0x1 CMakeFiles/peepshow_hw5_fw0.dir/Drivers/STM32U5xx_HAL_Driver/Src/stm32u5xx_hal.c.obj
                0x20000004                uwTickFreq
 *fill*         0x20000005        0x3 
 .data.SystemCoreClock
                0x20000008        0x4 CMakeFiles/peepshow_hw5_fw0.dir/Core/Src/system_stm32u5xx.c.obj
                0x20000008                SystemCoreClock
                0x20000010                        . = ALIGN (0x8)
 *fill*         0x2000000c        0x4 
                0x20000010                        _edata = .

.igot.plt       0x20000010        0x0 load address 0x08007888
 .igot.plt      0x20000010        0x0 C:/ST/STM32CubeCLT_1.15.1/GNU-tools-for-STM32/bin/../lib/gcc/arm-none-eabi/12.3.1/thumb/v8-m.main+fp/hard/crtbegin.o

.sram4          0x20000010      0xd22 load address 0x08007888
 .sram4         0x20000010      0xd22 CMakeFiles/peepshow_hw5_fw0.dir/Core/Src/LS013B7DH05.c.obj
                0x20000d38                        . = ALIGN (0x8)

.bss            0x20000d34      0xf24 load address 0x080085aa
                0x20000d34                        _sbss = .
                0x20000d34                        __bss_start__ = _sbss
 *(.bss)
 .bss           0x20000d34       0x1c C:/ST/STM32CubeCLT_1.15.1/GNU-tools-for-STM32/bin/../lib/gcc/arm-none-eabi/12.3.1/thumb/v8-m.main+fp/hard/crtbegin.o
 *(.bss*)
 .bss.hi2c3     0x20000d50       0x54 CMakeFiles/peepshow_hw5_fw0.dir/Core/Src/main.c.obj
                0x20000d50                hi2c3
 .bss.hrtc      0x20000da4       0x30 CMakeFiles/peepshow_hw5_fw0.dir/Core/Src/main.c.obj
                0x20000da4                hrtc
 .bss.hspi3     0x20000dd4       0x90 CMakeFiles/peepshow_hw5_fw0.dir/Core/Src/main.c.obj
                0x20000dd4                hspi3
 .bss.g_ps_phase0b_pmic_probe
                0x20000e64      0x17c CMakeFiles/peepshow_hw5_fw0.dir/Core/Src/main.c.obj
                0x20000e64                g_ps_phase0b_pmic_probe
 .bss.g_ps_phase0_reset_clock_probe
                0x20000fe0       0x48 CMakeFiles/peepshow_hw5_fw0.dir/Core/Src/main.c.obj
                0x20000fe0                g_ps_phase0_reset_clock_probe
 .bss.g_ps_phase1_display_baseline_probe
                0x20001028       0x28 CMakeFiles/peepshow_hw5_fw0.dir/Core/Src/main.c.obj
                0x20001028                g_ps_phase1_display_baseline_probe
 .bss.g_ps_phase1_display_invert_probe
                0x20001050       0x28 CMakeFiles/peepshow_hw5_fw0.dir/Core/Src/main.c.obj
                0x20001050                g_ps_phase1_display_invert_probe
 .bss.g_ps_phase1_lcd
                0x20001078        0x4 CMakeFiles/peepshow_hw5_fw0.dir/Core/Src/main.c.obj
 .bss.g_ps_phase1_display_framebuffer
                0x2000107c      0xbd0 CMakeFiles/peepshow_hw5_fw0.dir/Core/Src/main.c.obj
 .bss.initialized.1
                0x20001c4c        0x1 CMakeFiles/peepshow_hw5_fw0.dir/Core/Src/main.c.obj
 .bss.row_block_index.0
                0x20001c4d        0x1 CMakeFiles/peepshow_hw5_fw0.dir/Core/Src/main.c.obj
 *fill*         0x20001c4e        0x2 
 .bss.uwTick    0x20001c50        0x4 CMakeFiles/peepshow_hw5_fw0.dir/Drivers/STM32U5xx_HAL_Driver/Src/stm32u5xx_hal.c.obj
                0x20001c50                uwTick
 *(COMMON)
                0x20001c58                        . = ALIGN (0x8)
 *fill*         0x20001c54        0x4 
                0x20001c58                        _ebss = .
                0x20001c58                        __bss_end__ = _ebss

._user_heap_stack
                0x20001c58      0x600 load address 0x080085aa
                0x20001c58                        . = ALIGN (0x8)
                [!provide]                        PROVIDE (end = .)
                0x20001c58                        PROVIDE (_end = .)
                0x20001e58                        . = (. + _Min_Heap_Size)
 *fill*         0x20001c58      0x200 
                0x20002258                        . = (. + _Min_Stack_Size)
 *fill*         0x20001e58      0x400 
                0x20002258                        . = ALIGN (0x8)

/DISCARD/
 libc.a(*)
 libm.a(*)
 libgcc.a(*)

.ARM.attributes
                0x00000000       0x36
 *(.ARM.attributes)
 .ARM.attributes
                0x00000000       0x26 C:/ST/STM32CubeCLT_1.15.1/GNU-tools-for-STM32/bin/../lib/gcc/arm-none-eabi/12.3.1/thumb/v8-m.main+fp/hard/crti.o
 .ARM.attributes
                0x00000026       0x38 C:/ST/STM32CubeCLT_1.15.1/GNU-tools-for-STM32/bin/../lib/gcc/arm-none-eabi/12.3.1/thumb/v8-m.main+fp/hard/crtbegin.o
 .ARM.attributes
                0x0000005e       0x38 C:/ST/STM32CubeCLT_1.15.1/GNU-tools-for-STM32/bin/../lib/gcc/arm-none-eabi/12.3.1/../../../../arm-none-eabi/lib/thumb/v8-m.main+fp/hard\libc_nano.a(libc_a-memset.o)
 .ARM.attributes
                0x00000096       0x38 C:/ST/STM32CubeCLT_1.15.1/GNU-tools-for-STM32/bin/../lib/gcc/arm-none-eabi/12.3.1/../../../../arm-none-eabi/lib/thumb/v8-m.main+fp/hard\libc_nano.a(libc_a-init.o)
 .ARM.attributes
                0x000000ce       0x3a CMakeFiles/peepshow_hw5_fw0.dir/Core/Src/ADP5360.c.obj
 .ARM.attributes
                0x00000108       0x3a CMakeFiles/peepshow_hw5_fw0.dir/Core/Src/LS013B7DH05.c.obj
 .ARM.attributes
                0x00000142       0x3a CMakeFiles/peepshow_hw5_fw0.dir/Core/Src/main.c.obj
 .ARM.attributes
                0x0000017c       0x3a CMakeFiles/peepshow_hw5_fw0.dir/Core/Src/stm32u5xx_it.c.obj
 .ARM.attributes
                0x000001b6       0x3a CMakeFiles/peepshow_hw5_fw0.dir/Core/Src/stm32u5xx_hal_msp.c.obj
 .ARM.attributes
                0x000001f0       0x3a CMakeFiles/peepshow_hw5_fw0.dir/Drivers/STM32U5xx_HAL_Driver/Src/stm32u5xx_hal_cortex.c.obj
 .ARM.attributes
                0x0000022a       0x3a CMakeFiles/peepshow_hw5_fw0.dir/Drivers/STM32U5xx_HAL_Driver/Src/stm32u5xx_hal.c.obj
 .ARM.attributes
                0x00000264       0x3a CMakeFiles/peepshow_hw5_fw0.dir/Drivers/STM32U5xx_HAL_Driver/Src/stm32u5xx_hal_i2c.c.obj
 .ARM.attributes
                0x0000029e       0x3a CMakeFiles/peepshow_hw5_fw0.dir/Drivers/STM32U5xx_HAL_Driver/Src/stm32u5xx_hal_i2c_ex.c.obj
 .ARM.attributes
                0x000002d8       0x3a CMakeFiles/peepshow_hw5_fw0.dir/Drivers/STM32U5xx_HAL_Driver/Src/stm32u5xx_hal_rcc.c.obj
 .ARM.attributes
                0x00000312       0x3a CMakeFiles/peepshow_hw5_fw0.dir/Drivers/STM32U5xx_HAL_Driver/Src/stm32u5xx_hal_rcc_ex.c.obj
 .ARM.attributes
                0x0000034c       0x3a CMakeFiles/peepshow_hw5_fw0.dir/Drivers/STM32U5xx_HAL_Driver/Src/stm32u5xx_hal_gpio.c.obj
 .ARM.attributes
                0x00000386       0x3a CMakeFiles/peepshow_hw5_fw0.dir/Drivers/STM32U5xx_HAL_Driver/Src/stm32u5xx_hal_pwr_ex.c.obj
 .ARM.attributes
                0x000003c0       0x3a CMakeFiles/peepshow_hw5_fw0.dir/Drivers/STM32U5xx_HAL_Driver/Src/stm32u5xx_hal_icache.c.obj
 .ARM.attributes
                0x000003fa       0x3a CMakeFiles/peepshow_hw5_fw0.dir/Drivers/STM32U5xx_HAL_Driver/Src/stm32u5xx_hal_rtc.c.obj
 .ARM.attributes
                0x00000434       0x3a CMakeFiles/peepshow_hw5_fw0.dir/Drivers/STM32U5xx_HAL_Driver/Src/stm32u5xx_hal_rtc_ex.c.obj
 .ARM.attributes
                0x0000046e       0x3a CMakeFiles/peepshow_hw5_fw0.dir/Drivers/STM32U5xx_HAL_Driver/Src/stm32u5xx_hal_spi.c.obj
 .ARM.attributes
                0x000004a8       0x3a CMakeFiles/peepshow_hw5_fw0.dir/Drivers/STM32U5xx_HAL_Driver/Src/stm32u5xx_hal_spi_ex.c.obj
 .ARM.attributes
                0x000004e2       0x3a CMakeFiles/peepshow_hw5_fw0.dir/Core/Src/system_stm32u5xx.c.obj
 .ARM.attributes
                0x0000051c       0x24 CMakeFiles/peepshow_hw5_fw0.dir/startup_stm32u575xx.s.obj
 .ARM.attributes
                0x00000540       0x38 C:/ST/STM32CubeCLT_1.15.1/GNU-tools-for-STM32/bin/../lib/gcc/arm-none-eabi/12.3.1/../../../../arm-none-eabi/lib/thumb/v8-m.main+fp/hard\libg_nano.a(libc_a-memcpy-stub.o)
 .ARM.attributes
                0x00000578       0x26 C:/ST/STM32CubeCLT_1.15.1/GNU-tools-for-STM32/bin/../lib/gcc/arm-none-eabi/12.3.1/thumb/v8-m.main+fp/hard/crtn.o
OUTPUT(peepshow_hw5_fw0.elf elf32-littlearm)
LOAD linker stubs
LOAD C:/ST/STM32CubeCLT_1.15.1/GNU-tools-for-STM32/bin/../lib/gcc/arm-none-eabi/12.3.1/../../../../arm-none-eabi/lib/thumb/v8-m.main+fp/hard\libc.a
LOAD C:/ST/STM32CubeCLT_1.15.1/GNU-tools-for-STM32/bin/../lib/gcc/arm-none-eabi/12.3.1/../../../../arm-none-eabi/lib/thumb/v8-m.main+fp/hard\libm.a
LOAD C:/ST/STM32CubeCLT_1.15.1/GNU-tools-for-STM32/bin/../lib/gcc/arm-none-eabi/12.3.1/thumb/v8-m.main+fp/hard\libgcc.a

.debug_frame    0x00000000     0x6264
 .debug_frame   0x00000000       0x20 C:/ST/STM32CubeCLT_1.15.1/GNU-tools-for-STM32/bin/../lib/gcc/arm-none-eabi/12.3.1/../../../../arm-none-eabi/lib/thumb/v8-m.main+fp/hard\libc_nano.a(libc_a-memset.o)
 .debug_frame   0x00000020       0x2c C:/ST/STM32CubeCLT_1.15.1/GNU-tools-for-STM32/bin/../lib/gcc/arm-none-eabi/12.3.1/../../../../arm-none-eabi/lib/thumb/v8-m.main+fp/hard\libc_nano.a(libc_a-init.o)
 .debug_frame   0x0000004c     0x1574 CMakeFiles/peepshow_hw5_fw0.dir/Core/Src/ADP5360.c.obj
 .debug_frame   0x000015c0      0x244 CMakeFiles/peepshow_hw5_fw0.dir/Core/Src/LS013B7DH05.c.obj
 .debug_frame   0x00001804      0x218 CMakeFiles/peepshow_hw5_fw0.dir/Core/Src/main.c.obj
 .debug_frame   0x00001a1c      0x104 CMakeFiles/peepshow_hw5_fw0.dir/Core/Src/stm32u5xx_it.c.obj
 .debug_frame   0x00001b20      0x11c CMakeFiles/peepshow_hw5_fw0.dir/Core/Src/stm32u5xx_hal_msp.c.obj
 .debug_frame   0x00001c3c      0x560 CMakeFiles/peepshow_hw5_fw0.dir/Drivers/STM32U5xx_HAL_Driver/Src/stm32u5xx_hal_cortex.c.obj
 .debug_frame   0x0000219c      0x500 CMakeFiles/peepshow_hw5_fw0.dir/Drivers/STM32U5xx_HAL_Driver/Src/stm32u5xx_hal.c.obj
 .debug_frame   0x0000269c      0xc44 CMakeFiles/peepshow_hw5_fw0.dir/Drivers/STM32U5xx_HAL_Driver/Src/stm32u5xx_hal_i2c.c.obj
 .debug_frame   0x000032e0      0x150 CMakeFiles/peepshow_hw5_fw0.dir/Drivers/STM32U5xx_HAL_Driver/Src/stm32u5xx_hal_i2c_ex.c.obj
 .debug_frame   0x00003430      0x288 CMakeFiles/peepshow_hw5_fw0.dir/Drivers/STM32U5xx_HAL_Driver/Src/stm32u5xx_hal_rcc.c.obj
 .debug_frame   0x000036b8      0x5f0 CMakeFiles/peepshow_hw5_fw0.dir/Drivers/STM32U5xx_HAL_Driver/Src/stm32u5xx_hal_rcc_ex.c.obj
 .debug_frame   0x00003ca8      0x1ec CMakeFiles/peepshow_hw5_fw0.dir/Drivers/STM32U5xx_HAL_Driver/Src/stm32u5xx_hal_gpio.c.obj
 .debug_frame   0x00003e94      0x84c CMakeFiles/peepshow_hw5_fw0.dir/Drivers/STM32U5xx_HAL_Driver/Src/stm32u5xx_hal_pwr_ex.c.obj
 .debug_frame   0x000046e0      0x298 CMakeFiles/peepshow_hw5_fw0.dir/Drivers/STM32U5xx_HAL_Driver/Src/stm32u5xx_hal_icache.c.obj
 .debug_frame   0x00004978      0x3f8 CMakeFiles/peepshow_hw5_fw0.dir/Drivers/STM32U5xx_HAL_Driver/Src/stm32u5xx_hal_rtc.c.obj
 .debug_frame   0x00004d70      0xbc8 CMakeFiles/peepshow_hw5_fw0.dir/Drivers/STM32U5xx_HAL_Driver/Src/stm32u5xx_hal_rtc_ex.c.obj
 .debug_frame   0x00005938      0x7ac CMakeFiles/peepshow_hw5_fw0.dir/Drivers/STM32U5xx_HAL_Driver/Src/stm32u5xx_hal_spi.c.obj
 .debug_frame   0x000060e4      0x100 CMakeFiles/peepshow_hw5_fw0.dir/Drivers/STM32U5xx_HAL_Driver/Src/stm32u5xx_hal_spi_ex.c.obj
 .debug_frame   0x000061e4       0x58 CMakeFiles/peepshow_hw5_fw0.dir/Core/Src/system_stm32u5xx.c.obj
 .debug_frame   0x0000623c       0x28 C:/ST/STM32CubeCLT_1.15.1/GNU-tools-for-STM32/bin/../lib/gcc/arm-none-eabi/12.3.1/../../../../arm-none-eabi/lib/thumb/v8-m.main+fp/hard\libg_nano.a(libc_a-memcpy-stub.o)

.debug_info     0x00000000    0x1873c
 .debug_info    0x00000000     0x4613 CMakeFiles/peepshow_hw5_fw0.dir/Core/Src/ADP5360.c.obj
 .debug_info    0x00004613      0xeb3 CMakeFiles/peepshow_hw5_fw0.dir/Core/Src/LS013B7DH05.c.obj
 .debug_info    0x000054c6     0x2d54 CMakeFiles/peepshow_hw5_fw0.dir/Core/Src/main.c.obj
 .debug_info    0x0000821a      0x128 CMakeFiles/peepshow_hw5_fw0.dir/Core/Src/stm32u5xx_it.c.obj
 .debug_info    0x00008342     0x18ae CMakeFiles/peepshow_hw5_fw0.dir/Core/Src/stm32u5xx_hal_msp.c.obj
 .debug_info    0x00009bf0     0x163a CMakeFiles/peepshow_hw5_fw0.dir/Drivers/STM32U5xx_HAL_Driver/Src/stm32u5xx_hal_cortex.c.obj
 .debug_info    0x0000b22a     0x11dd CMakeFiles/peepshow_hw5_fw0.dir/Drivers/STM32U5xx_HAL_Driver/Src/stm32u5xx_hal.c.obj
 .debug_info    0x0000c407     0x231f CMakeFiles/peepshow_hw5_fw0.dir/Drivers/STM32U5xx_HAL_Driver/Src/stm32u5xx_hal_i2c.c.obj
 .debug_info    0x0000e726      0x9ff CMakeFiles/peepshow_hw5_fw0.dir/Drivers/STM32U5xx_HAL_Driver/Src/stm32u5xx_hal_i2c_ex.c.obj
 .debug_info    0x0000f125     0x11f0 CMakeFiles/peepshow_hw5_fw0.dir/Drivers/STM32U5xx_HAL_Driver/Src/stm32u5xx_hal_rcc.c.obj
 .debug_info    0x00010315     0x157f CMakeFiles/peepshow_hw5_fw0.dir/Drivers/STM32U5xx_HAL_Driver/Src/stm32u5xx_hal_rcc_ex.c.obj
 .debug_info    0x00011894      0x859 CMakeFiles/peepshow_hw5_fw0.dir/Drivers/STM32U5xx_HAL_Driver/Src/stm32u5xx_hal_gpio.c.obj
 .debug_info    0x000120ed      0xe3e CMakeFiles/peepshow_hw5_fw0.dir/Drivers/STM32U5xx_HAL_Driver/Src/stm32u5xx_hal_pwr_ex.c.obj
 .debug_info    0x00012f2b      0x4d6 CMakeFiles/peepshow_hw5_fw0.dir/Drivers/STM32U5xx_HAL_Driver/Src/stm32u5xx_hal_icache.c.obj
 .debug_info    0x00013401      0xe18 CMakeFiles/peepshow_hw5_fw0.dir/Drivers/STM32U5xx_HAL_Driver/Src/stm32u5xx_hal_rtc.c.obj
 .debug_info    0x00014219     0x1a91 CMakeFiles/peepshow_hw5_fw0.dir/Drivers/STM32U5xx_HAL_Driver/Src/stm32u5xx_hal_rtc_ex.c.obj
 .debug_info    0x00015caa     0x1581 CMakeFiles/peepshow_hw5_fw0.dir/Drivers/STM32U5xx_HAL_Driver/Src/stm32u5xx_hal_spi.c.obj
 .debug_info    0x0001722b      0xa97 CMakeFiles/peepshow_hw5_fw0.dir/Drivers/STM32U5xx_HAL_Driver/Src/stm32u5xx_hal_spi_ex.c.obj
 .debug_info    0x00017cc2      0x929 CMakeFiles/peepshow_hw5_fw0.dir/Core/Src/system_stm32u5xx.c.obj
 .debug_info    0x000185eb       0x30 CMakeFiles/peepshow_hw5_fw0.dir/startup_stm32u575xx.s.obj
 .debug_info    0x0001861b      0x121 C:/ST/STM32CubeCLT_1.15.1/GNU-tools-for-STM32/bin/../lib/gcc/arm-none-eabi/12.3.1/../../../../arm-none-eabi/lib/thumb/v8-m.main+fp/hard\libg_nano.a(libc_a-memcpy-stub.o)

.debug_abbrev   0x00000000     0x2c8f
 .debug_abbrev  0x00000000      0x2fb CMakeFiles/peepshow_hw5_fw0.dir/Core/Src/ADP5360.c.obj
 .debug_abbrev  0x000002fb      0x2fe CMakeFiles/peepshow_hw5_fw0.dir/Core/Src/LS013B7DH05.c.obj
 .debug_abbrev  0x000005f9      0x367 CMakeFiles/peepshow_hw5_fw0.dir/Core/Src/main.c.obj
 .debug_abbrev  0x00000960       0x73 CMakeFiles/peepshow_hw5_fw0.dir/Core/Src/stm32u5xx_it.c.obj
 .debug_abbrev  0x000009d3      0x240 CMakeFiles/peepshow_hw5_fw0.dir/Core/Src/stm32u5xx_hal_msp.c.obj
 .debug_abbrev  0x00000c13      0x311 CMakeFiles/peepshow_hw5_fw0.dir/Drivers/STM32U5xx_HAL_Driver/Src/stm32u5xx_hal_cortex.c.obj
 .debug_abbrev  0x00000f24      0x2ba CMakeFiles/peepshow_hw5_fw0.dir/Drivers/STM32U5xx_HAL_Driver/Src/stm32u5xx_hal.c.obj
 .debug_abbrev  0x000011de      0x271 CMakeFiles/peepshow_hw5_fw0.dir/Drivers/STM32U5xx_HAL_Driver/Src/stm32u5xx_hal_i2c.c.obj
 .debug_abbrev  0x0000144f      0x1c0 CMakeFiles/peepshow_hw5_fw0.dir/Drivers/STM32U5xx_HAL_Driver/Src/stm32u5xx_hal_i2c_ex.c.obj
 .debug_abbrev  0x0000160f      0x2cb CMakeFiles/peepshow_hw5_fw0.dir/Drivers/STM32U5xx_HAL_Driver/Src/stm32u5xx_hal_rcc.c.obj
 .debug_abbrev  0x000018da      0x23d CMakeFiles/peepshow_hw5_fw0.dir/Drivers/STM32U5xx_HAL_Driver/Src/stm32u5xx_hal_rcc_ex.c.obj
 .debug_abbrev  0x00001b17      0x25a CMakeFiles/peepshow_hw5_fw0.dir/Drivers/STM32U5xx_HAL_Driver/Src/stm32u5xx_hal_gpio.c.obj
 .debug_abbrev  0x00001d71      0x215 CMakeFiles/peepshow_hw5_fw0.dir/Drivers/STM32U5xx_HAL_Driver/Src/stm32u5xx_hal_pwr_ex.c.obj
 .debug_abbrev  0x00001f86      0x228 CMakeFiles/peepshow_hw5_fw0.dir/Drivers/STM32U5xx_HAL_Driver/Src/stm32u5xx_hal_icache.c.obj
 .debug_abbrev  0x000021ae      0x206 CMakeFiles/peepshow_hw5_fw0.dir/Drivers/STM32U5xx_HAL_Driver/Src/stm32u5xx_hal_rtc.c.obj
 .debug_abbrev  0x000023b4      0x253 CMakeFiles/peepshow_hw5_fw0.dir/Drivers/STM32U5xx_HAL_Driver/Src/stm32u5xx_hal_rtc_ex.c.obj
 .debug_abbrev  0x00002607      0x2b3 CMakeFiles/peepshow_hw5_fw0.dir/Drivers/STM32U5xx_HAL_Driver/Src/stm32u5xx_hal_spi.c.obj
 .debug_abbrev  0x000028ba      0x1c7 CMakeFiles/peepshow_hw5_fw0.dir/Drivers/STM32U5xx_HAL_Driver/Src/stm32u5xx_hal_spi_ex.c.obj
 .debug_abbrev  0x00002a81      0x129 CMakeFiles/peepshow_hw5_fw0.dir/Core/Src/system_stm32u5xx.c.obj
 .debug_abbrev  0x00002baa       0x24 CMakeFiles/peepshow_hw5_fw0.dir/startup_stm32u575xx.s.obj
 .debug_abbrev  0x00002bce       0xc1 C:/ST/STM32CubeCLT_1.15.1/GNU-tools-for-STM32/bin/../lib/gcc/arm-none-eabi/12.3.1/../../../../arm-none-eabi/lib/thumb/v8-m.main+fp/hard\libg_nano.a(libc_a-memcpy-stub.o)

.debug_aranges  0x00000000     0x16e0
 .debug_aranges
                0x00000000      0x498 CMakeFiles/peepshow_hw5_fw0.dir/Core/Src/ADP5360.c.obj
 .debug_aranges
                0x00000498       0x98 CMakeFiles/peepshow_hw5_fw0.dir/Core/Src/LS013B7DH05.c.obj
 .debug_aranges
                0x00000530       0x90 CMakeFiles/peepshow_hw5_fw0.dir/Core/Src/main.c.obj
 .debug_aranges
                0x000005c0       0x60 CMakeFiles/peepshow_hw5_fw0.dir/Core/Src/stm32u5xx_it.c.obj
 .debug_aranges
                0x00000620       0x50 CMakeFiles/peepshow_hw5_fw0.dir/Core/Src/stm32u5xx_hal_msp.c.obj
 .debug_aranges
                0x00000670      0x140 CMakeFiles/peepshow_hw5_fw0.dir/Drivers/STM32U5xx_HAL_Driver/Src/stm32u5xx_hal_cortex.c.obj
 .debug_aranges
                0x000007b0      0x148 CMakeFiles/peepshow_hw5_fw0.dir/Drivers/STM32U5xx_HAL_Driver/Src/stm32u5xx_hal.c.obj
 .debug_aranges
                0x000008f8      0x2a0 CMakeFiles/peepshow_hw5_fw0.dir/Drivers/STM32U5xx_HAL_Driver/Src/stm32u5xx_hal_i2c.c.obj
 .debug_aranges
                0x00000b98       0x58 CMakeFiles/peepshow_hw5_fw0.dir/Drivers/STM32U5xx_HAL_Driver/Src/stm32u5xx_hal_i2c_ex.c.obj
 .debug_aranges
                0x00000bf0       0xa8 CMakeFiles/peepshow_hw5_fw0.dir/Drivers/STM32U5xx_HAL_Driver/Src/stm32u5xx_hal_rcc.c.obj
 .debug_aranges
                0x00000c98      0x160 CMakeFiles/peepshow_hw5_fw0.dir/Drivers/STM32U5xx_HAL_Driver/Src/stm32u5xx_hal_rcc_ex.c.obj
 .debug_aranges
                0x00000df8       0x78 CMakeFiles/peepshow_hw5_fw0.dir/Drivers/STM32U5xx_HAL_Driver/Src/stm32u5xx_hal_gpio.c.obj
 .debug_aranges
                0x00000e70      0x200 CMakeFiles/peepshow_hw5_fw0.dir/Drivers/STM32U5xx_HAL_Driver/Src/stm32u5xx_hal_pwr_ex.c.obj
 .debug_aranges
                0x00001070       0xa8 CMakeFiles/peepshow_hw5_fw0.dir/Drivers/STM32U5xx_HAL_Driver/Src/stm32u5xx_hal_icache.c.obj
 .debug_aranges
                0x00001118       0xe8 CMakeFiles/peepshow_hw5_fw0.dir/Drivers/STM32U5xx_HAL_Driver/Src/stm32u5xx_hal_rtc.c.obj
 .debug_aranges
                0x00001200      0x280 CMakeFiles/peepshow_hw5_fw0.dir/Drivers/STM32U5xx_HAL_Driver/Src/stm32u5xx_hal_rtc_ex.c.obj
 .debug_aranges
                0x00001480      0x1a8 CMakeFiles/peepshow_hw5_fw0.dir/Drivers/STM32U5xx_HAL_Driver/Src/stm32u5xx_hal_spi.c.obj
 .debug_aranges
                0x00001628       0x48 CMakeFiles/peepshow_hw5_fw0.dir/Drivers/STM32U5xx_HAL_Driver/Src/stm32u5xx_hal_spi_ex.c.obj
 .debug_aranges
                0x00001670       0x28 CMakeFiles/peepshow_hw5_fw0.dir/Core/Src/system_stm32u5xx.c.obj
 .debug_aranges
                0x00001698       0x28 CMakeFiles/peepshow_hw5_fw0.dir/startup_stm32u575xx.s.obj
 .debug_aranges
                0x000016c0       0x20 C:/ST/STM32CubeCLT_1.15.1/GNU-tools-for-STM32/bin/../lib/gcc/arm-none-eabi/12.3.1/../../../../arm-none-eabi/lib/thumb/v8-m.main+fp/hard\libg_nano.a(libc_a-memcpy-stub.o)

.debug_rnglists
                0x00000000     0x11a5
 .debug_rnglists
                0x00000000      0x3a6 CMakeFiles/peepshow_hw5_fw0.dir/Core/Src/ADP5360.c.obj
 .debug_rnglists
                0x000003a6       0x7d CMakeFiles/peepshow_hw5_fw0.dir/Core/Src/LS013B7DH05.c.obj
 .debug_rnglists
                0x00000423       0x70 CMakeFiles/peepshow_hw5_fw0.dir/Core/Src/main.c.obj
 .debug_rnglists
                0x00000493       0x43 CMakeFiles/peepshow_hw5_fw0.dir/Core/Src/stm32u5xx_it.c.obj
 .debug_rnglists
                0x000004d6       0x3a CMakeFiles/peepshow_hw5_fw0.dir/Core/Src/stm32u5xx_hal_msp.c.obj
 .debug_rnglists
                0x00000510       0xec CMakeFiles/peepshow_hw5_fw0.dir/Drivers/STM32U5xx_HAL_Driver/Src/stm32u5xx_hal_cortex.c.obj
 .debug_rnglists
                0x000005fc       0xf3 CMakeFiles/peepshow_hw5_fw0.dir/Drivers/STM32U5xx_HAL_Driver/Src/stm32u5xx_hal.c.obj
 .debug_rnglists
                0x000006ef      0x228 CMakeFiles/peepshow_hw5_fw0.dir/Drivers/STM32U5xx_HAL_Driver/Src/stm32u5xx_hal_i2c.c.obj
 .debug_rnglists
                0x00000917       0x43 CMakeFiles/peepshow_hw5_fw0.dir/Drivers/STM32U5xx_HAL_Driver/Src/stm32u5xx_hal_i2c_ex.c.obj
 .debug_rnglists
                0x0000095a       0x7f CMakeFiles/peepshow_hw5_fw0.dir/Drivers/STM32U5xx_HAL_Driver/Src/stm32u5xx_hal_rcc.c.obj
 .debug_rnglists
                0x000009d9      0x113 CMakeFiles/peepshow_hw5_fw0.dir/Drivers/STM32U5xx_HAL_Driver/Src/stm32u5xx_hal_rcc_ex.c.obj
 .debug_rnglists
                0x00000aec       0x5a CMakeFiles/peepshow_hw5_fw0.dir/Drivers/STM32U5xx_HAL_Driver/Src/stm32u5xx_hal_gpio.c.obj
 .debug_rnglists
                0x00000b46      0x186 CMakeFiles/peepshow_hw5_fw0.dir/Drivers/STM32U5xx_HAL_Driver/Src/stm32u5xx_hal_pwr_ex.c.obj
 .debug_rnglists
                0x00000ccc       0x7a CMakeFiles/peepshow_hw5_fw0.dir/Drivers/STM32U5xx_HAL_Driver/Src/stm32u5xx_hal_icache.c.obj
 .debug_rnglists
                0x00000d46       0xb3 CMakeFiles/peepshow_hw5_fw0.dir/Drivers/STM32U5xx_HAL_Driver/Src/stm32u5xx_hal_rtc.c.obj
 .debug_rnglists
                0x00000df9      0x1e9 CMakeFiles/peepshow_hw5_fw0.dir/Drivers/STM32U5xx_HAL_Driver/Src/stm32u5xx_hal_rtc_ex.c.obj
 .debug_rnglists
                0x00000fe2      0x148 CMakeFiles/peepshow_hw5_fw0.dir/Drivers/STM32U5xx_HAL_Driver/Src/stm32u5xx_hal_spi.c.obj
 .debug_rnglists
                0x0000112a       0x35 CMakeFiles/peepshow_hw5_fw0.dir/Drivers/STM32U5xx_HAL_Driver/Src/stm32u5xx_hal_spi_ex.c.obj
 .debug_rnglists
                0x0000115f       0x1a CMakeFiles/peepshow_hw5_fw0.dir/Core/Src/system_stm32u5xx.c.obj
 .debug_rnglists
                0x00001179       0x19 CMakeFiles/peepshow_hw5_fw0.dir/startup_stm32u575xx.s.obj
 .debug_rnglists
                0x00001192       0x13 C:/ST/STM32CubeCLT_1.15.1/GNU-tools-for-STM32/bin/../lib/gcc/arm-none-eabi/12.3.1/../../../../arm-none-eabi/lib/thumb/v8-m.main+fp/hard\libg_nano.a(libc_a-memcpy-stub.o)

.debug_macro    0x00000000    0x32faf
 .debug_macro   0x00000000      0x2aa CMakeFiles/peepshow_hw5_fw0.dir/Core/Src/ADP5360.c.obj
 .debug_macro   0x000002aa      0xaba CMakeFiles/peepshow_hw5_fw0.dir/Core/Src/ADP5360.c.obj
 .debug_macro   0x00000d64       0x22 CMakeFiles/peepshow_hw5_fw0.dir/Core/Src/ADP5360.c.obj
 .debug_macro   0x00000d86       0x8e CMakeFiles/peepshow_hw5_fw0.dir/Core/Src/ADP5360.c.obj
 .debug_macro   0x00000e14       0x51 CMakeFiles/peepshow_hw5_fw0.dir/Core/Src/ADP5360.c.obj
 .debug_macro   0x00000e65      0x103 CMakeFiles/peepshow_hw5_fw0.dir/Core/Src/ADP5360.c.obj
 .debug_macro   0x00000f68       0x6a CMakeFiles/peepshow_hw5_fw0.dir/Core/Src/ADP5360.c.obj
 .debug_macro   0x00000fd2      0x1df CMakeFiles/peepshow_hw5_fw0.dir/Core/Src/ADP5360.c.obj
 .debug_macro   0x000011b1      0x1f2 CMakeFiles/peepshow_hw5_fw0.dir/Core/Src/ADP5360.c.obj
 .debug_macro   0x000013a3       0x2e CMakeFiles/peepshow_hw5_fw0.dir/Core/Src/ADP5360.c.obj
 .debug_macro   0x000013d1       0x42 CMakeFiles/peepshow_hw5_fw0.dir/Core/Src/ADP5360.c.obj
 .debug_macro   0x00001413       0x1c CMakeFiles/peepshow_hw5_fw0.dir/Core/Src/ADP5360.c.obj
 .debug_macro   0x0000142f       0x29 CMakeFiles/peepshow_hw5_fw0.dir/Core/Src/ADP5360.c.obj
 .debug_macro   0x00001458       0xfb CMakeFiles/peepshow_hw5_fw0.dir/Core/Src/ADP5360.c.obj
 .debug_macro   0x00001553     0x1685 CMakeFiles/peepshow_hw5_fw0.dir/Core/Src/ADP5360.c.obj
 .debug_macro   0x00002bd8       0x5e CMakeFiles/peepshow_hw5_fw0.dir/Core/Src/ADP5360.c.obj
 .debug_macro   0x00002c36    0x223f5 CMakeFiles/peepshow_hw5_fw0.dir/Core/Src/ADP5360.c.obj
 .debug_macro   0x0002502b       0x6d CMakeFiles/peepshow_hw5_fw0.dir/Core/Src/ADP5360.c.obj
 .debug_macro   0x00025098     0x3873 CMakeFiles/peepshow_hw5_fw0.dir/Core/Src/ADP5360.c.obj
 .debug_macro   0x0002890b      0x189 CMakeFiles/peepshow_hw5_fw0.dir/Core/Src/ADP5360.c.obj
 .debug_macro   0x00028a94       0x74 CMakeFiles/peepshow_hw5_fw0.dir/Core/Src/ADP5360.c.obj
 .debug_macro   0x00028b08       0x2a CMakeFiles/peepshow_hw5_fw0.dir/Core/Src/ADP5360.c.obj
 .debug_macro   0x00028b32       0x3c CMakeFiles/peepshow_hw5_fw0.dir/Core/Src/ADP5360.c.obj
 .debug_macro   0x00028b6e       0x34 CMakeFiles/peepshow_hw5_fw0.dir/Core/Src/ADP5360.c.obj
 .debug_macro   0x00028ba2       0x16 CMakeFiles/peepshow_hw5_fw0.dir/Core/Src/ADP5360.c.obj
 .debug_macro   0x00028bb8       0x43 CMakeFiles/peepshow_hw5_fw0.dir/Core/Src/ADP5360.c.obj
 .debug_macro   0x00028bfb       0x34 CMakeFiles/peepshow_hw5_fw0.dir/Core/Src/ADP5360.c.obj
 .debug_macro   0x00028c2f       0x10 CMakeFiles/peepshow_hw5_fw0.dir/Core/Src/ADP5360.c.obj
 .debug_macro   0x00028c3f       0x58 CMakeFiles/peepshow_hw5_fw0.dir/Core/Src/ADP5360.c.obj
 .debug_macro   0x00028c97      0x1de CMakeFiles/peepshow_hw5_fw0.dir/Core/Src/ADP5360.c.obj
 .debug_macro   0x00028e75      0x369 CMakeFiles/peepshow_hw5_fw0.dir/Core/Src/ADP5360.c.obj
 .debug_macro   0x000291de      0x19b CMakeFiles/peepshow_hw5_fw0.dir/Core/Src/ADP5360.c.obj
 .debug_macro   0x00029379       0x5d CMakeFiles/peepshow_hw5_fw0.dir/Core/Src/ADP5360.c.obj
 .debug_macro   0x000293d6     0x1ae5 CMakeFiles/peepshow_hw5_fw0.dir/Core/Src/ADP5360.c.obj
 .debug_macro   0x0002aebb      0x7dc CMakeFiles/peepshow_hw5_fw0.dir/Core/Src/ADP5360.c.obj
 .debug_macro   0x0002b697      0x166 CMakeFiles/peepshow_hw5_fw0.dir/Core/Src/ADP5360.c.obj
 .debug_macro   0x0002b7fd      0x2aa CMakeFiles/peepshow_hw5_fw0.dir/Core/Src/ADP5360.c.obj
 .debug_macro   0x0002baa7       0xc9 CMakeFiles/peepshow_hw5_fw0.dir/Core/Src/ADP5360.c.obj
 .debug_macro   0x0002bb70      0x5a5 CMakeFiles/peepshow_hw5_fw0.dir/Core/Src/ADP5360.c.obj
 .debug_macro   0x0002c115      0x439 CMakeFiles/peepshow_hw5_fw0.dir/Core/Src/ADP5360.c.obj
 .debug_macro   0x0002c54e       0xd6 CMakeFiles/peepshow_hw5_fw0.dir/Core/Src/ADP5360.c.obj
 .debug_macro   0x0002c624      0x1cd CMakeFiles/peepshow_hw5_fw0.dir/Core/Src/ADP5360.c.obj
 .debug_macro   0x0002c7f1      0x432 CMakeFiles/peepshow_hw5_fw0.dir/Core/Src/ADP5360.c.obj
 .debug_macro   0x0002cc23       0x95 CMakeFiles/peepshow_hw5_fw0.dir/Core/Src/ADP5360.c.obj
 .debug_macro   0x0002ccb8      0x11c CMakeFiles/peepshow_hw5_fw0.dir/Core/Src/ADP5360.c.obj
 .debug_macro   0x0002cdd4      0x23a CMakeFiles/peepshow_hw5_fw0.dir/Core/Src/ADP5360.c.obj
 .debug_macro   0x0002d00e      0x123 CMakeFiles/peepshow_hw5_fw0.dir/Core/Src/ADP5360.c.obj
 .debug_macro   0x0002d131       0xa5 CMakeFiles/peepshow_hw5_fw0.dir/Core/Src/ADP5360.c.obj
 .debug_macro   0x0002d1d6      0x525 CMakeFiles/peepshow_hw5_fw0.dir/Core/Src/ADP5360.c.obj
 .debug_macro   0x0002d6fb      0x4bf CMakeFiles/peepshow_hw5_fw0.dir/Core/Src/ADP5360.c.obj
 .debug_macro   0x0002dbba      0x321 CMakeFiles/peepshow_hw5_fw0.dir/Core/Src/ADP5360.c.obj
 .debug_macro   0x0002dedb      0x916 CMakeFiles/peepshow_hw5_fw0.dir/Core/Src/ADP5360.c.obj
 .debug_macro   0x0002e7f1       0xe4 CMakeFiles/peepshow_hw5_fw0.dir/Core/Src/ADP5360.c.obj
 .debug_macro   0x0002e8d5      0x5cf CMakeFiles/peepshow_hw5_fw0.dir/Core/Src/ADP5360.c.obj
 .debug_macro   0x0002eea4       0xee CMakeFiles/peepshow_hw5_fw0.dir/Core/Src/ADP5360.c.obj
 .debug_macro   0x0002ef92       0xd6 CMakeFiles/peepshow_hw5_fw0.dir/Core/Src/ADP5360.c.obj
 .debug_macro   0x0002f068      0x1c0 CMakeFiles/peepshow_hw5_fw0.dir/Core/Src/ADP5360.c.obj
 .debug_macro   0x0002f228      0x361 CMakeFiles/peepshow_hw5_fw0.dir/Core/Src/ADP5360.c.obj
 .debug_macro   0x0002f589       0x22 CMakeFiles/peepshow_hw5_fw0.dir/Core/Src/ADP5360.c.obj
 .debug_macro   0x0002f5ab      0x673 CMakeFiles/peepshow_hw5_fw0.dir/Core/Src/ADP5360.c.obj
 .debug_macro   0x0002fc1e      0x2f5 CMakeFiles/peepshow_hw5_fw0.dir/Core/Src/LS013B7DH05.c.obj
 .debug_macro   0x0002ff13       0x1c CMakeFiles/peepshow_hw5_fw0.dir/Core/Src/LS013B7DH05.c.obj
 .debug_macro   0x0002ff2f       0x16 CMakeFiles/peepshow_hw5_fw0.dir/Core/Src/LS013B7DH05.c.obj
 .debug_macro   0x0002ff45       0x35 CMakeFiles/peepshow_hw5_fw0.dir/Core/Src/LS013B7DH05.c.obj
 .debug_macro   0x0002ff7a       0x20 CMakeFiles/peepshow_hw5_fw0.dir/Core/Src/LS013B7DH05.c.obj
 .debug_macro   0x0002ff9a      0x365 CMakeFiles/peepshow_hw5_fw0.dir/Core/Src/main.c.obj
 .debug_macro   0x000302ff       0x10 CMakeFiles/peepshow_hw5_fw0.dir/Core/Src/main.c.obj
 .debug_macro   0x0003030f      0x2a4 CMakeFiles/peepshow_hw5_fw0.dir/Core/Src/stm32u5xx_it.c.obj
 .debug_macro   0x000305b3      0x29a CMakeFiles/peepshow_hw5_fw0.dir/Core/Src/stm32u5xx_hal_msp.c.obj
 .debug_macro   0x0003084d      0x28b CMakeFiles/peepshow_hw5_fw0.dir/Drivers/STM32U5xx_HAL_Driver/Src/stm32u5xx_hal_cortex.c.obj
 .debug_macro   0x00030ad8      0x2af CMakeFiles/peepshow_hw5_fw0.dir/Drivers/STM32U5xx_HAL_Driver/Src/stm32u5xx_hal.c.obj
 .debug_macro   0x00030d87      0x357 CMakeFiles/peepshow_hw5_fw0.dir/Drivers/STM32U5xx_HAL_Driver/Src/stm32u5xx_hal_i2c.c.obj
 .debug_macro   0x000310de      0x28b CMakeFiles/peepshow_hw5_fw0.dir/Drivers/STM32U5xx_HAL_Driver/Src/stm32u5xx_hal_i2c_ex.c.obj
 .debug_macro   0x00031369      0x391 CMakeFiles/peepshow_hw5_fw0.dir/Drivers/STM32U5xx_HAL_Driver/Src/stm32u5xx_hal_rcc.c.obj
 .debug_macro   0x000316fa      0x3b5 CMakeFiles/peepshow_hw5_fw0.dir/Drivers/STM32U5xx_HAL_Driver/Src/stm32u5xx_hal_rcc_ex.c.obj
 .debug_macro   0x00031aaf      0x2c0 CMakeFiles/peepshow_hw5_fw0.dir/Drivers/STM32U5xx_HAL_Driver/Src/stm32u5xx_hal_gpio.c.obj
 .debug_macro   0x00031d6f      0x2b6 CMakeFiles/peepshow_hw5_fw0.dir/Drivers/STM32U5xx_HAL_Driver/Src/stm32u5xx_hal_pwr_ex.c.obj
 .debug_macro   0x00032025      0x2bd CMakeFiles/peepshow_hw5_fw0.dir/Drivers/STM32U5xx_HAL_Driver/Src/stm32u5xx_hal_icache.c.obj
 .debug_macro   0x000322e2      0x28c CMakeFiles/peepshow_hw5_fw0.dir/Drivers/STM32U5xx_HAL_Driver/Src/stm32u5xx_hal_rtc.c.obj
 .debug_macro   0x0003256e      0x291 CMakeFiles/peepshow_hw5_fw0.dir/Drivers/STM32U5xx_HAL_Driver/Src/stm32u5xx_hal_rtc_ex.c.obj
 .debug_macro   0x000327ff      0x293 CMakeFiles/peepshow_hw5_fw0.dir/Drivers/STM32U5xx_HAL_Driver/Src/stm32u5xx_hal_spi.c.obj
 .debug_macro   0x00032a92      0x28b CMakeFiles/peepshow_hw5_fw0.dir/Drivers/STM32U5xx_HAL_Driver/Src/stm32u5xx_hal_spi_ex.c.obj
 .debug_macro   0x00032d1d      0x292 CMakeFiles/peepshow_hw5_fw0.dir/Core/Src/system_stm32u5xx.c.obj

.debug_line     0x00000000    0x19012
 .debug_line    0x00000000     0x336d CMakeFiles/peepshow_hw5_fw0.dir/Core/Src/ADP5360.c.obj
 .debug_line    0x0000336d      0xd41 CMakeFiles/peepshow_hw5_fw0.dir/Core/Src/LS013B7DH05.c.obj
 .debug_line    0x000040ae      0xece CMakeFiles/peepshow_hw5_fw0.dir/Core/Src/main.c.obj
 .debug_line    0x00004f7c      0x916 CMakeFiles/peepshow_hw5_fw0.dir/Core/Src/stm32u5xx_it.c.obj
 .debug_line    0x00005892      0x98a CMakeFiles/peepshow_hw5_fw0.dir/Core/Src/stm32u5xx_hal_msp.c.obj
 .debug_line    0x0000621c      0xec4 CMakeFiles/peepshow_hw5_fw0.dir/Drivers/STM32U5xx_HAL_Driver/Src/stm32u5xx_hal_cortex.c.obj
 .debug_line    0x000070e0      0xcd2 CMakeFiles/peepshow_hw5_fw0.dir/Drivers/STM32U5xx_HAL_Driver/Src/stm32u5xx_hal.c.obj
 .debug_line    0x00007db2     0x3e35 CMakeFiles/peepshow_hw5_fw0.dir/Drivers/STM32U5xx_HAL_Driver/Src/stm32u5xx_hal_i2c.c.obj
 .debug_line    0x0000bbe7      0xb9c CMakeFiles/peepshow_hw5_fw0.dir/Drivers/STM32U5xx_HAL_Driver/Src/stm32u5xx_hal_i2c_ex.c.obj
 .debug_line    0x0000c783     0x157d CMakeFiles/peepshow_hw5_fw0.dir/Drivers/STM32U5xx_HAL_Driver/Src/stm32u5xx_hal_rcc.c.obj
 .debug_line    0x0000dd00     0x230a CMakeFiles/peepshow_hw5_fw0.dir/Drivers/STM32U5xx_HAL_Driver/Src/stm32u5xx_hal_rcc_ex.c.obj
 .debug_line    0x0001000a      0xde3 CMakeFiles/peepshow_hw5_fw0.dir/Drivers/STM32U5xx_HAL_Driver/Src/stm32u5xx_hal_gpio.c.obj
 .debug_line    0x00010ded     0x11cd CMakeFiles/peepshow_hw5_fw0.dir/Drivers/STM32U5xx_HAL_Driver/Src/stm32u5xx_hal_pwr_ex.c.obj
 .debug_line    0x00011fba      0xb39 CMakeFiles/peepshow_hw5_fw0.dir/Drivers/STM32U5xx_HAL_Driver/Src/stm32u5xx_hal_icache.c.obj
 .debug_line    0x00012af3     0x10c8 CMakeFiles/peepshow_hw5_fw0.dir/Drivers/STM32U5xx_HAL_Driver/Src/stm32u5xx_hal_rtc.c.obj
 .debug_line    0x00013bbb     0x1a2c CMakeFiles/peepshow_hw5_fw0.dir/Drivers/STM32U5xx_HAL_Driver/Src/stm32u5xx_hal_rtc_ex.c.obj
 .debug_line    0x000155e7     0x23e0 CMakeFiles/peepshow_hw5_fw0.dir/Drivers/STM32U5xx_HAL_Driver/Src/stm32u5xx_hal_spi.c.obj
 .debug_line    0x000179c7      0xa76 CMakeFiles/peepshow_hw5_fw0.dir/Drivers/STM32U5xx_HAL_Driver/Src/stm32u5xx_hal_spi_ex.c.obj
 .debug_line    0x0001843d      0x955 CMakeFiles/peepshow_hw5_fw0.dir/Core/Src/system_stm32u5xx.c.obj
 .debug_line    0x00018d92       0x79 CMakeFiles/peepshow_hw5_fw0.dir/startup_stm32u575xx.s.obj
 .debug_line    0x00018e0b      0x207 C:/ST/STM32CubeCLT_1.15.1/GNU-tools-for-STM32/bin/../lib/gcc/arm-none-eabi/12.3.1/../../../../arm-none-eabi/lib/thumb/v8-m.main+fp/hard\libg_nano.a(libc_a-memcpy-stub.o)

.debug_str      0x00000000   0x13fd37
 .debug_str     0x00000000   0x135674 CMakeFiles/peepshow_hw5_fw0.dir/Core/Src/ADP5360.c.obj
                             0x136293 (size before relaxing)
 .debug_str     0x00135674      0x6af CMakeFiles/peepshow_hw5_fw0.dir/Core/Src/LS013B7DH05.c.obj
                             0x1337b0 (size before relaxing)
 .debug_str     0x00135d23     0x121f CMakeFiles/peepshow_hw5_fw0.dir/Core/Src/main.c.obj
                             0x136768 (size before relaxing)
 .debug_str     0x00136f42      0x107 CMakeFiles/peepshow_hw5_fw0.dir/Core/Src/stm32u5xx_it.c.obj
                             0x132d8c (size before relaxing)
 .debug_str     0x00137049      0x40e CMakeFiles/peepshow_hw5_fw0.dir/Core/Src/stm32u5xx_hal_msp.c.obj
                             0x133e50 (size before relaxing)
 .debug_str     0x00137457      0xc8a CMakeFiles/peepshow_hw5_fw0.dir/Drivers/STM32U5xx_HAL_Driver/Src/stm32u5xx_hal_cortex.c.obj
                             0x133cf8 (size before relaxing)
 .debug_str     0x001380e1      0x7a0 CMakeFiles/peepshow_hw5_fw0.dir/Drivers/STM32U5xx_HAL_Driver/Src/stm32u5xx_hal.c.obj
                             0x133f30 (size before relaxing)
 .debug_str     0x00138881      0xf33 CMakeFiles/peepshow_hw5_fw0.dir/Drivers/STM32U5xx_HAL_Driver/Src/stm32u5xx_hal_i2c.c.obj
                             0x134301 (size before relaxing)
 .debug_str     0x001397b4      0x15e CMakeFiles/peepshow_hw5_fw0.dir/Drivers/STM32U5xx_HAL_Driver/Src/stm32u5xx_hal_i2c_ex.c.obj
                             0x1334e9 (size before relaxing)
 .debug_str     0x00139912     0x1354 CMakeFiles/peepshow_hw5_fw0.dir/Drivers/STM32U5xx_HAL_Driver/Src/stm32u5xx_hal_rcc.c.obj
                             0x1347a8 (size before relaxing)
 .debug_str     0x0013ac66     0x25e2 CMakeFiles/peepshow_hw5_fw0.dir/Drivers/STM32U5xx_HAL_Driver/Src/stm32u5xx_hal_rcc_ex.c.obj
                             0x135a0b (size before relaxing)
 .debug_str     0x0013d248      0x2c4 CMakeFiles/peepshow_hw5_fw0.dir/Drivers/STM32U5xx_HAL_Driver/Src/stm32u5xx_hal_gpio.c.obj
                             0x1330d8 (size before relaxing)
 .debug_str     0x0013d50c      0x79c CMakeFiles/peepshow_hw5_fw0.dir/Drivers/STM32U5xx_HAL_Driver/Src/stm32u5xx_hal_pwr_ex.c.obj
                             0x1337f3 (size before relaxing)
 .debug_str     0x0013dca8      0x69f CMakeFiles/peepshow_hw5_fw0.dir/Drivers/STM32U5xx_HAL_Driver/Src/stm32u5xx_hal_icache.c.obj
                             0x1333d5 (size before relaxing)
 .debug_str     0x0013e347      0x49e CMakeFiles/peepshow_hw5_fw0.dir/Drivers/STM32U5xx_HAL_Driver/Src/stm32u5xx_hal_rtc.c.obj
                             0x1333ea (size before relaxing)
 .debug_str     0x0013e7e5      0xca2 CMakeFiles/peepshow_hw5_fw0.dir/Drivers/STM32U5xx_HAL_Driver/Src/stm32u5xx_hal_rtc_ex.c.obj
                             0x133ec8 (size before relaxing)
 .debug_str     0x0013f487      0x4ed CMakeFiles/peepshow_hw5_fw0.dir/Drivers/STM32U5xx_HAL_Driver/Src/stm32u5xx_hal_spi.c.obj
                             0x133985 (size before relaxing)
 .debug_str     0x0013f974      0x121 CMakeFiles/peepshow_hw5_fw0.dir/Drivers/STM32U5xx_HAL_Driver/Src/stm32u5xx_hal_spi_ex.c.obj
                             0x133517 (size before relaxing)
 .debug_str     0x0013fa95       0x9b CMakeFiles/peepshow_hw5_fw0.dir/Core/Src/system_stm32u5xx.c.obj
                             0x1330b3 (size before relaxing)
 .debug_str     0x0013fb30       0x73 CMakeFiles/peepshow_hw5_fw0.dir/startup_stm32u575xx.s.obj
                                 0xc0 (size before relaxing)
 .debug_str     0x0013fba3      0x194 C:/ST/STM32CubeCLT_1.15.1/GNU-tools-for-STM32/bin/../lib/gcc/arm-none-eabi/12.3.1/../../../../arm-none-eabi/lib/thumb/v8-m.main+fp/hard\libg_nano.a(libc_a-memcpy-stub.o)
                                0x237 (size before relaxing)

.comment        0x00000000       0x43
 .comment       0x00000000       0x43 CMakeFiles/peepshow_hw5_fw0.dir/Core/Src/ADP5360.c.obj
                                 0x44 (size before relaxing)
 .comment       0x00000043       0x44 CMakeFiles/peepshow_hw5_fw0.dir/Core/Src/LS013B7DH05.c.obj
 .comment       0x00000043       0x44 CMakeFiles/peepshow_hw5_fw0.dir/Core/Src/main.c.obj
 .comment       0x00000043       0x44 CMakeFiles/peepshow_hw5_fw0.dir/Core/Src/stm32u5xx_it.c.obj
 .comment       0x00000043       0x44 CMakeFiles/peepshow_hw5_fw0.dir/Core/Src/stm32u5xx_hal_msp.c.obj
 .comment       0x00000043       0x44 CMakeFiles/peepshow_hw5_fw0.dir/Drivers/STM32U5xx_HAL_Driver/Src/stm32u5xx_hal_cortex.c.obj
 .comment       0x00000043       0x44 CMakeFiles/peepshow_hw5_fw0.dir/Drivers/STM32U5xx_HAL_Driver/Src/stm32u5xx_hal.c.obj
 .comment       0x00000043       0x44 CMakeFiles/peepshow_hw5_fw0.dir/Drivers/STM32U5xx_HAL_Driver/Src/stm32u5xx_hal_i2c.c.obj
 .comment       0x00000043       0x44 CMakeFiles/peepshow_hw5_fw0.dir/Drivers/STM32U5xx_HAL_Driver/Src/stm32u5xx_hal_i2c_ex.c.obj
 .comment       0x00000043       0x44 CMakeFiles/peepshow_hw5_fw0.dir/Drivers/STM32U5xx_HAL_Driver/Src/stm32u5xx_hal_rcc.c.obj
 .comment       0x00000043       0x44 CMakeFiles/peepshow_hw5_fw0.dir/Drivers/STM32U5xx_HAL_Driver/Src/stm32u5xx_hal_rcc_ex.c.obj
 .comment       0x00000043       0x44 CMakeFiles/peepshow_hw5_fw0.dir/Drivers/STM32U5xx_HAL_Driver/Src/stm32u5xx_hal_gpio.c.obj
 .comment       0x00000043       0x44 CMakeFiles/peepshow_hw5_fw0.dir/Drivers/STM32U5xx_HAL_Driver/Src/stm32u5xx_hal_pwr_ex.c.obj
 .comment       0x00000043       0x44 CMakeFiles/peepshow_hw5_fw0.dir/Drivers/STM32U5xx_HAL_Driver/Src/stm32u5xx_hal_icache.c.obj
 .comment       0x00000043       0x44 CMakeFiles/peepshow_hw5_fw0.dir/Drivers/STM32U5xx_HAL_Driver/Src/stm32u5xx_hal_rtc.c.obj
 .comment       0x00000043       0x44 CMakeFiles/peepshow_hw5_fw0.dir/Drivers/STM32U5xx_HAL_Driver/Src/stm32u5xx_hal_rtc_ex.c.obj
 .comment       0x00000043       0x44 CMakeFiles/peepshow_hw5_fw0.dir/Drivers/STM32U5xx_HAL_Driver/Src/stm32u5xx_hal_spi.c.obj
 .comment       0x00000043       0x44 CMakeFiles/peepshow_hw5_fw0.dir/Drivers/STM32U5xx_HAL_Driver/Src/stm32u5xx_hal_spi_ex.c.obj
 .comment       0x00000043       0x44 CMakeFiles/peepshow_hw5_fw0.dir/Core/Src/system_stm32u5xx.c.obj
 .comment       0x00000043       0x44 C:/ST/STM32CubeCLT_1.15.1/GNU-tools-for-STM32/bin/../lib/gcc/arm-none-eabi/12.3.1/../../../../arm-none-eabi/lib/thumb/v8-m.main+fp/hard\libg_nano.a(libc_a-memcpy-stub.o)

.debug_line_str
                0x00000000       0xa4
 .debug_line_str
                0x00000000       0xa4 CMakeFiles/peepshow_hw5_fw0.dir/startup_stm32u575xx.s.obj

.debug_loclists
                0x00000000       0x8f
 .debug_loclists
                0x00000000       0x8f C:/ST/STM32CubeCLT_1.15.1/GNU-tools-for-STM32/bin/../lib/gcc/arm-none-eabi/12.3.1/../../../../arm-none-eabi/lib/thumb/v8-m.main+fp/hard\libg_nano.a(libc_a-memcpy-stub.o)
