Archive member included to satisfy reference by file (symbol)

//?/C:/Users/Rosco/AppData/Local/stm32cube/bundles/gnu-tools-for-stm32/13.3.1+st.9/bin/../lib/gcc/arm-none-eabi/13.3.1/../../../../arm-none-eabi/lib/thumb/v8-m.main+fp/hard\libc_nano.a(libc_a-exit.o)
                              //?/C:/Users/Rosco/AppData/Local/stm32cube/bundles/gnu-tools-for-stm32/13.3.1+st.9/bin/../lib/gcc/arm-none-eabi/13.3.1/../../../../arm-none-eabi/lib/thumb/v8-m.main+fp/hard/crt0.o (exit)
//?/C:/Users/Rosco/AppData/Local/stm32cube/bundles/gnu-tools-for-stm32/13.3.1+st.9/bin/../lib/gcc/arm-none-eabi/13.3.1/../../../../arm-none-eabi/lib/thumb/v8-m.main+fp/hard\libc_nano.a(libc_a-findfp.o)
                              //?/C:/Users/Rosco/AppData/Local/stm32cube/bundles/gnu-tools-for-stm32/13.3.1+st.9/bin/../lib/gcc/arm-none-eabi/13.3.1/../../../../arm-none-eabi/lib/thumb/v8-m.main+fp/hard\libc_nano.a(libc_a-exit.o) (__stdio_exit_handler)
//?/C:/Users/Rosco/AppData/Local/stm32cube/bundles/gnu-tools-for-stm32/13.3.1+st.9/bin/../lib/gcc/arm-none-eabi/13.3.1/../../../../arm-none-eabi/lib/thumb/v8-m.main+fp/hard\libc_nano.a(libc_a-fwalk.o)
                              //?/C:/Users/Rosco/AppData/Local/stm32cube/bundles/gnu-tools-for-stm32/13.3.1+st.9/bin/../lib/gcc/arm-none-eabi/13.3.1/../../../../arm-none-eabi/lib/thumb/v8-m.main+fp/hard\libc_nano.a(libc_a-findfp.o) (_fwalk_sglue)
//?/C:/Users/Rosco/AppData/Local/stm32cube/bundles/gnu-tools-for-stm32/13.3.1+st.9/bin/../lib/gcc/arm-none-eabi/13.3.1/../../../../arm-none-eabi/lib/thumb/v8-m.main+fp/hard\libc_nano.a(libc_a-stdio.o)
                              //?/C:/Users/Rosco/AppData/Local/stm32cube/bundles/gnu-tools-for-stm32/13.3.1+st.9/bin/../lib/gcc/arm-none-eabi/13.3.1/../../../../arm-none-eabi/lib/thumb/v8-m.main+fp/hard\libc_nano.a(libc_a-findfp.o) (__sread)
//?/C:/Users/Rosco/AppData/Local/stm32cube/bundles/gnu-tools-for-stm32/13.3.1+st.9/bin/../lib/gcc/arm-none-eabi/13.3.1/../../../../arm-none-eabi/lib/thumb/v8-m.main+fp/hard\libc_nano.a(libc_a-memset.o)
                              //?/C:/Users/Rosco/AppData/Local/stm32cube/bundles/gnu-tools-for-stm32/13.3.1+st.9/bin/../lib/gcc/arm-none-eabi/13.3.1/../../../../arm-none-eabi/lib/thumb/v8-m.main+fp/hard/crt0.o (memset)
//?/C:/Users/Rosco/AppData/Local/stm32cube/bundles/gnu-tools-for-stm32/13.3.1+st.9/bin/../lib/gcc/arm-none-eabi/13.3.1/../../../../arm-none-eabi/lib/thumb/v8-m.main+fp/hard\libc_nano.a(libc_a-closer.o)
                              //?/C:/Users/Rosco/AppData/Local/stm32cube/bundles/gnu-tools-for-stm32/13.3.1+st.9/bin/../lib/gcc/arm-none-eabi/13.3.1/../../../../arm-none-eabi/lib/thumb/v8-m.main+fp/hard\libc_nano.a(libc_a-stdio.o) (_close_r)
//?/C:/Users/Rosco/AppData/Local/stm32cube/bundles/gnu-tools-for-stm32/13.3.1+st.9/bin/../lib/gcc/arm-none-eabi/13.3.1/../../../../arm-none-eabi/lib/thumb/v8-m.main+fp/hard\libc_nano.a(libc_a-reent.o)
                              //?/C:/Users/Rosco/AppData/Local/stm32cube/bundles/gnu-tools-for-stm32/13.3.1+st.9/bin/../lib/gcc/arm-none-eabi/13.3.1/../../../../arm-none-eabi/lib/thumb/v8-m.main+fp/hard\libc_nano.a(libc_a-closer.o) (errno)
//?/C:/Users/Rosco/AppData/Local/stm32cube/bundles/gnu-tools-for-stm32/13.3.1+st.9/bin/../lib/gcc/arm-none-eabi/13.3.1/../../../../arm-none-eabi/lib/thumb/v8-m.main+fp/hard\libc_nano.a(libc_a-impure.o)
                              //?/C:/Users/Rosco/AppData/Local/stm32cube/bundles/gnu-tools-for-stm32/13.3.1+st.9/bin/../lib/gcc/arm-none-eabi/13.3.1/../../../../arm-none-eabi/lib/thumb/v8-m.main+fp/hard\libc_nano.a(libc_a-reent.o) (_impure_ptr)
//?/C:/Users/Rosco/AppData/Local/stm32cube/bundles/gnu-tools-for-stm32/13.3.1+st.9/bin/../lib/gcc/arm-none-eabi/13.3.1/../../../../arm-none-eabi/lib/thumb/v8-m.main+fp/hard\libc_nano.a(libc_a-lseekr.o)
                              //?/C:/Users/Rosco/AppData/Local/stm32cube/bundles/gnu-tools-for-stm32/13.3.1+st.9/bin/../lib/gcc/arm-none-eabi/13.3.1/../../../../arm-none-eabi/lib/thumb/v8-m.main+fp/hard\libc_nano.a(libc_a-stdio.o) (_lseek_r)
//?/C:/Users/Rosco/AppData/Local/stm32cube/bundles/gnu-tools-for-stm32/13.3.1+st.9/bin/../lib/gcc/arm-none-eabi/13.3.1/../../../../arm-none-eabi/lib/thumb/v8-m.main+fp/hard\libc_nano.a(libc_a-readr.o)
                              //?/C:/Users/Rosco/AppData/Local/stm32cube/bundles/gnu-tools-for-stm32/13.3.1+st.9/bin/../lib/gcc/arm-none-eabi/13.3.1/../../../../arm-none-eabi/lib/thumb/v8-m.main+fp/hard\libc_nano.a(libc_a-stdio.o) (_read_r)
//?/C:/Users/Rosco/AppData/Local/stm32cube/bundles/gnu-tools-for-stm32/13.3.1+st.9/bin/../lib/gcc/arm-none-eabi/13.3.1/../../../../arm-none-eabi/lib/thumb/v8-m.main+fp/hard\libc_nano.a(libc_a-writer.o)
                              //?/C:/Users/Rosco/AppData/Local/stm32cube/bundles/gnu-tools-for-stm32/13.3.1+st.9/bin/../lib/gcc/arm-none-eabi/13.3.1/../../../../arm-none-eabi/lib/thumb/v8-m.main+fp/hard\libc_nano.a(libc_a-stdio.o) (_write_r)
[...]
Memory Configuration

Name             Origin             Length             Attributes
RAM              0x20000000         0x000c0000         xrw
ROM              0x08000000         0x00200000         xr
SRAM4            0x28000000         0x00004000         xrw
*default*        0x00000000         0xffffffff

Linker script and memory map

LOAD //?/C:/Users/Rosco/AppData/Local/stm32cube/bundles/gnu-tools-for-stm32/13.3.1+st.9/bin/../lib/gcc/arm-none-eabi/13.3.1/thumb/v8-m.main+fp/hard/crti.o
LOAD //?/C:/Users/Rosco/AppData/Local/stm32cube/bundles/gnu-tools-for-stm32/13.3.1+st.9/bin/../lib/gcc/arm-none-eabi/13.3.1/thumb/v8-m.main+fp/hard/crtbegin.o
LOAD //?/C:/Users/Rosco/AppData/Local/stm32cube/bundles/gnu-tools-for-stm32/13.3.1+st.9/bin/../lib/gcc/arm-none-eabi/13.3.1/../../../../arm-none-eabi/lib/thumb/v8-m.main+fp/hard/crt0.o
START GROUP
LOAD //?/C:/Users/Rosco/AppData/Local/stm32cube/bundles/gnu-tools-for-stm32/13.3.1+st.9/bin/../lib/gcc/arm-none-eabi/13.3.1/../../../../arm-none-eabi/lib/thumb/v8-m.main+fp/hard\libc_nano.a
LOAD //?/C:/Users/Rosco/AppData/Local/stm32cube/bundles/gnu-tools-for-stm32/13.3.1+st.9/bin/../lib/gcc/arm-none-eabi/13.3.1/../../../../arm-none-eabi/lib/thumb/v8-m.main+fp/hard\libm.a
END GROUP
LOAD CMakeFiles/peepshow_hw5_fw0.dir/Core/Src/ADP5360.c.obj
LOAD CMakeFiles/peepshow_hw5_fw0.dir/Core/Src/LS013B7DH05.c.obj
LOAD CMakeFiles/peepshow_hw5_fw0.dir/Core/Src/ps_display_renderer.c.obj
LOAD CMakeFiles/peepshow_hw5_fw0.dir/Core/Src/main.c.obj
LOAD CMakeFiles/peepshow_hw5_fw0.dir/Core/Src/stm32u5xx_it.c.obj
LOAD CMakeFiles/peepshow_hw5_fw0.dir/Core/Src/stm32u5xx_hal_msp.c.obj
LOAD CMakeFiles/peepshow_hw5_fw0.dir/Drivers/STM32U5xx_HAL_Driver/Src/stm32u5xx_hal_adc.c.obj
LOAD CMakeFiles/peepshow_hw5_fw0.dir/Drivers/STM32U5xx_HAL_Driver/Src/stm32u5xx_hal_adc_ex.c.obj
LOAD CMakeFiles/peepshow_hw5_fw0.dir/Drivers/STM32U5xx_HAL_Driver/Src/stm32u5xx_hal_dma.c.obj
LOAD CMakeFiles/peepshow_hw5_fw0.dir/Drivers/STM32U5xx_HAL_Driver/Src/stm32u5xx_hal_dma_ex.c.obj
LOAD CMakeFiles/peepshow_hw5_fw0.dir/Drivers/STM32U5xx_HAL_Driver/Src/stm32u5xx_hal.c.obj
LOAD CMakeFiles/peepshow_hw5_fw0.dir/Drivers/STM32U5xx_HAL_Driver/Src/stm32u5xx_hal_i2c.c.obj
LOAD CMakeFiles/peepshow_hw5_fw0.dir/Drivers/STM32U5xx_HAL_Driver/Src/stm32u5xx_hal_i2c_ex.c.obj
LOAD CMakeFiles/peepshow_hw5_fw0.dir/Drivers/STM32U5xx_HAL_Driver/Src/stm32u5xx_hal_rcc.c.obj
LOAD CMakeFiles/peepshow_hw5_fw0.dir/Drivers/STM32U5xx_HAL_Driver/Src/stm32u5xx_hal_rcc_ex.c.obj
LOAD CMakeFiles/peepshow_hw5_fw0.dir/Drivers/STM32U5xx_HAL_Driver/Src/stm32u5xx_hal_cortex.c.obj
LOAD CMakeFiles/peepshow_hw5_fw0.dir/Drivers/STM32U5xx_HAL_Driver/Src/stm32u5xx_hal_flash.c.obj
LOAD CMakeFiles/peepshow_hw5_fw0.dir/Drivers/STM32U5xx_HAL_Driver/Src/stm32u5xx_hal_flash_ex.c.obj
LOAD CMakeFiles/peepshow_hw5_fw0.dir/Drivers/STM32U5xx_HAL_Driver/Src/stm32u5xx_hal_gpio.c.obj
LOAD CMakeFiles/peepshow_hw5_fw0.dir/Drivers/STM32U5xx_HAL_Driver/Src/stm32u5xx_hal_exti.c.obj
LOAD CMakeFiles/peepshow_hw5_fw0.dir/Drivers/STM32U5xx_HAL_Driver/Src/stm32u5xx_hal_pwr.c.obj
LOAD CMakeFiles/peepshow_hw5_fw0.dir/Drivers/STM32U5xx_HAL_Driver/Src/stm32u5xx_hal_pwr_ex.c.obj
LOAD CMakeFiles/peepshow_hw5_fw0.dir/Drivers/STM32U5xx_HAL_Driver/Src/stm32u5xx_hal_gtzc.c.obj
LOAD CMakeFiles/peepshow_hw5_fw0.dir/Drivers/STM32U5xx_HAL_Driver/Src/stm32u5xx_hal_icache.c.obj
LOAD CMakeFiles/peepshow_hw5_fw0.dir/Drivers/STM32U5xx_HAL_Driver/Src/stm32u5xx_hal_lptim.c.obj
LOAD CMakeFiles/peepshow_hw5_fw0.dir/Drivers/STM32U5xx_HAL_Driver/Src/stm32u5xx_hal_ospi.c.obj
LOAD CMakeFiles/peepshow_hw5_fw0.dir/Drivers/STM32U5xx_HAL_Driver/Src/stm32u5xx_ll_dlyb.c.obj
LOAD CMakeFiles/peepshow_hw5_fw0.dir/Drivers/STM32U5xx_HAL_Driver/Src/stm32u5xx_hal_rtc.c.obj
LOAD CMakeFiles/peepshow_hw5_fw0.dir/Drivers/STM32U5xx_HAL_Driver/Src/stm32u5xx_hal_rtc_ex.c.obj
LOAD CMakeFiles/peepshow_hw5_fw0.dir/Drivers/STM32U5xx_HAL_Driver/Src/stm32u5xx_hal_sai.c.obj
LOAD CMakeFiles/peepshow_hw5_fw0.dir/Drivers/STM32U5xx_HAL_Driver/Src/stm32u5xx_hal_sai_ex.c.obj
LOAD CMakeFiles/peepshow_hw5_fw0.dir/Drivers/STM32U5xx_HAL_Driver/Src/stm32u5xx_hal_spi.c.obj
LOAD CMakeFiles/peepshow_hw5_fw0.dir/Drivers/STM32U5xx_HAL_Driver/Src/stm32u5xx_hal_spi_ex.c.obj
LOAD CMakeFiles/peepshow_hw5_fw0.dir/Drivers/STM32U5xx_HAL_Driver/Src/stm32u5xx_hal_tim.c.obj
LOAD CMakeFiles/peepshow_hw5_fw0.dir/Drivers/STM32U5xx_HAL_Driver/Src/stm32u5xx_hal_tim_ex.c.obj
LOAD CMakeFiles/peepshow_hw5_fw0.dir/Core/Src/system_stm32u5xx.c.obj
LOAD CMakeFiles/peepshow_hw5_fw0.dir/Core/Src/sysmem.c.obj
LOAD CMakeFiles/peepshow_hw5_fw0.dir/Core/Src/syscalls.c.obj
LOAD CMakeFiles/peepshow_hw5_fw0.dir/startup_stm32u575xx.s.obj
START GROUP
LOAD //?/C:/Users/Rosco/AppData/Local/stm32cube/bundles/gnu-tools-for-stm32/13.3.1+st.9/bin/../lib/gcc/arm-none-eabi/13.3.1/thumb/v8-m.main+fp/hard\libgcc.a
LOAD //?/C:/Users/Rosco/AppData/Local/stm32cube/bundles/gnu-tools-for-stm32/13.3.1+st.9/bin/../lib/gcc/arm-none-eabi/13.3.1/../../../../arm-none-eabi/lib/thumb/v8-m.main+fp/hard\libg_nano.a
LOAD //?/C:/Users/Rosco/AppData/Local/stm32cube/bundles/gnu-tools-for-stm32/13.3.1+st.9/bin/../lib/gcc/arm-none-eabi/13.3.1/../../../../arm-none-eabi/lib/thumb/v8-m.main+fp/hard\libc_nano.a
END GROUP
START GROUP
LOAD //?/C:/Users/Rosco/AppData/Local/stm32cube/bundles/gnu-tools-for-stm32/13.3.1+st.9/bin/../lib/gcc/arm-none-eabi/13.3.1/thumb/v8-m.main+fp/hard\libgcc.a
LOAD //?/C:/Users/Rosco/AppData/Local/stm32cube/bundles/gnu-tools-for-stm32/13.3.1+st.9/bin/../lib/gcc/arm-none-eabi/13.3.1/../../../../arm-none-eabi/lib/thumb/v8-m.main+fp/hard\libc_nano.a
END GROUP
LOAD //?/C:/Users/Rosco/AppData/Local/stm32cube/bundles/gnu-tools-for-stm32/13.3.1+st.9/bin/../lib/gcc/arm-none-eabi/13.3.1/thumb/v8-m.main+fp/hard/crtend.o
LOAD //?/C:/Users/Rosco/AppData/Local/stm32cube/bundles/gnu-tools-for-stm32/13.3.1+st.9/bin/../lib/gcc/arm-none-eabi/13.3.1/thumb/v8-m.main+fp/hard/crtn.o
                0x200c0000                        _estack = (ORIGIN (RAM) + LENGTH (RAM))
                0x00000200                        _Min_Heap_Size = 0x200
                0x00000400                        _Min_Stack_Size = 0x400

.isr_vector     0x08000000      0x238
                0x08000000                        . = ALIGN (0x8)
 *(.isr_vector)
 .isr_vector    0x08000000      0x238 CMakeFiles/peepshow_hw5_fw0.dir/startup_stm32u575xx.s.obj
                0x08000000                g_pfnVectors
                0x08000238                        . = ALIGN (0x8)

.text           0x08000238    0x10c10
                0x08000238                        . = ALIGN (0x8)
 *(.text)
 .text          0x08000238       0x40 //?/C:/Users/Rosco/AppData/Local/stm32cube/bundles/gnu-tools-for-stm32/13.3.1+st.9/bin/../lib/gcc/arm-none-eabi/13.3.1/thumb/v8-m.main+fp/hard/crtbegin.o
 *(.text*)
 .text.memset   0x08000278       0x10 //?/C:/Users/Rosco/AppData/Local/stm32cube/bundles/gnu-tools-for-stm32/13.3.1+st.9/bin/../lib/gcc/arm-none-eabi/13.3.1/../../../../arm-none-eabi/lib/thumb/v8-m.main+fp/hard\libc_nano.a(libc_a-memset.o)
                0x08000278                memset
 .text.__libc_init_array
                0x08000288       0x48 //?/C:/Users/Rosco/AppData/Local/stm32cube/bundles/gnu-tools-for-stm32/13.3.1+st.9/bin/../lib/gcc/arm-none-eabi/13.3.1/../../../../arm-none-eabi/lib/thumb/v8-m.main+fp/hard\libc_nano.a(libc_a-init.o)
                0x08000288                __libc_init_array
 .text.ADP5360_read_u8
                0x080002d0       0x22 CMakeFiles/peepshow_hw5_fw0.dir/Core/Src/ADP5360.c.obj
 *fill*         0x080002f2        0x2 
 .text._mem_read
                0x080002f4       0x38 CMakeFiles/peepshow_hw5_fw0.dir/Core/Src/ADP5360.c.obj
 .text.ADP5360_read
                0x0800032c       0x36 CMakeFiles/peepshow_hw5_fw0.dir/Core/Src/ADP5360.c.obj
                0x0800032c                ADP5360_read
 *fill*         0x08000362        0x2 
 .text.ADP5360_init
                0x08000364       0x5c CMakeFiles/peepshow_hw5_fw0.dir/Core/Src/ADP5360.c.obj
                0x08000364                ADP5360_init
 .text.ADP5360_get_vbat
                0x080003c0       0x7e CMakeFiles/peepshow_hw5_fw0.dir/Core/Src/ADP5360.c.obj
                0x080003c0                ADP5360_get_vbat
 .text._buck_vout_mv_from_code
                0x0800043e       0x3e CMakeFiles/peepshow_hw5_fw0.dir/Core/Src/ADP5360.c.obj
 .text._buck_dly_us_from_code
                0x0800047c       0x3c CMakeFiles/peepshow_hw5_fw0.dir/Core/Src/ADP5360.c.obj
 .text.ADP5360_get_buck_vout
                0x080004b8       0x68 CMakeFiles/peepshow_hw5_fw0.dir/Core/Src/ADP5360.c.obj
                0x080004b8                ADP5360_get_buck_vout
 .text._bb_vout_mv_from_code
                0x08000520       0x66 CMakeFiles/peepshow_hw5_fw0.dir/Core/Src/ADP5360.c.obj
 .text._bb_dly_us_from_code
                0x08000586       0x3c CMakeFiles/peepshow_hw5_fw0.dir/Core/Src/ADP5360.c.obj
 .text.ADP5360_get_buckboost_vout
                0x080005c2       0x68 CMakeFiles/peepshow_hw5_fw0.dir/Core/Src/ADP5360.c.obj
                0x080005c2                ADP5360_get_buckboost_vout
 .text.ADP5360_get_fault
                0x0800062a       0x24 CMakeFiles/peepshow_hw5_fw0.dir/Core/Src/ADP5360.c.obj
                0x0800062a                ADP5360_get_fault
 *fill*         0x0800064e        0x2 
 .text.BuildWriteBurst
                0x08000650      0x14c CMakeFiles/peepshow_hw5_fw0.dir/Core/Src/LS013B7DH05.c.obj
 .text.LCD_Init
                0x0800079c       0x30 CMakeFiles/peepshow_hw5_fw0.dir/Core/Src/LS013B7DH05.c.obj
                0x0800079c                LCD_Init
 .text.LCD_Clean
                0x080007cc       0x30 CMakeFiles/peepshow_hw5_fw0.dir/Core/Src/LS013B7DH05.c.obj
                0x080007cc                LCD_Clean
 .text.LCD_FlushDmaDoneCallback
                0x080007fc        0xe CMakeFiles/peepshow_hw5_fw0.dir/Core/Src/LS013B7DH05.c.obj
                0x080007fc                LCD_FlushDmaDoneCallback
 .text.LCD_FlushDmaErrorCallback
                0x0800080a        0xe CMakeFiles/peepshow_hw5_fw0.dir/Core/Src/LS013B7DH05.c.obj
                0x0800080a                LCD_FlushDmaErrorCallback
 .text.lcd_dma_kick_next
                0x08000818       0x58 CMakeFiles/peepshow_hw5_fw0.dir/Core/Src/LS013B7DH05.c.obj
 .text.lcd_dma_start
                0x08000870       0x84 CMakeFiles/peepshow_hw5_fw0.dir/Core/Src/LS013B7DH05.c.obj
 .text.lcd_dma_wait
                0x080008f4       0x48 CMakeFiles/peepshow_hw5_fw0.dir/Core/Src/LS013B7DH05.c.obj
 .text.HAL_SPI_TxCpltCallback
                0x0800093c       0xa4 CMakeFiles/peepshow_hw5_fw0.dir/Core/Src/LS013B7DH05.c.obj
                0x0800093c                HAL_SPI_TxCpltCallback
 .text.HAL_SPI_ErrorCallback
                0x080009e0       0x54 CMakeFiles/peepshow_hw5_fw0.dir/Core/Src/LS013B7DH05.c.obj
                0x080009e0                HAL_SPI_ErrorCallback
 .text.LCD_FlushRows_DMA
                0x08000a34       0x68 CMakeFiles/peepshow_hw5_fw0.dir/Core/Src/LS013B7DH05.c.obj
                0x08000a34                LCD_FlushRows_DMA
 .text.LCD_PresentFull_DMA
                0x08000a9c       0x26 CMakeFiles/peepshow_hw5_fw0.dir/Core/Src/LS013B7DH05.c.obj
                0x08000a9c                LCD_PresentFull_DMA
 .text.LCD_PresentRowRange_DMA
                0x08000ac2      0x10c CMakeFiles/peepshow_hw5_fw0.dir/Core/Src/LS013B7DH05.c.obj
                0x08000ac2                LCD_PresentRowRange_DMA
 .text.LCD_PresentRows_DMA
                0x08000bce       0x90 CMakeFiles/peepshow_hw5_fw0.dir/Core/Src/LS013B7DH05.c.obj
                0x08000bce                LCD_PresentRows_DMA
 .text.ps_display_renderer_mark_row
                0x08000c5e       0x60 CMakeFiles/peepshow_hw5_fw0.dir/Core/Src/ps_display_renderer.c.obj
 .text.ps_display_renderer_clear_dirty
                0x08000cbe       0x28 CMakeFiles/peepshow_hw5_fw0.dir/Core/Src/ps_display_renderer.c.obj
 .text.PS_DisplayRenderer_Init
                0x08000ce6       0x3e CMakeFiles/peepshow_hw5_fw0.dir/Core/Src/ps_display_renderer.c.obj
                0x08000ce6                PS_DisplayRenderer_Init
 .text.PS_DisplayRenderer_Fill
                0x08000d24       0x48 CMakeFiles/peepshow_hw5_fw0.dir/Core/Src/ps_display_renderer.c.obj
                0x08000d24                PS_DisplayRenderer_Fill
 .text.PS_DisplayRenderer_FillRowRange
                0x08000d6c       0xa2 CMakeFiles/peepshow_hw5_fw0.dir/Core/Src/ps_display_renderer.c.obj
                0x08000d6c                PS_DisplayRenderer_FillRowRange
 .text.PS_DisplayRenderer_Present
                0x08000e0e      0x146 CMakeFiles/peepshow_hw5_fw0.dir/Core/Src/ps_display_renderer.c.obj
                0x08000e0e                PS_DisplayRenderer_Present
 .text.ADP5360_read_u8
                0x08000f54       0x22 CMakeFiles/peepshow_hw5_fw0.dir/Core/Src/main.c.obj
 .text.main     0x08000f76       0x60 CMakeFiles/peepshow_hw5_fw0.dir/Core/Src/main.c.obj
                0x08000f76                main
 *fill*         0x08000fd6        0x2 
 .text.SystemClock_Config
                0x08000fd8       0xbc CMakeFiles/peepshow_hw5_fw0.dir/Core/Src/main.c.obj
                0x08000fd8                SystemClock_Config
 .text.PeriphCommonClock_Config
                0x08001094       0x70 CMakeFiles/peepshow_hw5_fw0.dir/Core/Src/main.c.obj
                0x08001094                PeriphCommonClock_Config
 .text.MX_ADC1_Init
                0x08001104       0xd8 CMakeFiles/peepshow_hw5_fw0.dir/Core/Src/main.c.obj
 .text.MX_GPDMA1_Init
                0x080011dc       0x60 CMakeFiles/peepshow_hw5_fw0.dir/Core/Src/main.c.obj
 .text.MX_I2C3_Init
                0x0800123c       0x80 CMakeFiles/peepshow_hw5_fw0.dir/Core/Src/main.c.obj
 .text.MX_ICACHE_Init
                0x080012bc       0x26 CMakeFiles/peepshow_hw5_fw0.dir/Core/Src/main.c.obj
 *fill*         0x080012e2        0x2 
 .text.MX_LPDMA1_Init
                0x080012e4       0x40 CMakeFiles/peepshow_hw5_fw0.dir/Core/Src/main.c.obj
 .text.MX_LPTIM1_Init
                0x08001324       0x94 CMakeFiles/peepshow_hw5_fw0.dir/Core/Src/main.c.obj
 .text.MX_OCTOSPI1_Init
                0x080013b8       0xe4 CMakeFiles/peepshow_hw5_fw0.dir/Core/Src/main.c.obj
 .text.MX_RTC_Init
                0x0800149c       0xb0 CMakeFiles/peepshow_hw5_fw0.dir/Core/Src/main.c.obj
 .text.MX_SAI1_Init
                0x0800154c       0x74 CMakeFiles/peepshow_hw5_fw0.dir/Core/Src/main.c.obj
 .text.MX_SPI3_Init
                0x080015c0       0xe4 CMakeFiles/peepshow_hw5_fw0.dir/Core/Src/main.c.obj
 .text.MX_GPIO_Init
                0x080016a4      0x180 CMakeFiles/peepshow_hw5_fw0.dir/Core/Src/main.c.obj
 .text.PS_Phase0B_RunPmicProbe
                0x08001824      0x224 CMakeFiles/peepshow_hw5_fw0.dir/Core/Src/main.c.obj
 .text.PS_Phase0B_DecodeBuckTargetMv
                0x08001a48       0x3a CMakeFiles/peepshow_hw5_fw0.dir/Core/Src/main.c.obj
 .text.PS_Phase0B_DecodeBuckBoostTargetMv
                0x08001a82       0x62 CMakeFiles/peepshow_hw5_fw0.dir/Core/Src/main.c.obj
 .text.PS_Phase0_RecordResetClockProbe
                0x08001ae4      0x16c CMakeFiles/peepshow_hw5_fw0.dir/Core/Src/main.c.obj
 .text.PS_Phase1_RecordDisplayBaselineProbe
                0x08001c50       0xd8 CMakeFiles/peepshow_hw5_fw0.dir/Core/Src/main.c.obj
 .text.PS_Phase1_DisplaySelfTestStep
                0x08001d28      0x1cc CMakeFiles/peepshow_hw5_fw0.dir/Core/Src/main.c.obj
 .text.PS_Ospi_CommandOnly
                0x08001ef4       0x70 CMakeFiles/peepshow_hw5_fw0.dir/Core/Src/main.c.obj
 .text.PS_Ospi_CommandAddress
                0x08001f64       0x80 CMakeFiles/peepshow_hw5_fw0.dir/Core/Src/main.c.obj
 .text.PS_Ospi_Read
                0x08001fe4       0xa8 CMakeFiles/peepshow_hw5_fw0.dir/Core/Src/main.c.obj
 .text.PS_Ospi_ReadAddress
                0x0800208c       0xb8 CMakeFiles/peepshow_hw5_fw0.dir/Core/Src/main.c.obj
 .text.PS_Ospi_ReadAddress_DMA
                0x08002144      0x130 CMakeFiles/peepshow_hw5_fw0.dir/Core/Src/main.c.obj
 .text.PS_Ospi_WriteAddress_DMA
                0x08002274      0x130 CMakeFiles/peepshow_hw5_fw0.dir/Core/Src/main.c.obj
 .text.PS_AT25_WaitWhileBusy
                0x080023a4       0x56 CMakeFiles/peepshow_hw5_fw0.dir/Core/Src/main.c.obj
 *fill*         0x080023fa        0x2 
 .text.PS_Phase2_RunStorageProbe
                0x080023fc      0x628 CMakeFiles/peepshow_hw5_fw0.dir/Core/Src/main.c.obj
 .text.PS_Phase4_InitButtonProbe
                0x08002a24       0x4c CMakeFiles/peepshow_hw5_fw0.dir/Core/Src/main.c.obj
 .text.PS_Phase4_ReadButtonMask
                0x08002a70       0x8c CMakeFiles/peepshow_hw5_fw0.dir/Core/Src/main.c.obj
 .text.PS_Phase4_RecordButtonEdge
                0x08002afc      0x188 CMakeFiles/peepshow_hw5_fw0.dir/Core/Src/main.c.obj
 .text.PS_Phase5_InitLightProbe
                0x08002c84       0xa8 CMakeFiles/peepshow_hw5_fw0.dir/Core/Src/main.c.obj
 .text.PS_Phase5_LightProbeStep
                0x08002d2c       0xdc CMakeFiles/peepshow_hw5_fw0.dir/Core/Src/main.c.obj
 .text.PS_Phase5_ReadLightSample
                0x08002e08       0x74 CMakeFiles/peepshow_hw5_fw0.dir/Core/Src/main.c.obj
 .text.HAL_OSPI_RxCpltCallback
                0x08002e7c       0x2c CMakeFiles/peepshow_hw5_fw0.dir/Core/Src/main.c.obj
                0x08002e7c                HAL_OSPI_RxCpltCallback
 .text.HAL_OSPI_TxCpltCallback
                0x08002ea8       0x2c CMakeFiles/peepshow_hw5_fw0.dir/Core/Src/main.c.obj
                0x08002ea8                HAL_OSPI_TxCpltCallback
 .text.HAL_OSPI_ErrorCallback
                0x08002ed4       0x2c CMakeFiles/peepshow_hw5_fw0.dir/Core/Src/main.c.obj
                0x08002ed4                HAL_OSPI_ErrorCallback
 .text.HAL_GPIO_EXTI_Rising_Callback
                0x08002f00       0x3a CMakeFiles/peepshow_hw5_fw0.dir/Core/Src/main.c.obj
                0x08002f00                HAL_GPIO_EXTI_Rising_Callback
 .text.HAL_GPIO_EXTI_Falling_Callback
                0x08002f3a       0x3a CMakeFiles/peepshow_hw5_fw0.dir/Core/Src/main.c.obj
                0x08002f3a                HAL_GPIO_EXTI_Falling_Callback
 .text.Error_Handler
                0x08002f74        0xc CMakeFiles/peepshow_hw5_fw0.dir/Core/Src/main.c.obj
                0x08002f74                Error_Handler
 .text.NMI_Handler
                0x08002f80        0x8 CMakeFiles/peepshow_hw5_fw0.dir/Core/Src/stm32u5xx_it.c.obj
                0x08002f80                NMI_Handler
 .text.HardFault_Handler
                0x08002f88        0x8 CMakeFiles/peepshow_hw5_fw0.dir/Core/Src/stm32u5xx_it.c.obj
                0x08002f88                HardFault_Handler
 .text.MemManage_Handler
                0x08002f90        0x8 CMakeFiles/peepshow_hw5_fw0.dir/Core/Src/stm32u5xx_it.c.obj
                0x08002f90                MemManage_Handler
 .text.BusFault_Handler
                0x08002f98        0x8 CMakeFiles/peepshow_hw5_fw0.dir/Core/Src/stm32u5xx_it.c.obj
                0x08002f98                BusFault_Handler
 .text.UsageFault_Handler
                0x08002fa0        0x8 CMakeFiles/peepshow_hw5_fw0.dir/Core/Src/stm32u5xx_it.c.obj
                0x08002fa0                UsageFault_Handler
 .text.SVC_Handler
                0x08002fa8        0xe CMakeFiles/peepshow_hw5_fw0.dir/Core/Src/stm32u5xx_it.c.obj
                0x08002fa8                SVC_Handler
 .text.DebugMon_Handler
                0x08002fb6        0xe CMakeFiles/peepshow_hw5_fw0.dir/Core/Src/stm32u5xx_it.c.obj
                0x08002fb6                DebugMon_Handler
 .text.PendSV_Handler
                0x08002fc4        0xe CMakeFiles/peepshow_hw5_fw0.dir/Core/Src/stm32u5xx_it.c.obj
                0x08002fc4                PendSV_Handler
 .text.SysTick_Handler
                0x08002fd2        0xc CMakeFiles/peepshow_hw5_fw0.dir/Core/Src/stm32u5xx_it.c.obj
                0x08002fd2                SysTick_Handler
 .text.EXTI4_IRQHandler
                0x08002fde        0xe CMakeFiles/peepshow_hw5_fw0.dir/Core/Src/stm32u5xx_it.c.obj
                0x08002fde                EXTI4_IRQHandler
 .text.EXTI5_IRQHandler
                0x08002fec        0xe CMakeFiles/peepshow_hw5_fw0.dir/Core/Src/stm32u5xx_it.c.obj
                0x08002fec                EXTI5_IRQHandler
 .text.EXTI6_IRQHandler
                0x08002ffa        0xe CMakeFiles/peepshow_hw5_fw0.dir/Core/Src/stm32u5xx_it.c.obj
                0x08002ffa                EXTI6_IRQHandler
 .text.EXTI7_IRQHandler
                0x08003008        0xe CMakeFiles/peepshow_hw5_fw0.dir/Core/Src/stm32u5xx_it.c.obj
                0x08003008                EXTI7_IRQHandler
 .text.EXTI8_IRQHandler
                0x08003016       0x10 CMakeFiles/peepshow_hw5_fw0.dir/Core/Src/stm32u5xx_it.c.obj
                0x08003016                EXTI8_IRQHandler
 *fill*         0x08003026        0x2 
 .text.GPDMA1_Channel3_IRQHandler
                0x08003028       0x14 CMakeFiles/peepshow_hw5_fw0.dir/Core/Src/stm32u5xx_it.c.obj
                0x08003028                GPDMA1_Channel3_IRQHandler
 .text.GPDMA1_Channel4_IRQHandler
                0x0800303c       0x14 CMakeFiles/peepshow_hw5_fw0.dir/Core/Src/stm32u5xx_it.c.obj
                0x0800303c                GPDMA1_Channel4_IRQHandler
 .text.GPDMA1_Channel5_IRQHandler
                0x08003050       0x14 CMakeFiles/peepshow_hw5_fw0.dir/Core/Src/stm32u5xx_it.c.obj
                0x08003050                GPDMA1_Channel5_IRQHandler
 .text.OCTOSPI1_IRQHandler
                0x08003064       0x14 CMakeFiles/peepshow_hw5_fw0.dir/Core/Src/stm32u5xx_it.c.obj
                0x08003064                OCTOSPI1_IRQHandler
 .text.SPI3_IRQHandler
                0x08003078       0x14 CMakeFiles/peepshow_hw5_fw0.dir/Core/Src/stm32u5xx_it.c.obj
                0x08003078                SPI3_IRQHandler
 .text.LPDMA1_Channel0_IRQHandler
                0x0800308c       0x14 CMakeFiles/peepshow_hw5_fw0.dir/Core/Src/stm32u5xx_it.c.obj
                0x0800308c                LPDMA1_Channel0_IRQHandler
 .text.HAL_MspInit
                0x080030a0       0x34 CMakeFiles/peepshow_hw5_fw0.dir/Core/Src/stm32u5xx_hal_msp.c.obj
                0x080030a0                HAL_MspInit
 .text.HAL_ADC_MspInit
                0x080030d4       0xc8 CMakeFiles/peepshow_hw5_fw0.dir/Core/Src/stm32u5xx_hal_msp.c.obj
                0x080030d4                HAL_ADC_MspInit
 .text.HAL_I2C_MspInit
                0x0800319c       0xd0 CMakeFiles/peepshow_hw5_fw0.dir/Core/Src/stm32u5xx_hal_msp.c.obj
                0x0800319c                HAL_I2C_MspInit
 .text.HAL_LPTIM_MspInit
                0x0800326c       0x74 CMakeFiles/peepshow_hw5_fw0.dir/Core/Src/stm32u5xx_hal_msp.c.obj
                0x0800326c                HAL_LPTIM_MspInit
 .text.HAL_LPTIM_MspPostInit
                0x080032e0       0x74 CMakeFiles/peepshow_hw5_fw0.dir/Core/Src/stm32u5xx_hal_msp.c.obj
                0x080032e0                HAL_LPTIM_MspPostInit
 .text.HAL_OSPI_MspInit
                0x08003354      0x250 CMakeFiles/peepshow_hw5_fw0.dir/Core/Src/stm32u5xx_hal_msp.c.obj
                0x08003354                HAL_OSPI_MspInit
 .text.HAL_RTC_MspInit
                0x080035a4       0xf0 CMakeFiles/peepshow_hw5_fw0.dir/Core/Src/stm32u5xx_hal_msp.c.obj
                0x080035a4                HAL_RTC_MspInit
 .text.HAL_SPI_MspInit
                0x08003694      0x1b0 CMakeFiles/peepshow_hw5_fw0.dir/Core/Src/stm32u5xx_hal_msp.c.obj
                0x08003694                HAL_SPI_MspInit
 .text.HAL_SAI_MspInit
                0x08003844      0x1a8 CMakeFiles/peepshow_hw5_fw0.dir/Core/Src/stm32u5xx_hal_msp.c.obj
                0x08003844                HAL_SAI_MspInit
 .text.LL_ADC_SetCommonClock
                0x080039ec       0x26 CMakeFiles/peepshow_hw5_fw0.dir/Drivers/STM32U5xx_HAL_Driver/Src/stm32u5xx_hal_adc.c.obj
 .text.LL_ADC_SetCommonPathInternalCh
                0x08003a12       0x26 CMakeFiles/peepshow_hw5_fw0.dir/Drivers/STM32U5xx_HAL_Driver/Src/stm32u5xx_hal_adc.c.obj
 .text.LL_ADC_GetCommonPathInternalCh
                0x08003a38       0x1c CMakeFiles/peepshow_hw5_fw0.dir/Drivers/STM32U5xx_HAL_Driver/Src/stm32u5xx_hal_adc.c.obj
 .text.LL_ADC_SetResolution
                0x08003a54       0x40 CMakeFiles/peepshow_hw5_fw0.dir/Drivers/STM32U5xx_HAL_Driver/Src/stm32u5xx_hal_adc.c.obj
 .text.LL_ADC_SetOffset
                0x08003a94       0x42 CMakeFiles/peepshow_hw5_fw0.dir/Drivers/STM32U5xx_HAL_Driver/Src/stm32u5xx_hal_adc.c.obj
 .text.LL_ADC_GetOffsetChannel
                0x08003ad6       0x2c CMakeFiles/peepshow_hw5_fw0.dir/Drivers/STM32U5xx_HAL_Driver/Src/stm32u5xx_hal_adc.c.obj
 .text.LL_ADC_SetOffsetSign
                0x08003b02       0x36 CMakeFiles/peepshow_hw5_fw0.dir/Drivers/STM32U5xx_HAL_Driver/Src/stm32u5xx_hal_adc.c.obj
 .text.LL_ADC_SetOffsetSignedSaturation
                0x08003b38       0x36 CMakeFiles/peepshow_hw5_fw0.dir/Drivers/STM32U5xx_HAL_Driver/Src/stm32u5xx_hal_adc.c.obj
 .text.LL_ADC_SetOffsetUnsignedSaturation
                0x08003b6e       0x36 CMakeFiles/peepshow_hw5_fw0.dir/Drivers/STM32U5xx_HAL_Driver/Src/stm32u5xx_hal_adc.c.obj
 .text.LL_ADC_SetGainCompensation
                0x08003ba4       0x46 CMakeFiles/peepshow_hw5_fw0.dir/Drivers/STM32U5xx_HAL_Driver/Src/stm32u5xx_hal_adc.c.obj
 .text.LL_ADC_SetSamplingTimeCommonChannels
                0x08003bea       0x3e CMakeFiles/peepshow_hw5_fw0.dir/Drivers/STM32U5xx_HAL_Driver/Src/stm32u5xx_hal_adc.c.obj
 .text.LL_ADC_REG_IsTriggerSourceSWStart
                0x08003c28       0x26 CMakeFiles/peepshow_hw5_fw0.dir/Drivers/STM32U5xx_HAL_Driver/Src/stm32u5xx_hal_adc.c.obj
 *fill*         0x08003c4e        0x2 
 .text.LL_ADC_REG_SetSequencerRanks
                0x08003c50       0xc0 CMakeFiles/peepshow_hw5_fw0.dir/Drivers/STM32U5xx_HAL_Driver/Src/stm32u5xx_hal_adc.c.obj
 .text.LL_ADC_REG_SetSequencerChAdd
                0x08003d10       0x66 CMakeFiles/peepshow_hw5_fw0.dir/Drivers/STM32U5xx_HAL_Driver/Src/stm32u5xx_hal_adc.c.obj
 .text.LL_ADC_REG_SetSequencerChRem
                0x08003d76       0x30 CMakeFiles/peepshow_hw5_fw0.dir/Drivers/STM32U5xx_HAL_Driver/Src/stm32u5xx_hal_adc.c.obj
 *fill*         0x08003da6        0x2 
 .text.LL_ADC_SetChannelSamplingTime
                0x08003da8       0xc8 CMakeFiles/peepshow_hw5_fw0.dir/Drivers/STM32U5xx_HAL_Driver/Src/stm32u5xx_hal_adc.c.obj
 .text.LL_ADC_SetChannelSingleDiff
                0x08003e70       0x48 CMakeFiles/peepshow_hw5_fw0.dir/Drivers/STM32U5xx_HAL_Driver/Src/stm32u5xx_hal_adc.c.obj
 .text.LL_ADC_DisableDeepPowerDown
                0x08003eb8       0x24 CMakeFiles/peepshow_hw5_fw0.dir/Drivers/STM32U5xx_HAL_Driver/Src/stm32u5xx_hal_adc.c.obj
 .text.LL_ADC_IsDeepPowerDownEnabled
                0x08003edc       0x28 CMakeFiles/peepshow_hw5_fw0.dir/Drivers/STM32U5xx_HAL_Driver/Src/stm32u5xx_hal_adc.c.obj
 .text.LL_ADC_EnableInternalRegulator
                0x08003f04       0x28 CMakeFiles/peepshow_hw5_fw0.dir/Drivers/STM32U5xx_HAL_Driver/Src/stm32u5xx_hal_adc.c.obj
 .text.LL_ADC_IsInternalRegulatorEnabled
                0x08003f2c       0x28 CMakeFiles/peepshow_hw5_fw0.dir/Drivers/STM32U5xx_HAL_Driver/Src/stm32u5xx_hal_adc.c.obj
 .text.LL_ADC_Enable
                0x08003f54       0x28 CMakeFiles/peepshow_hw5_fw0.dir/Drivers/STM32U5xx_HAL_Driver/Src/stm32u5xx_hal_adc.c.obj
 .text.LL_ADC_Disable
                0x08003f7c       0x28 CMakeFiles/peepshow_hw5_fw0.dir/Drivers/STM32U5xx_HAL_Driver/Src/stm32u5xx_hal_adc.c.obj
 .text.LL_ADC_IsEnabled
                0x08003fa4       0x26 CMakeFiles/peepshow_hw5_fw0.dir/Drivers/STM32U5xx_HAL_Driver/Src/stm32u5xx_hal_adc.c.obj
 .text.LL_ADC_IsDisableOngoing
                0x08003fca       0x26 CMakeFiles/peepshow_hw5_fw0.dir/Drivers/STM32U5xx_HAL_Driver/Src/stm32u5xx_hal_adc.c.obj
 .text.LL_ADC_REG_StartConversion
                0x08003ff0       0x28 CMakeFiles/peepshow_hw5_fw0.dir/Drivers/STM32U5xx_HAL_Driver/Src/stm32u5xx_hal_adc.c.obj
 .text.LL_ADC_REG_StopConversion
                0x08004018       0x28 CMakeFiles/peepshow_hw5_fw0.dir/Drivers/STM32U5xx_HAL_Driver/Src/stm32u5xx_hal_adc.c.obj
 .text.LL_ADC_REG_IsConversionOngoing
                0x08004040       0x26 CMakeFiles/peepshow_hw5_fw0.dir/Drivers/STM32U5xx_HAL_Driver/Src/stm32u5xx_hal_adc.c.obj
 .text.LL_ADC_INJ_StopConversion
                0x08004066       0x28 CMakeFiles/peepshow_hw5_fw0.dir/Drivers/STM32U5xx_HAL_Driver/Src/stm32u5xx_hal_adc.c.obj
 .text.LL_ADC_INJ_IsConversionOngoing
                0x0800408e       0x26 CMakeFiles/peepshow_hw5_fw0.dir/Drivers/STM32U5xx_HAL_Driver/Src/stm32u5xx_hal_adc.c.obj
 .text.HAL_ADC_Init
                0x080040b4      0x594 CMakeFiles/peepshow_hw5_fw0.dir/Drivers/STM32U5xx_HAL_Driver/Src/stm32u5xx_hal_adc.c.obj
                0x080040b4                HAL_ADC_Init
 .text.HAL_ADC_Start
                0x08004648       0xe8 CMakeFiles/peepshow_hw5_fw0.dir/Drivers/STM32U5xx_HAL_Driver/Src/stm32u5xx_hal_adc.c.obj
                0x08004648                HAL_ADC_Start
 .text.HAL_ADC_Stop
                0x08004730       0x66 CMakeFiles/peepshow_hw5_fw0.dir/Drivers/STM32U5xx_HAL_Driver/Src/stm32u5xx_hal_adc.c.obj
                0x08004730                HAL_ADC_Stop
 *fill*         0x08004796        0x2 
 .text.HAL_ADC_PollForConversion
                0x08004798      0x1cc CMakeFiles/peepshow_hw5_fw0.dir/Drivers/STM32U5xx_HAL_Driver/Src/stm32u5xx_hal_adc.c.obj
                0x08004798                HAL_ADC_PollForConversion
 .text.HAL_ADC_GetValue
                0x08004964       0x1a CMakeFiles/peepshow_hw5_fw0.dir/Drivers/STM32U5xx_HAL_Driver/Src/stm32u5xx_hal_adc.c.obj
                0x08004964                HAL_ADC_GetValue
 *fill*         0x0800497e        0x2 
 .text.HAL_ADC_ConfigChannel
                0x08004980      0xdb0 CMakeFiles/peepshow_hw5_fw0.dir/Drivers/STM32U5xx_HAL_Driver/Src/stm32u5xx_hal_adc.c.obj
                0x08004980                HAL_ADC_ConfigChannel
 .text.HAL_ADC_GetState
                0x08005730       0x18 CMakeFiles/peepshow_hw5_fw0.dir/Drivers/STM32U5xx_HAL_Driver/Src/stm32u5xx_hal_adc.c.obj
                0x08005730                HAL_ADC_GetState
 .text.HAL_ADC_GetError
                0x08005748       0x18 CMakeFiles/peepshow_hw5_fw0.dir/Drivers/STM32U5xx_HAL_Driver/Src/stm32u5xx_hal_adc.c.obj
                0x08005748                HAL_ADC_GetError
 .text.ADC_ConversionStop
                0x08005760      0x178 CMakeFiles/peepshow_hw5_fw0.dir/Drivers/STM32U5xx_HAL_Driver/Src/stm32u5xx_hal_adc.c.obj
                0x08005760                ADC_ConversionStop
 .text.ADC_Enable
                0x080058d8       0xe0 CMakeFiles/peepshow_hw5_fw0.dir/Drivers/STM32U5xx_HAL_Driver/Src/stm32u5xx_hal_adc.c.obj
                0x080058d8                ADC_Enable
 .text.ADC_Disable
                0x080059b8       0xbe CMakeFiles/peepshow_hw5_fw0.dir/Drivers/STM32U5xx_HAL_Driver/Src/stm32u5xx_hal_adc.c.obj
                0x080059b8                ADC_Disable
 *fill*         0x08005a76        0x2 
 .text.LL_ADC_StartCalibration
                0x08005a78       0x54 CMakeFiles/peepshow_hw5_fw0.dir/Drivers/STM32U5xx_HAL_Driver/Src/stm32u5xx_hal_adc_ex.c.obj
 .text.LL_ADC_IsCalibrationOnGoing
                0x08005acc       0x28 CMakeFiles/peepshow_hw5_fw0.dir/Drivers/STM32U5xx_HAL_Driver/Src/stm32u5xx_hal_adc_ex.c.obj
 .text.HAL_ADCEx_Calibration_Start
                0x08005af4      0x2ac CMakeFiles/peepshow_hw5_fw0.dir/Drivers/STM32U5xx_HAL_Driver/Src/stm32u5xx_hal_adc_ex.c.obj
                0x08005af4                HAL_ADCEx_Calibration_Start
 .text.HAL_DMA_Init
                0x08005da0      0x258 CMakeFiles/peepshow_hw5_fw0.dir/Drivers/STM32U5xx_HAL_Driver/Src/stm32u5xx_hal_dma.c.obj
                0x08005da0                HAL_DMA_Init
 .text.HAL_DMA_Start_IT
                0x08005ff8       0xc0 CMakeFiles/peepshow_hw5_fw0.dir/Drivers/STM32U5xx_HAL_Driver/Src/stm32u5xx_hal_dma.c.obj
                0x08005ff8                HAL_DMA_Start_IT
 .text.HAL_DMA_Abort
                0x080060b8       0xf8 CMakeFiles/peepshow_hw5_fw0.dir/Drivers/STM32U5xx_HAL_Driver/Src/stm32u5xx_hal_dma.c.obj
                0x080060b8                HAL_DMA_Abort
 .text.HAL_DMA_Abort_IT
                0x080061b0       0x52 CMakeFiles/peepshow_hw5_fw0.dir/Drivers/STM32U5xx_HAL_Driver/Src/stm32u5xx_hal_dma.c.obj
                0x080061b0                HAL_DMA_Abort_IT
 .text.HAL_DMA_IRQHandler
                0x08006202      0x2c2 CMakeFiles/peepshow_hw5_fw0.dir/Drivers/STM32U5xx_HAL_Driver/Src/stm32u5xx_hal_dma.c.obj
                0x08006202                HAL_DMA_IRQHandler
 .text.HAL_DMA_GetError
                0x080064c4       0x18 CMakeFiles/peepshow_hw5_fw0.dir/Drivers/STM32U5xx_HAL_Driver/Src/stm32u5xx_hal_dma.c.obj
                0x080064c4                HAL_DMA_GetError
 .text.HAL_DMA_ConfigChannelAttributes
                0x080064dc       0x78 CMakeFiles/peepshow_hw5_fw0.dir/Drivers/STM32U5xx_HAL_Driver/Src/stm32u5xx_hal_dma.c.obj
                0x080064dc                HAL_DMA_ConfigChannelAttributes
 .text.DMA_SetConfig
                0x08006554       0x4a CMakeFiles/peepshow_hw5_fw0.dir/Drivers/STM32U5xx_HAL_Driver/Src/stm32u5xx_hal_dma.c.obj
 *fill*         0x0800659e        0x2 
 .text.DMA_Init
                0x080065a0      0x500 CMakeFiles/peepshow_hw5_fw0.dir/Drivers/STM32U5xx_HAL_Driver/Src/stm32u5xx_hal_dma.c.obj
 .text.HAL_DMAEx_List_Init
                0x08006aa0      0x258 CMakeFiles/peepshow_hw5_fw0.dir/Drivers/STM32U5xx_HAL_Driver/Src/stm32u5xx_hal_dma_ex.c.obj
                0x08006aa0                HAL_DMAEx_List_Init
 .text.HAL_DMAEx_List_Start_IT
                0x08006cf8      0x128 CMakeFiles/peepshow_hw5_fw0.dir/Drivers/STM32U5xx_HAL_Driver/Src/stm32u5xx_hal_dma_ex.c.obj
                0x08006cf8                HAL_DMAEx_List_Start_IT
 .text.HAL_DMAEx_List_BuildNode
                0x08006e20       0x2c CMakeFiles/peepshow_hw5_fw0.dir/Drivers/STM32U5xx_HAL_Driver/Src/stm32u5xx_hal_dma_ex.c.obj
                0x08006e20                HAL_DMAEx_List_BuildNode
 .text.HAL_DMAEx_List_InsertNode
                0x08006e4c      0x192 CMakeFiles/peepshow_hw5_fw0.dir/Drivers/STM32U5xx_HAL_Driver/Src/stm32u5xx_hal_dma_ex.c.obj
                0x08006e4c                HAL_DMAEx_List_InsertNode
 .text.HAL_DMAEx_List_SetCircularMode
                0x08006fde       0xc0 CMakeFiles/peepshow_hw5_fw0.dir/Drivers/STM32U5xx_HAL_Driver/Src/stm32u5xx_hal_dma_ex.c.obj
                0x08006fde                HAL_DMAEx_List_SetCircularMode
 *fill*         0x0800709e        0x2 
 .text.HAL_DMAEx_List_LinkQ
                0x080070a0      0x12c CMakeFiles/peepshow_hw5_fw0.dir/Drivers/STM32U5xx_HAL_Driver/Src/stm32u5xx_hal_dma_ex.c.obj
                0x080070a0                HAL_DMAEx_List_LinkQ
 .text.DMA_List_Init
                0x080071cc      0x2b0 CMakeFiles/peepshow_hw5_fw0.dir/Drivers/STM32U5xx_HAL_Driver/Src/stm32u5xx_hal_dma_ex.c.obj
 .text.DMA_List_BuildNode
                0x0800747c      0x2a4 CMakeFiles/peepshow_hw5_fw0.dir/Drivers/STM32U5xx_HAL_Driver/Src/stm32u5xx_hal_dma_ex.c.obj
 .text.DMA_List_CheckNodesBaseAddresses
                0x08007720       0x60 CMakeFiles/peepshow_hw5_fw0.dir/Drivers/STM32U5xx_HAL_Driver/Src/stm32u5xx_hal_dma_ex.c.obj
 .text.DMA_List_CheckNodesTypes
                0x08007780       0x78 CMakeFiles/peepshow_hw5_fw0.dir/Drivers/STM32U5xx_HAL_Driver/Src/stm32u5xx_hal_dma_ex.c.obj
 .text.DMA_List_GetCLLRNodeInfo
                0x080077f8       0x60 CMakeFiles/peepshow_hw5_fw0.dir/Drivers/STM32U5xx_HAL_Driver/Src/stm32u5xx_hal_dma_ex.c.obj
 .text.DMA_List_FindNode
                0x08007858      0x13e CMakeFiles/peepshow_hw5_fw0.dir/Drivers/STM32U5xx_HAL_Driver/Src/stm32u5xx_hal_dma_ex.c.obj
 *fill*         0x08007996        0x2 
 .text.HAL_Init
                0x08007998       0x60 CMakeFiles/peepshow_hw5_fw0.dir/Drivers/STM32U5xx_HAL_Driver/Src/stm32u5xx_hal.c.obj
                0x08007998                HAL_Init
 .text.HAL_InitTick
                0x080079f8       0xec CMakeFiles/peepshow_hw5_fw0.dir/Drivers/STM32U5xx_HAL_Driver/Src/stm32u5xx_hal.c.obj
                0x080079f8                HAL_InitTick
 .text.HAL_IncTick
                0x08007ae4       0x28 CMakeFiles/peepshow_hw5_fw0.dir/Drivers/STM32U5xx_HAL_Driver/Src/stm32u5xx_hal.c.obj
                0x08007ae4                HAL_IncTick
 .text.HAL_GetTick
                0x08007b0c       0x18 CMakeFiles/peepshow_hw5_fw0.dir/Drivers/STM32U5xx_HAL_Driver/Src/stm32u5xx_hal.c.obj
                0x08007b0c                HAL_GetTick
 .text.HAL_Delay
                0x08007b24       0x48 CMakeFiles/peepshow_hw5_fw0.dir/Drivers/STM32U5xx_HAL_Driver/Src/stm32u5xx_hal.c.obj
                0x08007b24                HAL_Delay
 .text.HAL_GetREVID
                0x08007b6c       0x1c CMakeFiles/peepshow_hw5_fw0.dir/Drivers/STM32U5xx_HAL_Driver/Src/stm32u5xx_hal.c.obj
                0x08007b6c                HAL_GetREVID
 .text.HAL_I2C_Init
                0x08007b88      0x136 CMakeFiles/peepshow_hw5_fw0.dir/Drivers/STM32U5xx_HAL_Driver/Src/stm32u5xx_hal_i2c.c.obj
                0x08007b88                HAL_I2C_Init
 *fill*         0x08007cbe        0x2 
 .text.HAL_I2C_Mem_Read
                0x08007cc0      0x234 CMakeFiles/peepshow_hw5_fw0.dir/Drivers/STM32U5xx_HAL_Driver/Src/stm32u5xx_hal_i2c.c.obj
                0x08007cc0                HAL_I2C_Mem_Read
 .text.HAL_I2C_IsDeviceReady
                0x08007ef4      0x1d8 CMakeFiles/peepshow_hw5_fw0.dir/Drivers/STM32U5xx_HAL_Driver/Src/stm32u5xx_hal_i2c.c.obj
                0x08007ef4                HAL_I2C_IsDeviceReady
 .text.HAL_I2C_GetError
                0x080080cc       0x18 CMakeFiles/peepshow_hw5_fw0.dir/Drivers/STM32U5xx_HAL_Driver/Src/stm32u5xx_hal_i2c.c.obj
                0x080080cc                HAL_I2C_GetError
 .text.I2C_RequestMemoryRead
                0x080080e4       0xa8 CMakeFiles/peepshow_hw5_fw0.dir/Drivers/STM32U5xx_HAL_Driver/Src/stm32u5xx_hal_i2c.c.obj
 .text.I2C_Flush_TXDR
                0x0800818c       0x48 CMakeFiles/peepshow_hw5_fw0.dir/Drivers/STM32U5xx_HAL_Driver/Src/stm32u5xx_hal_i2c.c.obj
 .text.I2C_WaitOnFlagUntilTimeout
                0x080081d4       0xb2 CMakeFiles/peepshow_hw5_fw0.dir/Drivers/STM32U5xx_HAL_Driver/Src/stm32u5xx_hal_i2c.c.obj
 .text.I2C_WaitOnTXISFlagUntilTimeout
                0x08008286       0x8e CMakeFiles/peepshow_hw5_fw0.dir/Drivers/STM32U5xx_HAL_Driver/Src/stm32u5xx_hal_i2c.c.obj
 .text.I2C_WaitOnSTOPFlagUntilTimeout
                0x08008314       0x86 CMakeFiles/peepshow_hw5_fw0.dir/Drivers/STM32U5xx_HAL_Driver/Src/stm32u5xx_hal_i2c.c.obj
 *fill*         0x0800839a        0x2 
 .text.I2C_IsErrorOccurred
                0x0800839c      0x1c0 CMakeFiles/peepshow_hw5_fw0.dir/Drivers/STM32U5xx_HAL_Driver/Src/stm32u5xx_hal_i2c.c.obj
 .text.I2C_TransferConfig
                0x0800855c       0x64 CMakeFiles/peepshow_hw5_fw0.dir/Drivers/STM32U5xx_HAL_Driver/Src/stm32u5xx_hal_i2c.c.obj
 .text.HAL_I2CEx_ConfigAnalogFilter
                0x080085c0       0x96 CMakeFiles/peepshow_hw5_fw0.dir/Drivers/STM32U5xx_HAL_Driver/Src/stm32u5xx_hal_i2c_ex.c.obj
                0x080085c0                HAL_I2CEx_ConfigAnalogFilter
 .text.HAL_I2CEx_ConfigDigitalFilter
                0x08008656       0x98 CMakeFiles/peepshow_hw5_fw0.dir/Drivers/STM32U5xx_HAL_Driver/Src/stm32u5xx_hal_i2c_ex.c.obj
                0x08008656                HAL_I2CEx_ConfigDigitalFilter
 *fill*         0x080086ee        0x2 
 .text.HAL_RCC_OscConfig
                0x080086f0      0xdb8 CMakeFiles/peepshow_hw5_fw0.dir/Drivers/STM32U5xx_HAL_Driver/Src/stm32u5xx_hal_rcc.c.obj
                0x080086f0                HAL_RCC_OscConfig
 .text.HAL_RCC_ClockConfig
                0x080094a8      0x3e4 CMakeFiles/peepshow_hw5_fw0.dir/Drivers/STM32U5xx_HAL_Driver/Src/stm32u5xx_hal_rcc.c.obj
                0x080094a8                HAL_RCC_ClockConfig
 .text.HAL_RCC_GetSysClockFreq
                0x0800988c      0x204 CMakeFiles/peepshow_hw5_fw0.dir/Drivers/STM32U5xx_HAL_Driver/Src/stm32u5xx_hal_rcc.c.obj
                0x0800988c                HAL_RCC_GetSysClockFreq
 .text.HAL_RCC_GetHCLKFreq
                0x08009a90       0x34 CMakeFiles/peepshow_hw5_fw0.dir/Drivers/STM32U5xx_HAL_Driver/Src/stm32u5xx_hal_rcc.c.obj
                0x08009a90                HAL_RCC_GetHCLKFreq
 .text.HAL_RCC_GetPCLK1Freq
                0x08009ac4       0x28 CMakeFiles/peepshow_hw5_fw0.dir/Drivers/STM32U5xx_HAL_Driver/Src/stm32u5xx_hal_rcc.c.obj
                0x08009ac4                HAL_RCC_GetPCLK1Freq
 .text.HAL_RCC_GetPCLK2Freq
                0x08009aec       0x28 CMakeFiles/peepshow_hw5_fw0.dir/Drivers/STM32U5xx_HAL_Driver/Src/stm32u5xx_hal_rcc.c.obj
                0x08009aec                HAL_RCC_GetPCLK2Freq
 .text.HAL_RCC_GetPCLK3Freq
                0x08009b14       0x28 CMakeFiles/peepshow_hw5_fw0.dir/Drivers/STM32U5xx_HAL_Driver/Src/stm32u5xx_hal_rcc.c.obj
                0x08009b14                HAL_RCC_GetPCLK3Freq
 .text.RCC_SetFlashLatencyFromMSIRange
                0x08009b3c      0x10c CMakeFiles/peepshow_hw5_fw0.dir/Drivers/STM32U5xx_HAL_Driver/Src/stm32u5xx_hal_rcc.c.obj
 .text.HAL_RCCEx_PeriphCLKConfig
                0x08009c48      0xb48 CMakeFiles/peepshow_hw5_fw0.dir/Drivers/STM32U5xx_HAL_Driver/Src/stm32u5xx_hal_rcc_ex.c.obj
                0x08009c48                HAL_RCCEx_PeriphCLKConfig
 .text.HAL_RCCEx_GetPLL1ClockFreq
                0x0800a790      0x2b4 CMakeFiles/peepshow_hw5_fw0.dir/Drivers/STM32U5xx_HAL_Driver/Src/stm32u5xx_hal_rcc_ex.c.obj
                0x0800a790                HAL_RCCEx_GetPLL1ClockFreq
 .text.HAL_RCCEx_GetPLL2ClockFreq
                0x0800aa44      0x2b4 CMakeFiles/peepshow_hw5_fw0.dir/Drivers/STM32U5xx_HAL_Driver/Src/stm32u5xx_hal_rcc_ex.c.obj
                0x0800aa44                HAL_RCCEx_GetPLL2ClockFreq
 .text.HAL_RCCEx_GetPLL3ClockFreq
                0x0800acf8      0x2b4 CMakeFiles/peepshow_hw5_fw0.dir/Drivers/STM32U5xx_HAL_Driver/Src/stm32u5xx_hal_rcc_ex.c.obj
                0x0800acf8                HAL_RCCEx_GetPLL3ClockFreq
 .text.HAL_RCCEx_GetPeriphCLKFreq
                0x0800afac     0x136c CMakeFiles/peepshow_hw5_fw0.dir/Drivers/STM32U5xx_HAL_Driver/Src/stm32u5xx_hal_rcc_ex.c.obj
                0x0800afac                HAL_RCCEx_GetPeriphCLKFreq
 .text.RCCEx_PLL2_Config
                0x0800c318      0x130 CMakeFiles/peepshow_hw5_fw0.dir/Drivers/STM32U5xx_HAL_Driver/Src/stm32u5xx_hal_rcc_ex.c.obj
 .text.RCCEx_PLL3_Config
                0x0800c448      0x130 CMakeFiles/peepshow_hw5_fw0.dir/Drivers/STM32U5xx_HAL_Driver/Src/stm32u5xx_hal_rcc_ex.c.obj
 .text.__NVIC_SetPriorityGrouping
                0x0800c578       0x48 CMakeFiles/peepshow_hw5_fw0.dir/Drivers/STM32U5xx_HAL_Driver/Src/stm32u5xx_hal_cortex.c.obj
 .text.__NVIC_GetPriorityGrouping
                0x0800c5c0       0x1c CMakeFiles/peepshow_hw5_fw0.dir/Drivers/STM32U5xx_HAL_Driver/Src/stm32u5xx_hal_cortex.c.obj
 .text.__NVIC_EnableIRQ
                0x0800c5dc       0x3c CMakeFiles/peepshow_hw5_fw0.dir/Drivers/STM32U5xx_HAL_Driver/Src/stm32u5xx_hal_cortex.c.obj
 .text.__NVIC_SetPriority
                0x0800c618       0x54 CMakeFiles/peepshow_hw5_fw0.dir/Drivers/STM32U5xx_HAL_Driver/Src/stm32u5xx_hal_cortex.c.obj
 .text.NVIC_EncodePriority
                0x0800c66c       0x66 CMakeFiles/peepshow_hw5_fw0.dir/Drivers/STM32U5xx_HAL_Driver/Src/stm32u5xx_hal_cortex.c.obj
 .text.HAL_NVIC_SetPriorityGrouping
                0x0800c6d2       0x16 CMakeFiles/peepshow_hw5_fw0.dir/Drivers/STM32U5xx_HAL_Driver/Src/stm32u5xx_hal_cortex.c.obj
                0x0800c6d2                HAL_NVIC_SetPriorityGrouping
 .text.HAL_NVIC_SetPriority
                0x0800c6e8       0x34 CMakeFiles/peepshow_hw5_fw0.dir/Drivers/STM32U5xx_HAL_Driver/Src/stm32u5xx_hal_cortex.c.obj
                0x0800c6e8                HAL_NVIC_SetPriority
 .text.HAL_NVIC_EnableIRQ
                0x0800c71c       0x1c CMakeFiles/peepshow_hw5_fw0.dir/Drivers/STM32U5xx_HAL_Driver/Src/stm32u5xx_hal_cortex.c.obj
                0x0800c71c                HAL_NVIC_EnableIRQ
 .text.HAL_SYSTICK_Config
                0x0800c738       0x44 CMakeFiles/peepshow_hw5_fw0.dir/Drivers/STM32U5xx_HAL_Driver/Src/stm32u5xx_hal_cortex.c.obj
                0x0800c738                HAL_SYSTICK_Config
 .text.HAL_SYSTICK_CLKSourceConfig
                0x0800c77c       0xb0 CMakeFiles/peepshow_hw5_fw0.dir/Drivers/STM32U5xx_HAL_Driver/Src/stm32u5xx_hal_cortex.c.obj
                0x0800c77c                HAL_SYSTICK_CLKSourceConfig
 .text.HAL_SYSTICK_GetCLKSourceConfig
                0x0800c82c       0x74 CMakeFiles/peepshow_hw5_fw0.dir/Drivers/STM32U5xx_HAL_Driver/Src/stm32u5xx_hal_cortex.c.obj
                0x0800c82c                HAL_SYSTICK_GetCLKSourceConfig
 .text.HAL_GPIO_Init
                0x0800c8a0      0x3b0 CMakeFiles/peepshow_hw5_fw0.dir/Drivers/STM32U5xx_HAL_Driver/Src/stm32u5xx_hal_gpio.c.obj
                0x0800c8a0                HAL_GPIO_Init
 .text.HAL_GPIO_ReadPin
                0x0800cc50       0x30 CMakeFiles/peepshow_hw5_fw0.dir/Drivers/STM32U5xx_HAL_Driver/Src/stm32u5xx_hal_gpio.c.obj
                0x0800cc50                HAL_GPIO_ReadPin
 .text.HAL_GPIO_WritePin
                0x0800cc80       0x30 CMakeFiles/peepshow_hw5_fw0.dir/Drivers/STM32U5xx_HAL_Driver/Src/stm32u5xx_hal_gpio.c.obj
                0x0800cc80                HAL_GPIO_WritePin
 .text.HAL_GPIO_EXTI_IRQHandler
                0x0800ccb0       0x4c CMakeFiles/peepshow_hw5_fw0.dir/Drivers/STM32U5xx_HAL_Driver/Src/stm32u5xx_hal_gpio.c.obj
                0x0800ccb0                HAL_GPIO_EXTI_IRQHandler
 .text.HAL_PWREx_ControlVoltageScaling
                0x0800ccfc       0xfc CMakeFiles/peepshow_hw5_fw0.dir/Drivers/STM32U5xx_HAL_Driver/Src/stm32u5xx_hal_pwr_ex.c.obj
                0x0800ccfc                HAL_PWREx_ControlVoltageScaling
 .text.HAL_PWREx_GetVoltageRange
                0x0800cdf8       0x1c CMakeFiles/peepshow_hw5_fw0.dir/Drivers/STM32U5xx_HAL_Driver/Src/stm32u5xx_hal_pwr_ex.c.obj
                0x0800cdf8                HAL_PWREx_GetVoltageRange
 .text.HAL_PWREx_EnableVddA
                0x0800ce14       0x20 CMakeFiles/peepshow_hw5_fw0.dir/Drivers/STM32U5xx_HAL_Driver/Src/stm32u5xx_hal_pwr_ex.c.obj
                0x0800ce14                HAL_PWREx_EnableVddA
 .text.HAL_ICACHE_ConfigAssociativityMode
                0x0800ce34       0x40 CMakeFiles/peepshow_hw5_fw0.dir/Drivers/STM32U5xx_HAL_Driver/Src/stm32u5xx_hal_icache.c.obj
                0x0800ce34                HAL_ICACHE_ConfigAssociativityMode
 .text.HAL_ICACHE_Enable
                0x0800ce74       0x20 CMakeFiles/peepshow_hw5_fw0.dir/Drivers/STM32U5xx_HAL_Driver/Src/stm32u5xx_hal_icache.c.obj
                0x0800ce74                HAL_ICACHE_Enable
 .text.HAL_LPTIM_Init
                0x0800ce94      0x200 CMakeFiles/peepshow_hw5_fw0.dir/Drivers/STM32U5xx_HAL_Driver/Src/stm32u5xx_hal_lptim.c.obj
                0x0800ce94                HAL_LPTIM_Init
 .text.HAL_LPTIM_OC_ConfigChannel
                0x0800d094       0x66 CMakeFiles/peepshow_hw5_fw0.dir/Drivers/STM32U5xx_HAL_Driver/Src/stm32u5xx_hal_lptim.c.obj
                0x0800d094                HAL_LPTIM_OC_ConfigChannel
 *fill*         0x0800d0fa        0x2 
 .text.LPTIM_WaitForFlag
                0x0800d0fc       0x60 CMakeFiles/peepshow_hw5_fw0.dir/Drivers/STM32U5xx_HAL_Driver/Src/stm32u5xx_hal_lptim.c.obj
 .text.LPTIM_OC1_SetConfig
                0x0800d15c       0xcc CMakeFiles/peepshow_hw5_fw0.dir/Drivers/STM32U5xx_HAL_Driver/Src/stm32u5xx_hal_lptim.c.obj
 .text.LPTIM_OC2_SetConfig
                0x0800d228       0x9c CMakeFiles/peepshow_hw5_fw0.dir/Drivers/STM32U5xx_HAL_Driver/Src/stm32u5xx_hal_lptim.c.obj
 .text.LL_DLYB_Enable
                0x0800d2c4       0x20 CMakeFiles/peepshow_hw5_fw0.dir/Drivers/STM32U5xx_HAL_Driver/Src/stm32u5xx_hal_ospi.c.obj
 .text.HAL_OSPI_Init
                0x0800d2e4      0x178 CMakeFiles/peepshow_hw5_fw0.dir/Drivers/STM32U5xx_HAL_Driver/Src/stm32u5xx_hal_ospi.c.obj
                0x0800d2e4                HAL_OSPI_Init
 .text.HAL_OSPI_IRQHandler
                0x0800d45c      0x284 CMakeFiles/peepshow_hw5_fw0.dir/Drivers/STM32U5xx_HAL_Driver/Src/stm32u5xx_hal_ospi.c.obj
                0x0800d45c                HAL_OSPI_IRQHandler
 .text.HAL_OSPI_Command
                0x0800d6e0      0x11a CMakeFiles/peepshow_hw5_fw0.dir/Drivers/STM32U5xx_HAL_Driver/Src/stm32u5xx_hal_ospi.c.obj
                0x0800d6e0                HAL_OSPI_Command
 .text.HAL_OSPI_Receive
                0x0800d7fa      0x146 CMakeFiles/peepshow_hw5_fw0.dir/Drivers/STM32U5xx_HAL_Driver/Src/stm32u5xx_hal_ospi.c.obj
                0x0800d7fa                HAL_OSPI_Receive
 .text.HAL_OSPI_Transmit_DMA
                0x0800d940      0x264 CMakeFiles/peepshow_hw5_fw0.dir/Drivers/STM32U5xx_HAL_Driver/Src/stm32u5xx_hal_ospi.c.obj
                0x0800d940                HAL_OSPI_Transmit_DMA
 .text.HAL_OSPI_Receive_DMA
                0x0800dba4      0x2b4 CMakeFiles/peepshow_hw5_fw0.dir/Drivers/STM32U5xx_HAL_Driver/Src/stm32u5xx_hal_ospi.c.obj
                0x0800dba4                HAL_OSPI_Receive_DMA
 .text.HAL_OSPI_AbortCpltCallback
                0x0800de58       0x14 CMakeFiles/peepshow_hw5_fw0.dir/Drivers/STM32U5xx_HAL_Driver/Src/stm32u5xx_hal_ospi.c.obj
                0x0800de58                HAL_OSPI_AbortCpltCallback
 .text.HAL_OSPI_FifoThresholdCallback
                0x0800de6c       0x14 CMakeFiles/peepshow_hw5_fw0.dir/Drivers/STM32U5xx_HAL_Driver/Src/stm32u5xx_hal_ospi.c.obj
                0x0800de6c                HAL_OSPI_FifoThresholdCallback
 .text.HAL_OSPI_CmdCpltCallback
                0x0800de80       0x14 CMakeFiles/peepshow_hw5_fw0.dir/Drivers/STM32U5xx_HAL_Driver/Src/stm32u5xx_hal_ospi.c.obj
                0x0800de80                HAL_OSPI_CmdCpltCallback
 .text.HAL_OSPI_RxHalfCpltCallback
                0x0800de94       0x14 CMakeFiles/peepshow_hw5_fw0.dir/Drivers/STM32U5xx_HAL_Driver/Src/stm32u5xx_hal_ospi.c.obj
                0x0800de94                HAL_OSPI_RxHalfCpltCallback
 .text.HAL_OSPI_TxHalfCpltCallback
                0x0800dea8       0x14 CMakeFiles/peepshow_hw5_fw0.dir/Drivers/STM32U5xx_HAL_Driver/Src/stm32u5xx_hal_ospi.c.obj
                0x0800dea8                HAL_OSPI_TxHalfCpltCallback
 .text.HAL_OSPI_StatusMatchCallback
                0x0800debc       0x14 CMakeFiles/peepshow_hw5_fw0.dir/Drivers/STM32U5xx_HAL_Driver/Src/stm32u5xx_hal_ospi.c.obj
                0x0800debc                HAL_OSPI_StatusMatchCallback
 .text.HAL_OSPI_TimeOutCallback
                0x0800ded0       0x14 CMakeFiles/peepshow_hw5_fw0.dir/Drivers/STM32U5xx_HAL_Driver/Src/stm32u5xx_hal_ospi.c.obj
                0x0800ded0                HAL_OSPI_TimeOutCallback
 .text.HAL_OSPI_Abort
                0x0800dee4       0xea CMakeFiles/peepshow_hw5_fw0.dir/Drivers/STM32U5xx_HAL_Driver/Src/stm32u5xx_hal_ospi.c.obj
                0x0800dee4                HAL_OSPI_Abort
 *fill*         0x0800dfce        0x2 
 .text.HAL_OSPI_Abort_IT
                0x0800dfd0       0xe4 CMakeFiles/peepshow_hw5_fw0.dir/Drivers/STM32U5xx_HAL_Driver/Src/stm32u5xx_hal_ospi.c.obj
                0x0800dfd0                HAL_OSPI_Abort_IT
 .text.HAL_OSPI_SetTimeout
                0x0800e0b4       0x1e CMakeFiles/peepshow_hw5_fw0.dir/Drivers/STM32U5xx_HAL_Driver/Src/stm32u5xx_hal_ospi.c.obj
                0x0800e0b4                HAL_OSPI_SetTimeout
 .text.HAL_OSPI_GetError
                0x0800e0d2       0x18 CMakeFiles/peepshow_hw5_fw0.dir/Drivers/STM32U5xx_HAL_Driver/Src/stm32u5xx_hal_ospi.c.obj
                0x0800e0d2                HAL_OSPI_GetError
 .text.HAL_OSPI_GetState
                0x0800e0ea       0x18 CMakeFiles/peepshow_hw5_fw0.dir/Drivers/STM32U5xx_HAL_Driver/Src/stm32u5xx_hal_ospi.c.obj
                0x0800e0ea                HAL_OSPI_GetState
 *fill*         0x0800e102        0x2 
 .text.HAL_OSPIM_Config
                0x0800e104      0x9e4 CMakeFiles/peepshow_hw5_fw0.dir/Drivers/STM32U5xx_HAL_Driver/Src/stm32u5xx_hal_ospi.c.obj
                0x0800e104                HAL_OSPIM_Config
 .text.OSPI_DMACplt
                0x0800eae8       0x50 CMakeFiles/peepshow_hw5_fw0.dir/Drivers/STM32U5xx_HAL_Driver/Src/stm32u5xx_hal_ospi.c.obj
 .text.OSPI_DMAHalfCplt
                0x0800eb38       0x36 CMakeFiles/peepshow_hw5_fw0.dir/Drivers/STM32U5xx_HAL_Driver/Src/stm32u5xx_hal_ospi.c.obj
 .text.OSPI_DMAError
                0x0800eb6e       0x5a CMakeFiles/peepshow_hw5_fw0.dir/Drivers/STM32U5xx_HAL_Driver/Src/stm32u5xx_hal_ospi.c.obj
 .text.OSPI_DMAAbortCplt
                0x0800ebc8       0x78 CMakeFiles/peepshow_hw5_fw0.dir/Drivers/STM32U5xx_HAL_Driver/Src/stm32u5xx_hal_ospi.c.obj
 .text.OSPI_WaitFlagStateUntilTimeout
                0x0800ec40       0x7e CMakeFiles/peepshow_hw5_fw0.dir/Drivers/STM32U5xx_HAL_Driver/Src/stm32u5xx_hal_ospi.c.obj
 *fill*         0x0800ecbe        0x2 
 .text.OSPI_ConfigCmd
                0x0800ecc0      0x2f4 CMakeFiles/peepshow_hw5_fw0.dir/Drivers/STM32U5xx_HAL_Driver/Src/stm32u5xx_hal_ospi.c.obj
 .text.OSPIM_GetConfig
                0x0800efb4      0x174 CMakeFiles/peepshow_hw5_fw0.dir/Drivers/STM32U5xx_HAL_Driver/Src/stm32u5xx_hal_ospi.c.obj
 .text.HAL_OSPI_DLYB_SetConfig
                0x0800f128       0x90 CMakeFiles/peepshow_hw5_fw0.dir/Drivers/STM32U5xx_HAL_Driver/Src/stm32u5xx_hal_ospi.c.obj
                0x0800f128                HAL_OSPI_DLYB_SetConfig
 .text.LL_DLYB_SetDelay
                0x0800f1b8       0x3e CMakeFiles/peepshow_hw5_fw0.dir/Drivers/STM32U5xx_HAL_Driver/Src/stm32u5xx_ll_dlyb.c.obj
                0x0800f1b8                LL_DLYB_SetDelay
 *fill*         0x0800f1f6        0x2 
 .text.HAL_RTC_Init
                0x0800f1f8      0x104 CMakeFiles/peepshow_hw5_fw0.dir/Drivers/STM32U5xx_HAL_Driver/Src/stm32u5xx_hal_rtc.c.obj
                0x0800f1f8                HAL_RTC_Init
 .text.HAL_RTC_WaitForSynchro
                0x0800f2fc       0x64 CMakeFiles/peepshow_hw5_fw0.dir/Drivers/STM32U5xx_HAL_Driver/Src/stm32u5xx_hal_rtc.c.obj
                0x0800f2fc                HAL_RTC_WaitForSynchro
 .text.HAL_RTC_GetState
                0x0800f360       0x1c CMakeFiles/peepshow_hw5_fw0.dir/Drivers/STM32U5xx_HAL_Driver/Src/stm32u5xx_hal_rtc.c.obj
                0x0800f360                HAL_RTC_GetState
 .text.RTC_EnterInitMode
                0x0800f37c       0x78 CMakeFiles/peepshow_hw5_fw0.dir/Drivers/STM32U5xx_HAL_Driver/Src/stm32u5xx_hal_rtc.c.obj
                0x0800f37c                RTC_EnterInitMode
 .text.RTC_ExitInitMode
                0x0800f3f4       0x7c CMakeFiles/peepshow_hw5_fw0.dir/Drivers/STM32U5xx_HAL_Driver/Src/stm32u5xx_hal_rtc.c.obj
                0x0800f3f4                RTC_ExitInitMode
 .text.HAL_RTCEx_SetCalibrationOutPut
                0x0800f470       0x68 CMakeFiles/peepshow_hw5_fw0.dir/Drivers/STM32U5xx_HAL_Driver/Src/stm32u5xx_hal_rtc_ex.c.obj
                0x0800f470                HAL_RTCEx_SetCalibrationOutPut
 .text.HAL_RTCEx_PrivilegeModeSet
                0x0800f4d8       0x5c CMakeFiles/peepshow_hw5_fw0.dir/Drivers/STM32U5xx_HAL_Driver/Src/stm32u5xx_hal_rtc_ex.c.obj
                0x0800f4d8                HAL_RTCEx_PrivilegeModeSet
 .text.HAL_SAI_InitProtocol
                0x0800f534       0x62 CMakeFiles/peepshow_hw5_fw0.dir/Drivers/STM32U5xx_HAL_Driver/Src/stm32u5xx_hal_sai.c.obj
                0x0800f534                HAL_SAI_InitProtocol
 *fill*         0x0800f596        0x2 
 .text.HAL_SAI_Init
                0x0800f598      0x3c8 CMakeFiles/peepshow_hw5_fw0.dir/Drivers/STM32U5xx_HAL_Driver/Src/stm32u5xx_hal_sai.c.obj
                0x0800f598                HAL_SAI_Init
 .text.SAI_InitI2S
                0x0800f960      0x164 CMakeFiles/peepshow_hw5_fw0.dir/Drivers/STM32U5xx_HAL_Driver/Src/stm32u5xx_hal_sai.c.obj
 .text.SAI_InitPCM
                0x0800fac4      0x104 CMakeFiles/peepshow_hw5_fw0.dir/Drivers/STM32U5xx_HAL_Driver/Src/stm32u5xx_hal_sai.c.obj
 .text.SAI_Disable
                0x0800fbc8       0x74 CMakeFiles/peepshow_hw5_fw0.dir/Drivers/STM32U5xx_HAL_Driver/Src/stm32u5xx_hal_sai.c.obj
 .text.HAL_SPI_Init
                0x0800fc3c      0x22c CMakeFiles/peepshow_hw5_fw0.dir/Drivers/STM32U5xx_HAL_Driver/Src/stm32u5xx_hal_spi.c.obj
                0x0800fc3c                HAL_SPI_Init
 .text.HAL_SPI_Transmit
                0x0800fe68      0x420 CMakeFiles/peepshow_hw5_fw0.dir/Drivers/STM32U5xx_HAL_Driver/Src/stm32u5xx_hal_spi.c.obj
                0x0800fe68                HAL_SPI_Transmit
 .text.HAL_SPI_Transmit_DMA
                0x08010288      0x368 CMakeFiles/peepshow_hw5_fw0.dir/Drivers/STM32U5xx_HAL_Driver/Src/stm32u5xx_hal_spi.c.obj
                0x08010288                HAL_SPI_Transmit_DMA
 .text.HAL_SPI_IRQHandler
                0x080105f0      0x3a8 CMakeFiles/peepshow_hw5_fw0.dir/Drivers/STM32U5xx_HAL_Driver/Src/stm32u5xx_hal_spi.c.obj
                0x080105f0                HAL_SPI_IRQHandler
 .text.HAL_SPI_RxCpltCallback
                0x08010998       0x14 CMakeFiles/peepshow_hw5_fw0.dir/Drivers/STM32U5xx_HAL_Driver/Src/stm32u5xx_hal_spi.c.obj
                0x08010998                HAL_SPI_RxCpltCallback
 .text.HAL_SPI_TxRxCpltCallback
                0x080109ac       0x14 CMakeFiles/peepshow_hw5_fw0.dir/Drivers/STM32U5xx_HAL_Driver/Src/stm32u5xx_hal_spi.c.obj
                0x080109ac                HAL_SPI_TxRxCpltCallback
 .text.HAL_SPI_TxHalfCpltCallback
                0x080109c0       0x14 CMakeFiles/peepshow_hw5_fw0.dir/Drivers/STM32U5xx_HAL_Driver/Src/stm32u5xx_hal_spi.c.obj
                0x080109c0                HAL_SPI_TxHalfCpltCallback
 .text.HAL_SPI_SuspendCallback
                0x080109d4       0x14 CMakeFiles/peepshow_hw5_fw0.dir/Drivers/STM32U5xx_HAL_Driver/Src/stm32u5xx_hal_spi.c.obj
                0x080109d4                HAL_SPI_SuspendCallback
 .text.HAL_SPI_GetState
                0x080109e8       0x1c CMakeFiles/peepshow_hw5_fw0.dir/Drivers/STM32U5xx_HAL_Driver/Src/stm32u5xx_hal_spi.c.obj
                0x080109e8                HAL_SPI_GetState
 .text.HAL_SPI_GetError
                0x08010a04       0x1a CMakeFiles/peepshow_hw5_fw0.dir/Drivers/STM32U5xx_HAL_Driver/Src/stm32u5xx_hal_spi.c.obj
                0x08010a04                HAL_SPI_GetError
 .text.SPI_DMATransmitCplt
                0x08010a1e       0x46 CMakeFiles/peepshow_hw5_fw0.dir/Drivers/STM32U5xx_HAL_Driver/Src/stm32u5xx_hal_spi.c.obj
 .text.SPI_DMAHalfTransmitCplt
                0x08010a64       0x1c CMakeFiles/peepshow_hw5_fw0.dir/Drivers/STM32U5xx_HAL_Driver/Src/stm32u5xx_hal_spi.c.obj
 .text.SPI_DMAError
                0x08010a80       0x46 CMakeFiles/peepshow_hw5_fw0.dir/Drivers/STM32U5xx_HAL_Driver/Src/stm32u5xx_hal_spi.c.obj
 .text.SPI_DMAAbortOnError
                0x08010ac6       0x34 CMakeFiles/peepshow_hw5_fw0.dir/Drivers/STM32U5xx_HAL_Driver/Src/stm32u5xx_hal_spi.c.obj
 .text.SPI_CloseTransfer
                0x08010afa      0x140 CMakeFiles/peepshow_hw5_fw0.dir/Drivers/STM32U5xx_HAL_Driver/Src/stm32u5xx_hal_spi.c.obj
 .text.SPI_WaitOnFlagUntilTimeout
                0x08010c3a       0x5c CMakeFiles/peepshow_hw5_fw0.dir/Drivers/STM32U5xx_HAL_Driver/Src/stm32u5xx_hal_spi.c.obj
 .text.SPI_GetPacketSize
                0x08010c96       0x36 CMakeFiles/peepshow_hw5_fw0.dir/Drivers/STM32U5xx_HAL_Driver/Src/stm32u5xx_hal_spi.c.obj
 .text.HAL_SPIEx_SetConfigAutonomousMode
                0x08010ccc       0x82 CMakeFiles/peepshow_hw5_fw0.dir/Drivers/STM32U5xx_HAL_Driver/Src/stm32u5xx_hal_spi_ex.c.obj
                0x08010ccc                HAL_SPIEx_SetConfigAutonomousMode
 *fill*         0x08010d4e        0x2 
 .text.SystemInit
                0x08010d50       0x70 CMakeFiles/peepshow_hw5_fw0.dir/Core/Src/system_stm32u5xx.c.obj
                0x08010d50                SystemInit
 .text.Reset_Handler
                0x08010dc0       0x50 CMakeFiles/peepshow_hw5_fw0.dir/startup_stm32u575xx.s.obj
                0x08010dc0                Reset_Handler
 .text.Default_Handler
                0x08010e10        0x2 CMakeFiles/peepshow_hw5_fw0.dir/startup_stm32u575xx.s.obj
                0x08010e10                EXTI2_IRQHandler
                0x08010e10                TIM8_TRG_COM_IRQHandler
                0x08010e10                TIM8_CC_IRQHandler
                0x08010e10                FLASH_S_IRQHandler
                0x08010e10                EXTI13_IRQHandler
                0x08010e10                TIM1_CC_IRQHandler
                0x08010e10                TSC_IRQHandler
                0x08010e10                TAMP_IRQHandler
                0x08010e10                TIM6_IRQHandler
                0x08010e10                EXTI12_IRQHandler
                0x08010e10                CORDIC_IRQHandler
                0x08010e10                EXTI3_IRQHandler
                0x08010e10                LPTIM4_IRQHandler
                0x08010e10                LPTIM2_IRQHandler
                0x08010e10                I2C3_ER_IRQHandler
                0x08010e10                PWR_S3WU_IRQHandler
                0x08010e10                MDF1_FLT2_IRQHandler
                0x08010e10                LPDMA1_Channel3_IRQHandler
                0x08010e10                LPTIM3_IRQHandler
                0x08010e10                EXTI0_IRQHandler
                0x08010e10                I2C2_EV_IRQHandler
                0x08010e10                FPU_IRQHandler
                0x08010e10                GPDMA1_Channel7_IRQHandler
                0x08010e10                MDF1_FLT4_IRQHandler
                0x08010e10                FDCAN1_IT1_IRQHandler
                0x08010e10                RAMCFG_IRQHandler
                0x08010e10                GPDMA1_Channel9_IRQHandler
                0x08010e10                DCACHE1_IRQHandler
                0x08010e10                SPI1_IRQHandler
                0x08010e10                GPDMA1_Channel2_IRQHandler
                0x08010e10                TIM8_UP_IRQHandler
                0x08010e10                RCC_S_IRQHandler
                0x08010e10                OCTOSPI2_IRQHandler
                0x08010e10                SAI2_IRQHandler
                0x08010e10                MDF1_FLT1_IRQHandler
                0x08010e10                ADC1_IRQHandler
                0x08010e10                MDF1_FLT5_IRQHandler
                0x08010e10                EXTI15_IRQHandler
                0x08010e10                TIM17_IRQHandler
                0x08010e10                USART3_IRQHandler
                0x08010e10                RTC_IRQHandler
                0x08010e10                EXTI9_IRQHandler
                0x08010e10                UART5_IRQHandler
                0x08010e10                TIM4_IRQHandler
                0x08010e10                I2C1_EV_IRQHandler
                0x08010e10                GPDMA1_Channel12_IRQHandler
                0x08010e10                GPDMA1_Channel1_IRQHandler
                0x08010e10                TIM16_IRQHandler
                0x08010e10                GPDMA1_Channel15_IRQHandler
                0x08010e10                UART4_IRQHandler
                0x08010e10                SecureFault_Handler
                0x08010e10                TIM3_IRQHandler
                0x08010e10                RCC_IRQHandler
                0x08010e10                TIM1_TRG_COM_IRQHandler
                0x08010e10                Default_Handler
                0x08010e10                GPDMA1_Channel8_IRQHandler
                0x08010e10                FMAC_IRQHandler
                0x08010e10                GPDMA1_Channel11_IRQHandler
                0x08010e10                TIM7_IRQHandler
                0x08010e10                SDMMC1_IRQHandler
                0x08010e10                TIM5_IRQHandler
                0x08010e10                UCPD1_IRQHandler
                0x08010e10                GPDMA1_Channel0_IRQHandler
                0x08010e10                TIM15_IRQHandler
                0x08010e10                I2C3_EV_IRQHandler
                0x08010e10                PVD_PVM_IRQHandler
                0x08010e10                SPI2_IRQHandler
                0x08010e10                LPDMA1_Channel1_IRQHandler
                0x08010e10                EXTI14_IRQHandler
                0x08010e10                EXTI11_IRQHandler
                0x08010e10                CRS_IRQHandler
                0x08010e10                GPDMA1_Channel14_IRQHandler
                0x08010e10                LSECSSD_IRQHandler
                0x08010e10                RTC_S_IRQHandler
                0x08010e10                GPDMA1_Channel13_IRQHandler
                0x08010e10                RNG_IRQHandler
                0x08010e10                COMP_IRQHandler
                0x08010e10                TIM1_UP_IRQHandler
                0x08010e10                ADC4_IRQHandler
                0x08010e10                WWDG_IRQHandler
                0x08010e10                I2C4_EV_IRQHandler
                0x08010e10                ADF1_IRQHandler
                0x08010e10                IWDG_IRQHandler
                0x08010e10                LPUART1_IRQHandler
                0x08010e10                MDF1_FLT0_IRQHandler
                0x08010e10                FDCAN1_IT0_IRQHandler
                0x08010e10                TIM2_IRQHandler
                0x08010e10                DMA2D_IRQHandler
                0x08010e10                TIM1_BRK_IRQHandler
                0x08010e10                EXTI1_IRQHandler
                0x08010e10                SDMMC2_IRQHandler
                0x08010e10                DAC1_IRQHandler
                0x08010e10                GTZC_IRQHandler
                0x08010e10                MDF1_FLT3_IRQHandler
                0x08010e10                USART2_IRQHandler
                0x08010e10                GPDMA1_Channel6_IRQHandler
                0x08010e10                I2C2_ER_IRQHandler
                0x08010e10                TIM8_BRK_IRQHandler
                0x08010e10                FLASH_IRQHandler
                0x08010e10                USART1_IRQHandler
                0x08010e10                EXTI10_IRQHandler
                0x08010e10                OTG_FS_IRQHandler
                0x08010e10                LPDMA1_Channel2_IRQHandler
                0x08010e10                I2C1_ER_IRQHandler
                0x08010e10                FMC_IRQHandler
                0x08010e10                LPTIM1_IRQHandler
                0x08010e10                DCMI_PSSI_IRQHandler
                0x08010e10                I2C4_ER_IRQHandler
                0x08010e10                GPDMA1_Channel10_IRQHandler
                0x08010e10                ICACHE_IRQHandler
                0x08010e10                SAI1_IRQHandler
                0x08010e10                HASH_IRQHandler
 .text.memcpy   0x08010e12       0x1a //?/C:/Users/Rosco/AppData/Local/stm32cube/bundles/gnu-tools-for-stm32/13.3.1+st.9/bin/../lib/gcc/arm-none-eabi/13.3.1/../../../../arm-none-eabi/lib/thumb/v8-m.main+fp/hard\libg_nano.a(libc_a-memcpy-stub.o)
                0x08010e12                memcpy
 *(.glue_7)
 .glue_7        0x08010e2c        0x0 linker stubs
 *(.glue_7t)
 .glue_7t       0x08010e2c        0x0 linker stubs
 *(.eh_frame)
 .eh_frame      0x08010e2c        0x0 //?/C:/Users/Rosco/AppData/Local/stm32cube/bundles/gnu-tools-for-stm32/13.3.1+st.9/bin/../lib/gcc/arm-none-eabi/13.3.1/thumb/v8-m.main+fp/hard/crtbegin.o
 *(.init)
 .init          0x08010e2c        0x4 //?/C:/Users/Rosco/AppData/Local/stm32cube/bundles/gnu-tools-for-stm32/13.3.1+st.9/bin/../lib/gcc/arm-none-eabi/13.3.1/thumb/v8-m.main+fp/hard/crti.o
                0x08010e2c                _init
 .init          0x08010e30        0x8 //?/C:/Users/Rosco/AppData/Local/stm32cube/bundles/gnu-tools-for-stm32/13.3.1+st.9/bin/../lib/gcc/arm-none-eabi/13.3.1/thumb/v8-m.main+fp/hard/crtn.o
 *(.fini)
 .fini          0x08010e38        0x4 //?/C:/Users/Rosco/AppData/Local/stm32cube/bundles/gnu-tools-for-stm32/13.3.1+st.9/bin/../lib/gcc/arm-none-eabi/13.3.1/thumb/v8-m.main+fp/hard/crti.o
                0x08010e38                _fini
 .fini          0x08010e3c        0x8 //?/C:/Users/Rosco/AppData/Local/stm32cube/bundles/gnu-tools-for-stm32/13.3.1+st.9/bin/../lib/gcc/arm-none-eabi/13.3.1/thumb/v8-m.main+fp/hard/crtn.o
                0x08010e48                        . = ALIGN (0x8)
 *fill*         0x08010e44        0x4 
                0x08010e48                        _etext = .

.vfp11_veneer   0x08010e48        0x0
 .vfp11_veneer  0x08010e48        0x0 linker stubs

.v4_bx          0x08010e48        0x0
 .v4_bx         0x08010e48        0x0 linker stubs

.iplt           0x08010e48        0x0
 .iplt          0x08010e48        0x0 //?/C:/Users/Rosco/AppData/Local/stm32cube/bundles/gnu-tools-for-stm32/13.3.1+st.9/bin/../lib/gcc/arm-none-eabi/13.3.1/thumb/v8-m.main+fp/hard/crtbegin.o

.rodata         0x08010e48       0xd8
                0x08010e48                        . = ALIGN (0x8)
 *(.rodata)
 *(.rodata*)
 .rodata.LPGPIO_Map
                0x08010e48       0x80 CMakeFiles/peepshow_hw5_fw0.dir/Drivers/STM32U5xx_HAL_Driver/Src/stm32u5xx_hal_gpio.c.obj
 .rodata.AHBPrescTable
                0x08010ec8       0x10 CMakeFiles/peepshow_hw5_fw0.dir/Core/Src/system_stm32u5xx.c.obj
                0x08010ec8                AHBPrescTable
 .rodata.APBPrescTable
                0x08010ed8        0x8 CMakeFiles/peepshow_hw5_fw0.dir/Core/Src/system_stm32u5xx.c.obj
                0x08010ed8                APBPrescTable
 .rodata.MSIRangeTable
                0x08010ee0       0x40 CMakeFiles/peepshow_hw5_fw0.dir/Core/Src/system_stm32u5xx.c.obj
                0x08010ee0                MSIRangeTable
                0x08010f20                        . = ALIGN (0x8)

.ARM.extab      0x08010f20        0x0
                0x08010f20                        . = ALIGN (0x8)
 *(.ARM.extab* .gnu.linkonce.armextab.*)
                0x08010f20                        . = ALIGN (0x8)

.ARM            0x08010f20        0x0
                0x08010f20                        . = ALIGN (0x8)
                0x08010f20                        __exidx_start = .
 *(.ARM.exidx*)
                0x08010f20                        __exidx_end = .
                0x08010f20                        . = ALIGN (0x8)

.preinit_array  0x08010f20        0x0
                0x08010f20                        . = ALIGN (0x8)
                0x08010f20                        PROVIDE (__preinit_array_start = .)
 *(.preinit_array*)
                0x08010f20                        PROVIDE (__preinit_array_end = .)
                0x08010f20                        . = ALIGN (0x8)

.init_array     0x08010f20        0x8
                0x08010f20                        . = ALIGN (0x8)
                0x08010f20                        PROVIDE (__init_array_start = .)
 *(SORT_BY_NAME(.init_array.*))
 *(.init_array*)
 .init_array    0x08010f20        0x4 //?/C:/Users/Rosco/AppData/Local/stm32cube/bundles/gnu-tools-for-stm32/13.3.1+st.9/bin/../lib/gcc/arm-none-eabi/13.3.1/thumb/v8-m.main+fp/hard/crtbegin.o
                0x08010f24                        PROVIDE (__init_array_end = .)
                0x08010f28                        . = ALIGN (0x8)
 *fill*         0x08010f24        0x4 

.fini_array     0x08010f28        0x8
                0x08010f28                        . = ALIGN (0x8)
                [!provide]                        PROVIDE (__fini_array_start = .)
 *(SORT_BY_NAME(.fini_array.*))
 *(.fini_array*)
 .fini_array    0x08010f28        0x4 //?/C:/Users/Rosco/AppData/Local/stm32cube/bundles/gnu-tools-for-stm32/13.3.1+st.9/bin/../lib/gcc/arm-none-eabi/13.3.1/thumb/v8-m.main+fp/hard/crtbegin.o
                [!provide]                        PROVIDE (__fini_array_end = .)
                0x08010f30                        . = ALIGN (0x8)
 *fill*         0x08010f2c        0x4 
                0x08010f30                        _sidata = LOADADDR (.data)

.rel.dyn        0x08010f30        0x0
 .rel.iplt      0x08010f30        0x0 //?/C:/Users/Rosco/AppData/Local/stm32cube/bundles/gnu-tools-for-stm32/13.3.1+st.9/bin/../lib/gcc/arm-none-eabi/13.3.1/thumb/v8-m.main+fp/hard/crtbegin.o

.data           0x20000000       0x10 load address 0x08010f30
                0x20000000                        . = ALIGN (0x8)
                0x20000000                        _sdata = .
 *(.data)
 *(.data*)
 .data.g_dma_done
                0x20000000        0x1 CMakeFiles/peepshow_hw5_fw0.dir/Core/Src/LS013B7DH05.c.obj
 *fill*         0x20000001        0x3 
 .data.uwTickPrio
                0x20000004        0x4 CMakeFiles/peepshow_hw5_fw0.dir/Drivers/STM32U5xx_HAL_Driver/Src/stm32u5xx_hal.c.obj
                0x20000004                uwTickPrio
 .data.uwTickFreq
                0x20000008        0x1 CMakeFiles/peepshow_hw5_fw0.dir/Drivers/STM32U5xx_HAL_Driver/Src/stm32u5xx_hal.c.obj
                0x20000008                uwTickFreq
 *fill*         0x20000009        0x3 
 .data.SystemCoreClock
                0x2000000c        0x4 CMakeFiles/peepshow_hw5_fw0.dir/Core/Src/system_stm32u5xx.c.obj
                0x2000000c                SystemCoreClock
                0x20000010                        . = ALIGN (0x8)
                0x20000010                        _edata = .

.igot.plt       0x20000010        0x0 load address 0x08010f40
 .igot.plt      0x20000010        0x0 //?/C:/Users/Rosco/AppData/Local/stm32cube/bundles/gnu-tools-for-stm32/13.3.1+st.9/bin/../lib/gcc/arm-none-eabi/13.3.1/thumb/v8-m.main+fp/hard/crtbegin.o
                0x20000010                        . = ALIGN (0x8)

.bss            0x20000010     0x14f0 load address 0x08010f40
                0x20000010                        _sbss = .
                0x20000010                        __bss_start__ = _sbss
 *(.bss)
 .bss           0x20000010       0x1c //?/C:/Users/Rosco/AppData/Local/stm32cube/bundles/gnu-tools-for-stm32/13.3.1+st.9/bin/../lib/gcc/arm-none-eabi/13.3.1/thumb/v8-m.main+fp/hard/crtbegin.o
 *(.bss*)
 .bss.g_chain   0x2000002c       0x10 CMakeFiles/peepshow_hw5_fw0.dir/Core/Src/LS013B7DH05.c.obj
 .bss.hadc1     0x2000003c       0x8c CMakeFiles/peepshow_hw5_fw0.dir/Core/Src/main.c.obj
                0x2000003c                hadc1
 .bss.hi2c3     0x200000c8       0x54 CMakeFiles/peepshow_hw5_fw0.dir/Core/Src/main.c.obj
                0x200000c8                hi2c3
 .bss.hlptim1   0x2000011c       0x50 CMakeFiles/peepshow_hw5_fw0.dir/Core/Src/main.c.obj
                0x2000011c                hlptim1
 .bss.hospi1    0x2000016c       0x5c CMakeFiles/peepshow_hw5_fw0.dir/Core/Src/main.c.obj
                0x2000016c                hospi1
 .bss.handle_GPDMA1_Channel5
                0x200001c8       0x78 CMakeFiles/peepshow_hw5_fw0.dir/Core/Src/main.c.obj
                0x200001c8                handle_GPDMA1_Channel5
 .bss.handle_GPDMA1_Channel4
                0x20000240       0x78 CMakeFiles/peepshow_hw5_fw0.dir/Core/Src/main.c.obj
                0x20000240                handle_GPDMA1_Channel4
 .bss.hrtc      0x200002b8       0x30 CMakeFiles/peepshow_hw5_fw0.dir/Core/Src/main.c.obj
                0x200002b8                hrtc
 .bss.hsai_BlockA1
                0x200002e8       0x98 CMakeFiles/peepshow_hw5_fw0.dir/Core/Src/main.c.obj
                0x200002e8                hsai_BlockA1
 .bss.Node_GPDMA1_Channel3
                0x20000380       0x24 CMakeFiles/peepshow_hw5_fw0.dir/Core/Src/main.c.obj
                0x20000380                Node_GPDMA1_Channel3
 .bss.List_GPDMA1_Channel3
                0x200003a4       0x18 CMakeFiles/peepshow_hw5_fw0.dir/Core/Src/main.c.obj
                0x200003a4                List_GPDMA1_Channel3
 .bss.handle_GPDMA1_Channel3
                0x200003bc       0x78 CMakeFiles/peepshow_hw5_fw0.dir/Core/Src/main.c.obj
                0x200003bc                handle_GPDMA1_Channel3
 .bss.hspi3     0x20000434       0x90 CMakeFiles/peepshow_hw5_fw0.dir/Core/Src/main.c.obj
                0x20000434                hspi3
 .bss.handle_LPDMA1_Channel0
                0x200004c4       0x78 CMakeFiles/peepshow_hw5_fw0.dir/Core/Src/main.c.obj
                0x200004c4                handle_LPDMA1_Channel0
 .bss.g_ps_phase0b_pmic_probe
                0x2000053c      0x17c CMakeFiles/peepshow_hw5_fw0.dir/Core/Src/main.c.obj
                0x2000053c                g_ps_phase0b_pmic_probe
 .bss.g_ps_phase0_reset_clock_probe
                0x200006b8       0x48 CMakeFiles/peepshow_hw5_fw0.dir/Core/Src/main.c.obj
                0x200006b8                g_ps_phase0_reset_clock_probe
 .bss.g_ps_phase1_display_baseline_probe
                0x20000700       0x28 CMakeFiles/peepshow_hw5_fw0.dir/Core/Src/main.c.obj
                0x20000700                g_ps_phase1_display_baseline_probe
 .bss.g_ps_phase1_display_selftest_probe
                0x20000728       0x28 CMakeFiles/peepshow_hw5_fw0.dir/Core/Src/main.c.obj
                0x20000728                g_ps_phase1_display_selftest_probe
 .bss.g_ps_phase2_storage_probe
                0x20000750       0x80 CMakeFiles/peepshow_hw5_fw0.dir/Core/Src/main.c.obj
                0x20000750                g_ps_phase2_storage_probe
 .bss.g_ps_phase4_button_probe
                0x200007d0       0x64 CMakeFiles/peepshow_hw5_fw0.dir/Core/Src/main.c.obj
                0x200007d0                g_ps_phase4_button_probe
 .bss.g_ps_phase5_light_probe
                0x20000834       0x34 CMakeFiles/peepshow_hw5_fw0.dir/Core/Src/main.c.obj
                0x20000834                g_ps_phase5_light_probe
 .bss.g_ps_ospi_rx_dma_done
                0x20000868        0x1 CMakeFiles/peepshow_hw5_fw0.dir/Core/Src/main.c.obj
 .bss.g_ps_ospi_tx_dma_done
                0x20000869        0x1 CMakeFiles/peepshow_hw5_fw0.dir/Core/Src/main.c.obj
 .bss.g_ps_ospi_dma_error
                0x2000086a        0x1 CMakeFiles/peepshow_hw5_fw0.dir/Core/Src/main.c.obj
 *fill*         0x2000086b        0x1 
 .bss.g_ps_phase1_lcd
                0x2000086c        0x4 CMakeFiles/peepshow_hw5_fw0.dir/Core/Src/main.c.obj
 .bss.g_ps_phase1_display_renderer
                0x20000870      0xc84 CMakeFiles/peepshow_hw5_fw0.dir/Core/Src/main.c.obj
 .bss.initialized.2
                0x200014f4        0x1 CMakeFiles/peepshow_hw5_fw0.dir/Core/Src/main.c.obj
 .bss.phase.1   0x200014f5        0x1 CMakeFiles/peepshow_hw5_fw0.dir/Core/Src/main.c.obj
 *fill*         0x200014f6        0x2 
 .bss.SAI1_client
                0x200014f8        0x4 CMakeFiles/peepshow_hw5_fw0.dir/Core/Src/stm32u5xx_hal_msp.c.obj
 .bss.uwTick    0x200014fc        0x4 CMakeFiles/peepshow_hw5_fw0.dir/Drivers/STM32U5xx_HAL_Driver/Src/stm32u5xx_hal.c.obj
                0x200014fc                uwTick
 *(COMMON)
                0x20001500                        . = ALIGN (0x8)
                0x20001500                        _ebss = .
                0x20001500                        __bss_end__ = _ebss

._user_heap_stack
                0x20001500      0x600 load address 0x08010f40
                0x20001500                        . = ALIGN (0x8)
                [!provide]                        PROVIDE (end = .)
                0x20001500                        PROVIDE (_end = .)
                0x20001700                        . = (. + _Min_Heap_Size)
 *fill*         0x20001500      0x200 
                0x20001b00                        . = (. + _Min_Stack_Size)
 *fill*         0x20001700      0x400 
                0x20001b00                        . = ALIGN (0x8)

.sram4          0x28000000      0xd28
                0x28000000                        . = ALIGN (0x8)
 *(.sram4)
 .sram4         0x28000000      0xd22 CMakeFiles/peepshow_hw5_fw0.dir/Core/Src/LS013B7DH05.c.obj
 *(.sram4*)
                0x28000d28                        . = ALIGN (0x8)
 *fill*         0x28000d22        0x6 

/DISCARD/
 libc.a(*)
 libm.a(*)
 libgcc.a(*)

.ARM.attributes
                0x00000000       0x36
 *(.ARM.attributes)
 .ARM.attributes
                0x00000000       0x26 //?/C:/Users/Rosco/AppData/Local/stm32cube/bundles/gnu-tools-for-stm32/13.3.1+st.9/bin/../lib/gcc/arm-none-eabi/13.3.1/thumb/v8-m.main+fp/hard/crti.o
 .ARM.attributes
                0x00000026       0x38 //?/C:/Users/Rosco/AppData/Local/stm32cube/bundles/gnu-tools-for-stm32/13.3.1+st.9/bin/../lib/gcc/arm-none-eabi/13.3.1/thumb/v8-m.main+fp/hard/crtbegin.o
 .ARM.attributes
                0x0000005e       0x38 //?/C:/Users/Rosco/AppData/Local/stm32cube/bundles/gnu-tools-for-stm32/13.3.1+st.9/bin/../lib/gcc/arm-none-eabi/13.3.1/../../../../arm-none-eabi/lib/thumb/v8-m.main+fp/hard\libc_nano.a(libc_a-memset.o)
 .ARM.attributes
                0x00000096       0x38 //?/C:/Users/Rosco/AppData/Local/stm32cube/bundles/gnu-tools-for-stm32/13.3.1+st.9/bin/../lib/gcc/arm-none-eabi/13.3.1/../../../../arm-none-eabi/lib/thumb/v8-m.main+fp/hard\libc_nano.a(libc_a-init.o)
 .ARM.attributes
                0x000000ce       0x3a CMakeFiles/peepshow_hw5_fw0.dir/Core/Src/ADP5360.c.obj
 .ARM.attributes
                0x00000108       0x3a CMakeFiles/peepshow_hw5_fw0.dir/Core/Src/LS013B7DH05.c.obj
 .ARM.attributes
                0x00000142       0x3a CMakeFiles/peepshow_hw5_fw0.dir/Core/Src/ps_display_renderer.c.obj
 .ARM.attributes
                0x0000017c       0x3a CMakeFiles/peepshow_hw5_fw0.dir/Core/Src/main.c.obj
 .ARM.attributes
                0x000001b6       0x3a CMakeFiles/peepshow_hw5_fw0.dir/Core/Src/stm32u5xx_it.c.obj
 .ARM.attributes
                0x000001f0       0x3a CMakeFiles/peepshow_hw5_fw0.dir/Core/Src/stm32u5xx_hal_msp.c.obj
 .ARM.attributes
                0x0000022a       0x3a CMakeFiles/peepshow_hw5_fw0.dir/Drivers/STM32U5xx_HAL_Driver/Src/stm32u5xx_hal_adc.c.obj
 .ARM.attributes
                0x00000264       0x3a CMakeFiles/peepshow_hw5_fw0.dir/Drivers/STM32U5xx_HAL_Driver/Src/stm32u5xx_hal_adc_ex.c.obj
 .ARM.attributes
                0x0000029e       0x3a CMakeFiles/peepshow_hw5_fw0.dir/Drivers/STM32U5xx_HAL_Driver/Src/stm32u5xx_hal_dma.c.obj
 .ARM.attributes
                0x000002d8       0x3a CMakeFiles/peepshow_hw5_fw0.dir/Drivers/STM32U5xx_HAL_Driver/Src/stm32u5xx_hal_dma_ex.c.obj
 .ARM.attributes
                0x00000312       0x3a CMakeFiles/peepshow_hw5_fw0.dir/Drivers/STM32U5xx_HAL_Driver/Src/stm32u5xx_hal.c.obj
 .ARM.attributes
                0x0000034c       0x3a CMakeFiles/peepshow_hw5_fw0.dir/Drivers/STM32U5xx_HAL_Driver/Src/stm32u5xx_hal_i2c.c.obj
 .ARM.attributes
                0x00000386       0x3a CMakeFiles/peepshow_hw5_fw0.dir/Drivers/STM32U5xx_HAL_Driver/Src/stm32u5xx_hal_i2c_ex.c.obj
 .ARM.attributes
                0x000003c0       0x3a CMakeFiles/peepshow_hw5_fw0.dir/Drivers/STM32U5xx_HAL_Driver/Src/stm32u5xx_hal_rcc.c.obj
 .ARM.attributes
                0x000003fa       0x3a CMakeFiles/peepshow_hw5_fw0.dir/Drivers/STM32U5xx_HAL_Driver/Src/stm32u5xx_hal_rcc_ex.c.obj
 .ARM.attributes
                0x00000434       0x3a CMakeFiles/peepshow_hw5_fw0.dir/Drivers/STM32U5xx_HAL_Driver/Src/stm32u5xx_hal_cortex.c.obj
 .ARM.attributes
                0x0000046e       0x3a CMakeFiles/peepshow_hw5_fw0.dir/Drivers/STM32U5xx_HAL_Driver/Src/stm32u5xx_hal_gpio.c.obj
 .ARM.attributes
                0x000004a8       0x3a CMakeFiles/peepshow_hw5_fw0.dir/Drivers/STM32U5xx_HAL_Driver/Src/stm32u5xx_hal_pwr_ex.c.obj
 .ARM.attributes
                0x000004e2       0x3a CMakeFiles/peepshow_hw5_fw0.dir/Drivers/STM32U5xx_HAL_Driver/Src/stm32u5xx_hal_icache.c.obj
 .ARM.attributes
                0x0000051c       0x3a CMakeFiles/peepshow_hw5_fw0.dir/Drivers/STM32U5xx_HAL_Driver/Src/stm32u5xx_hal_lptim.c.obj
 .ARM.attributes
                0x00000556       0x3a CMakeFiles/peepshow_hw5_fw0.dir/Drivers/STM32U5xx_HAL_Driver/Src/stm32u5xx_hal_ospi.c.obj
 .ARM.attributes
                0x00000590       0x3a CMakeFiles/peepshow_hw5_fw0.dir/Drivers/STM32U5xx_HAL_Driver/Src/stm32u5xx_ll_dlyb.c.obj
 .ARM.attributes
                0x000005ca       0x3a CMakeFiles/peepshow_hw5_fw0.dir/Drivers/STM32U5xx_HAL_Driver/Src/stm32u5xx_hal_rtc.c.obj
 .ARM.attributes
                0x00000604       0x3a CMakeFiles/peepshow_hw5_fw0.dir/Drivers/STM32U5xx_HAL_Driver/Src/stm32u5xx_hal_rtc_ex.c.obj
 .ARM.attributes
                0x0000063e       0x3a CMakeFiles/peepshow_hw5_fw0.dir/Drivers/STM32U5xx_HAL_Driver/Src/stm32u5xx_hal_sai.c.obj
 .ARM.attributes
                0x00000678       0x3a CMakeFiles/peepshow_hw5_fw0.dir/Drivers/STM32U5xx_HAL_Driver/Src/stm32u5xx_hal_spi.c.obj
 .ARM.attributes
                0x000006b2       0x3a CMakeFiles/peepshow_hw5_fw0.dir/Drivers/STM32U5xx_HAL_Driver/Src/stm32u5xx_hal_spi_ex.c.obj
 .ARM.attributes
                0x000006ec       0x3a CMakeFiles/peepshow_hw5_fw0.dir/Core/Src/system_stm32u5xx.c.obj
 .ARM.attributes
                0x00000726       0x24 CMakeFiles/peepshow_hw5_fw0.dir/startup_stm32u575xx.s.obj
 .ARM.attributes
                0x0000074a       0x38 //?/C:/Users/Rosco/AppData/Local/stm32cube/bundles/gnu-tools-for-stm32/13.3.1+st.9/bin/../lib/gcc/arm-none-eabi/13.3.1/../../../../arm-none-eabi/lib/thumb/v8-m.main+fp/hard\libg_nano.a(libc_a-memcpy-stub.o)
 .ARM.attributes
                0x00000782       0x26 //?/C:/Users/Rosco/AppData/Local/stm32cube/bundles/gnu-tools-for-stm32/13.3.1+st.9/bin/../lib/gcc/arm-none-eabi/13.3.1/thumb/v8-m.main+fp/hard/crtn.o
OUTPUT(peepshow_hw5_fw0.elf elf32-littlearm)
LOAD linker stubs
LOAD //?/C:/Users/Rosco/AppData/Local/stm32cube/bundles/gnu-tools-for-stm32/13.3.1+st.9/bin/../lib/gcc/arm-none-eabi/13.3.1/../../../../arm-none-eabi/lib/thumb/v8-m.main+fp/hard\libc.a
LOAD //?/C:/Users/Rosco/AppData/Local/stm32cube/bundles/gnu-tools-for-stm32/13.3.1+st.9/bin/../lib/gcc/arm-none-eabi/13.3.1/../../../../arm-none-eabi/lib/thumb/v8-m.main+fp/hard\libm.a
LOAD //?/C:/Users/Rosco/AppData/Local/stm32cube/bundles/gnu-tools-for-stm32/13.3.1+st.9/bin/../lib/gcc/arm-none-eabi/13.3.1/thumb/v8-m.main+fp/hard\libgcc.a

.debug_frame    0x00000000     0xa0cc
 .debug_frame   0x00000000       0x20 //?/C:/Users/Rosco/AppData/Local/stm32cube/bundles/gnu-tools-for-stm32/13.3.1+st.9/bin/../lib/gcc/arm-none-eabi/13.3.1/../../../../arm-none-eabi/lib/thumb/v8-m.main+fp/hard\libc_nano.a(libc_a-memset.o)
 .debug_frame   0x00000020       0x2c //?/C:/Users/Rosco/AppData/Local/stm32cube/bundles/gnu-tools-for-stm32/13.3.1+st.9/bin/../lib/gcc/arm-none-eabi/13.3.1/../../../../arm-none-eabi/lib/thumb/v8-m.main+fp/hard\libc_nano.a(libc_a-init.o)
 .debug_frame   0x0000004c     0x1574 CMakeFiles/peepshow_hw5_fw0.dir/Core/Src/ADP5360.c.obj
 .debug_frame   0x000015c0      0x2fc CMakeFiles/peepshow_hw5_fw0.dir/Core/Src/LS013B7DH05.c.obj
 .debug_frame   0x000018bc      0x11c CMakeFiles/peepshow_hw5_fw0.dir/Core/Src/ps_display_renderer.c.obj
 .debug_frame   0x000019d8      0x6b4 CMakeFiles/peepshow_hw5_fw0.dir/Core/Src/main.c.obj
 .debug_frame   0x0000208c      0x238 CMakeFiles/peepshow_hw5_fw0.dir/Core/Src/stm32u5xx_it.c.obj
 .debug_frame   0x000022c4      0x26c CMakeFiles/peepshow_hw5_fw0.dir/Core/Src/stm32u5xx_hal_msp.c.obj
 .debug_frame   0x00002530      0xb94 CMakeFiles/peepshow_hw5_fw0.dir/Drivers/STM32U5xx_HAL_Driver/Src/stm32u5xx_hal_adc.c.obj
 .debug_frame   0x000030c4      0x6b8 CMakeFiles/peepshow_hw5_fw0.dir/Drivers/STM32U5xx_HAL_Driver/Src/stm32u5xx_hal_adc_ex.c.obj
 .debug_frame   0x0000377c      0x2a0 CMakeFiles/peepshow_hw5_fw0.dir/Drivers/STM32U5xx_HAL_Driver/Src/stm32u5xx_hal_dma.c.obj
 .debug_frame   0x00003a1c      0x754 CMakeFiles/peepshow_hw5_fw0.dir/Drivers/STM32U5xx_HAL_Driver/Src/stm32u5xx_hal_dma_ex.c.obj
 .debug_frame   0x00004170      0x500 CMakeFiles/peepshow_hw5_fw0.dir/Drivers/STM32U5xx_HAL_Driver/Src/stm32u5xx_hal.c.obj
 .debug_frame   0x00004670      0xc44 CMakeFiles/peepshow_hw5_fw0.dir/Drivers/STM32U5xx_HAL_Driver/Src/stm32u5xx_hal_i2c.c.obj
 .debug_frame   0x000052b4      0x150 CMakeFiles/peepshow_hw5_fw0.dir/Drivers/STM32U5xx_HAL_Driver/Src/stm32u5xx_hal_i2c_ex.c.obj
 .debug_frame   0x00005404      0x288 CMakeFiles/peepshow_hw5_fw0.dir/Drivers/STM32U5xx_HAL_Driver/Src/stm32u5xx_hal_rcc.c.obj
 .debug_frame   0x0000568c      0x5f0 CMakeFiles/peepshow_hw5_fw0.dir/Drivers/STM32U5xx_HAL_Driver/Src/stm32u5xx_hal_rcc_ex.c.obj
 .debug_frame   0x00005c7c      0x560 CMakeFiles/peepshow_hw5_fw0.dir/Drivers/STM32U5xx_HAL_Driver/Src/stm32u5xx_hal_cortex.c.obj
 .debug_frame   0x000061dc      0x1ec CMakeFiles/peepshow_hw5_fw0.dir/Drivers/STM32U5xx_HAL_Driver/Src/stm32u5xx_hal_gpio.c.obj
 .debug_frame   0x000063c8      0x84c CMakeFiles/peepshow_hw5_fw0.dir/Drivers/STM32U5xx_HAL_Driver/Src/stm32u5xx_hal_pwr_ex.c.obj
 .debug_frame   0x00006c14      0x298 CMakeFiles/peepshow_hw5_fw0.dir/Drivers/STM32U5xx_HAL_Driver/Src/stm32u5xx_hal_icache.c.obj
 .debug_frame   0x00006eac      0xaac CMakeFiles/peepshow_hw5_fw0.dir/Drivers/STM32U5xx_HAL_Driver/Src/stm32u5xx_hal_lptim.c.obj
 .debug_frame   0x00007958      0x768 CMakeFiles/peepshow_hw5_fw0.dir/Drivers/STM32U5xx_HAL_Driver/Src/stm32u5xx_hal_ospi.c.obj
 .debug_frame   0x000080c0       0x84 CMakeFiles/peepshow_hw5_fw0.dir/Drivers/STM32U5xx_HAL_Driver/Src/stm32u5xx_ll_dlyb.c.obj
 .debug_frame   0x00008144      0x3f8 CMakeFiles/peepshow_hw5_fw0.dir/Drivers/STM32U5xx_HAL_Driver/Src/stm32u5xx_hal_rtc.c.obj
 .debug_frame   0x0000853c      0xbc8 CMakeFiles/peepshow_hw5_fw0.dir/Drivers/STM32U5xx_HAL_Driver/Src/stm32u5xx_hal_rtc_ex.c.obj
 .debug_frame   0x00009104      0x69c CMakeFiles/peepshow_hw5_fw0.dir/Drivers/STM32U5xx_HAL_Driver/Src/stm32u5xx_hal_sai.c.obj
 .debug_frame   0x000097a0      0x7ac CMakeFiles/peepshow_hw5_fw0.dir/Drivers/STM32U5xx_HAL_Driver/Src/stm32u5xx_hal_spi.c.obj
 .debug_frame   0x00009f4c      0x100 CMakeFiles/peepshow_hw5_fw0.dir/Drivers/STM32U5xx_HAL_Driver/Src/stm32u5xx_hal_spi_ex.c.obj
 .debug_frame   0x0000a04c       0x58 CMakeFiles/peepshow_hw5_fw0.dir/Core/Src/system_stm32u5xx.c.obj
 .debug_frame   0x0000a0a4       0x28 //?/C:/Users/Rosco/AppData/Local/stm32cube/bundles/gnu-tools-for-stm32/13.3.1+st.9/bin/../lib/gcc/arm-none-eabi/13.3.1/../../../../arm-none-eabi/lib/thumb/v8-m.main+fp/hard\libg_nano.a(libc_a-memcpy-stub.o)

.debug_info     0x00000000    0x2b185
 .debug_info    0x00000000     0x46c0 CMakeFiles/peepshow_hw5_fw0.dir/Core/Src/ADP5360.c.obj
 .debug_info    0x000046c0     0x117f CMakeFiles/peepshow_hw5_fw0.dir/Core/Src/LS013B7DH05.c.obj
 .debug_info    0x0000583f      0xcb8 CMakeFiles/peepshow_hw5_fw0.dir/Core/Src/ps_display_renderer.c.obj
 .debug_info    0x000064f7     0x5dbf CMakeFiles/peepshow_hw5_fw0.dir/Core/Src/main.c.obj
 .debug_info    0x0000c2b6      0xf8c CMakeFiles/peepshow_hw5_fw0.dir/Core/Src/stm32u5xx_it.c.obj
 .debug_info    0x0000d242     0x3266 CMakeFiles/peepshow_hw5_fw0.dir/Core/Src/stm32u5xx_hal_msp.c.obj
 .debug_info    0x000104a8     0x26fe CMakeFiles/peepshow_hw5_fw0.dir/Drivers/STM32U5xx_HAL_Driver/Src/stm32u5xx_hal_adc.c.obj
 .debug_info    0x00012ba6     0x1dd8 CMakeFiles/peepshow_hw5_fw0.dir/Drivers/STM32U5xx_HAL_Driver/Src/stm32u5xx_hal_adc_ex.c.obj
 .debug_info    0x0001497e      0xb95 CMakeFiles/peepshow_hw5_fw0.dir/Drivers/STM32U5xx_HAL_Driver/Src/stm32u5xx_hal_dma.c.obj
 .debug_info    0x00015513     0x19af CMakeFiles/peepshow_hw5_fw0.dir/Drivers/STM32U5xx_HAL_Driver/Src/stm32u5xx_hal_dma_ex.c.obj
 .debug_info    0x00016ec2     0x127d CMakeFiles/peepshow_hw5_fw0.dir/Drivers/STM32U5xx_HAL_Driver/Src/stm32u5xx_hal.c.obj
 .debug_info    0x0001813f     0x23b4 CMakeFiles/peepshow_hw5_fw0.dir/Drivers/STM32U5xx_HAL_Driver/Src/stm32u5xx_hal_i2c.c.obj
 .debug_info    0x0001a4f3      0xaa0 CMakeFiles/peepshow_hw5_fw0.dir/Drivers/STM32U5xx_HAL_Driver/Src/stm32u5xx_hal_i2c_ex.c.obj
 .debug_info    0x0001af93     0x1280 CMakeFiles/peepshow_hw5_fw0.dir/Drivers/STM32U5xx_HAL_Driver/Src/stm32u5xx_hal_rcc.c.obj
 .debug_info    0x0001c213     0x162c CMakeFiles/peepshow_hw5_fw0.dir/Drivers/STM32U5xx_HAL_Driver/Src/stm32u5xx_hal_rcc_ex.c.obj
 .debug_info    0x0001d83f     0x16db CMakeFiles/peepshow_hw5_fw0.dir/Drivers/STM32U5xx_HAL_Driver/Src/stm32u5xx_hal_cortex.c.obj
 .debug_info    0x0001ef1a      0x8ff CMakeFiles/peepshow_hw5_fw0.dir/Drivers/STM32U5xx_HAL_Driver/Src/stm32u5xx_hal_gpio.c.obj
 .debug_info    0x0001f819      0xed3 CMakeFiles/peepshow_hw5_fw0.dir/Drivers/STM32U5xx_HAL_Driver/Src/stm32u5xx_hal_pwr_ex.c.obj
 .debug_info    0x000206ec      0x592 CMakeFiles/peepshow_hw5_fw0.dir/Drivers/STM32U5xx_HAL_Driver/Src/stm32u5xx_hal_icache.c.obj
 .debug_info    0x00020c7e     0x1987 CMakeFiles/peepshow_hw5_fw0.dir/Drivers/STM32U5xx_HAL_Driver/Src/stm32u5xx_hal_lptim.c.obj
 .debug_info    0x00022605     0x1ccc CMakeFiles/peepshow_hw5_fw0.dir/Drivers/STM32U5xx_HAL_Driver/Src/stm32u5xx_hal_ospi.c.obj
 .debug_info    0x000242d1      0x2e1 CMakeFiles/peepshow_hw5_fw0.dir/Drivers/STM32U5xx_HAL_Driver/Src/stm32u5xx_ll_dlyb.c.obj
 .debug_info    0x000245b2      0xead CMakeFiles/peepshow_hw5_fw0.dir/Drivers/STM32U5xx_HAL_Driver/Src/stm32u5xx_hal_rtc.c.obj
 .debug_info    0x0002545f     0x1b26 CMakeFiles/peepshow_hw5_fw0.dir/Drivers/STM32U5xx_HAL_Driver/Src/stm32u5xx_hal_rtc_ex.c.obj
 .debug_info    0x00026f85     0x159d CMakeFiles/peepshow_hw5_fw0.dir/Drivers/STM32U5xx_HAL_Driver/Src/stm32u5xx_hal_sai.c.obj
 .debug_info    0x00028522     0x1621 CMakeFiles/peepshow_hw5_fw0.dir/Drivers/STM32U5xx_HAL_Driver/Src/stm32u5xx_hal_spi.c.obj
 .debug_info    0x00029b43      0xb38 CMakeFiles/peepshow_hw5_fw0.dir/Drivers/STM32U5xx_HAL_Driver/Src/stm32u5xx_hal_spi_ex.c.obj
 .debug_info    0x0002a67b      0x9b9 CMakeFiles/peepshow_hw5_fw0.dir/Core/Src/system_stm32u5xx.c.obj
 .debug_info    0x0002b034       0x30 CMakeFiles/peepshow_hw5_fw0.dir/startup_stm32u575xx.s.obj
 .debug_info    0x0002b064      0x121 //?/C:/Users/Rosco/AppData/Local/stm32cube/bundles/gnu-tools-for-stm32/13.3.1+st.9/bin/../lib/gcc/arm-none-eabi/13.3.1/../../../../arm-none-eabi/lib/thumb/v8-m.main+fp/hard\libg_nano.a(libc_a-memcpy-stub.o)

.debug_abbrev   0x00000000     0x45cc
 .debug_abbrev  0x00000000      0x2fa CMakeFiles/peepshow_hw5_fw0.dir/Core/Src/ADP5360.c.obj
 .debug_abbrev  0x000002fa      0x30f CMakeFiles/peepshow_hw5_fw0.dir/Core/Src/LS013B7DH05.c.obj
 .debug_abbrev  0x00000609      0x226 CMakeFiles/peepshow_hw5_fw0.dir/Core/Src/ps_display_renderer.c.obj
 .debug_abbrev  0x0000082f      0x3eb CMakeFiles/peepshow_hw5_fw0.dir/Core/Src/main.c.obj
 .debug_abbrev  0x00000c1a      0x1f9 CMakeFiles/peepshow_hw5_fw0.dir/Core/Src/stm32u5xx_it.c.obj
 .debug_abbrev  0x00000e13      0x2d1 CMakeFiles/peepshow_hw5_fw0.dir/Core/Src/stm32u5xx_hal_msp.c.obj
 .debug_abbrev  0x000010e4      0x2e1 CMakeFiles/peepshow_hw5_fw0.dir/Drivers/STM32U5xx_HAL_Driver/Src/stm32u5xx_hal_adc.c.obj
 .debug_abbrev  0x000013c5      0x2f2 CMakeFiles/peepshow_hw5_fw0.dir/Drivers/STM32U5xx_HAL_Driver/Src/stm32u5xx_hal_adc_ex.c.obj